2026-04-30 17:40:42.698 +07:00 [INF] ✅ Kết nối Database thành công.
2026-04-30 17:40:42.752 +07:00 [INF] ⏳ Đang kiểm tra cấu trúc Database...
2026-04-30 17:40:43.182 +07:00 [INF] ✅ Cấu trúc Database đã sẵn sàng.
2026-04-30 17:40:43.209 +07:00 [INF] ✅ Checked/Created implicit cast for user_role
2026-04-30 17:40:43.215 +07:00 [INF] ✅ Checked/Created implicit cast for product_status
2026-04-30 17:40:43.218 +07:00 [INF] ⏳ Checking for admin user...
2026-04-30 17:40:43.280 +07:00 [INF] ✅ Admin check completed
2026-04-30 17:40:43.282 +07:00 [INF] ✅ Admin user already exists
2026-04-30 17:40:43.284 +07:00 [INF] ⏳ Checking for placeholder users...
2026-04-30 17:40:43.365 +07:00 [INF] ✅ Placeholder users check completed
2026-04-30 17:40:43.368 +07:00 [INF] ⏳ Checking SiteSettings...
2026-04-30 17:40:43.381 +07:00 [INF] ✅ SiteSettings already exists
2026-04-30 17:40:43.383 +07:00 [INF] ⏳ Checking for test data...
2026-04-30 17:40:43.408 +07:00 [INF] ⏭️ Test data already exists, skipping seeding.
2026-04-30 17:40:43.411 +07:00 [INF] ✅ Test data check completed
2026-04-30 17:40:43.413 +07:00 [INF] ✅ Database seeding completed successfully!
2026-04-30 17:40:51.030 +07:00 [INF] HTTP GET /css/site.css responded 304 in 10.1726 ms
2026-04-30 17:40:51.040 +07:00 [INF] HTTP GET /js/site.js responded 304 in 0.5116 ms
2026-04-30 17:40:51.305 +07:00 [INF] HTTP GET / responded 200 in 1303.7390 ms
2026-04-30 17:40:51.399 +07:00 [INF] HTTP POST /hubs/chat/negotiate responded 200 in 11.8914 ms
2026-04-30 17:40:51.441 +07:00 [INF] HTTP GET /uploads/banners/4d127b9d204a44b7a8770d9c5444fd11.png responded 304 in 0.1299 ms
2026-04-30 17:40:52.535 +07:00 [INF] HTTP GET /uploads/categories/may-cho-an.jpg responded 404 in 156.6358 ms
2026-04-30 17:40:52.536 +07:00 [INF] HTTP GET /uploads/categories/phu-kien.jpg responded 404 in 156.6234 ms
2026-04-30 17:40:52.536 +07:00 [INF] HTTP GET /uploads/categories/may-suc-khi.jpg responded 404 in 156.7188 ms
2026-04-30 17:40:52.536 +07:00 [INF] HTTP GET /uploads/categories/khung-ao.jpg responded 404 in 156.7531 ms
2026-04-30 17:41:01.803 +07:00 [INF] HTTP GET /admin responded 302 in 11.7647 ms
2026-04-30 17:41:01.886 +07:00 [INF] HTTP GET /dang-nhap responded 200 in 73.3431 ms
2026-04-30 17:41:02.185 +07:00 [INF] HTTP POST /hubs/chat/negotiate responded 200 in 0.5021 ms
2026-04-30 17:41:02.365 +07:00 [INF] HTTP GET /hubs/chat responded 101 in 9988.4201 ms
2026-04-30 17:41:05.417 +07:00 [INF] Đăng nhập thành công: admin@aquacms.com (Role: "SUPER_ADMIN")
2026-04-30 17:41:05.448 +07:00 [INF] HTTP POST /dang-nhap responded 302 in 1237.6332 ms
2026-04-30 17:41:05.756 +07:00 [INF] HTTP GET /admin responded 200 in 299.5409 ms
2026-04-30 17:41:05.763 +07:00 [INF] HTTP GET /hubs/chat responded 101 in 3408.7776 ms
2026-04-30 17:41:05.798 +07:00 [INF] HTTP GET /css/admin.css responded 304 in 0.2905 ms
2026-04-30 17:41:09.168 +07:00 [INF] HTTP GET / responded 200 in 60.0670 ms
2026-04-30 17:41:09.603 +07:00 [INF] HTTP POST /hubs/chat/negotiate responded 200 in 0.4926 ms
2026-04-30 17:41:10.461 +07:00 [INF] HTTP GET /uploads/categories/may-cho-an.jpg responded 404 in 7.9850 ms
2026-04-30 17:41:10.462 +07:00 [INF] HTTP GET /uploads/categories/may-suc-khi.jpg responded 404 in 3.2743 ms
2026-04-30 17:41:10.462 +07:00 [INF] HTTP GET /uploads/categories/khung-ao.jpg responded 404 in 2.0422 ms
2026-04-30 17:41:10.464 +07:00 [INF] HTTP GET /uploads/categories/phu-kien.jpg responded 404 in 3.9167 ms
2026-04-30 18:02:51.792 +07:00 [INF] HTTP GET /admin/banners responded 200 in 90.5147 ms
2026-04-30 18:02:53.020 +07:00 [INF] HTTP GET /admin/partnercategories responded 200 in 101.7262 ms
2026-04-30 18:02:54.222 +07:00 [INF] HTTP GET /admin/banners responded 200 in 10.7743 ms
2026-04-30 18:02:56.760 +07:00 [INF] HTTP GET /admin/banners/edit/143630b4-7733-49f3-89f3-26eb4bda6399 responded 200 in 82.4693 ms
2026-04-30 18:03:06.975 +07:00 [INF] HTTP GET /admin/banners/edit/af501759-fb65-429f-985f-d857fe6bd75b responded 200 in 7.1082 ms
2026-04-30 18:03:09.602 +07:00 [INF] HTTP GET /admin/messages responded 200 in 43.9864 ms
2026-04-30 18:03:11.467 +07:00 [INF] HTTP GET /admin/partnercategories responded 200 in 6.3397 ms
2026-04-30 18:03:13.146 +07:00 [INF] HTTP GET /admin/knowledgecategories responded 200 in 69.0669 ms
2026-04-30 18:03:14.155 +07:00 [INF] HTTP GET /admin/categories responded 200 in 34.0810 ms
2026-04-30 18:03:14.194 +07:00 [INF] HTTP GET /uploads/categories/may-cho-an.jpg responded 404 in 5.1085 ms
2026-04-30 18:03:14.202 +07:00 [INF] HTTP GET /uploads/categories/may-suc-khi.jpg responded 404 in 2.4211 ms
2026-04-30 18:03:14.203 +07:00 [INF] HTTP GET /uploads/categories/khung-ao.jpg responded 404 in 2.7538 ms
2026-04-30 18:03:14.204 +07:00 [INF] HTTP GET /uploads/categories/phu-kien.jpg responded 404 in 2.5889 ms
2026-04-30 18:03:15.591 +07:00 [INF] HTTP GET /admin/products responded 200 in 96.0566 ms
2026-04-30 18:03:16.364 +07:00 [INF] HTTP GET /admin responded 200 in 49.8460 ms
2026-04-30 18:03:20.444 +07:00 [INF] HTTP GET / responded 200 in 19.3412 ms
2026-04-30 18:03:20.446 +07:00 [INF] HTTP GET /hubs/chat responded 101 in 1330684.9704 ms
2026-04-30 18:03:20.763 +07:00 [INF] HTTP GET /uploads/categories/may-suc-khi.jpg responded 404 in 1.8256 ms
2026-04-30 18:03:20.763 +07:00 [INF] HTTP GET /uploads/categories/may-cho-an.jpg responded 404 in 1.8259 ms
2026-04-30 18:03:20.764 +07:00 [INF] HTTP GET /uploads/categories/khung-ao.jpg responded 404 in 1.9748 ms
2026-04-30 18:03:20.768 +07:00 [INF] HTTP GET /uploads/categories/phu-kien.jpg responded 404 in 2.1781 ms
2026-04-30 18:03:20.769 +07:00 [INF] HTTP POST /hubs/chat/negotiate responded 200 in 0.7265 ms
2026-04-30 18:03:34.113 +07:00 [INF] HTTP GET /danh-muc/may-cho-an responded 200 in 101.3607 ms
2026-04-30 18:03:34.353 +07:00 [INF] HTTP POST /hubs/chat/negotiate responded 200 in 0.7922 ms
2026-04-30 18:03:34.385 +07:00 [INF] HTTP GET /hubs/chat responded 101 in 13524.8038 ms
2026-04-30 18:03:35.051 +07:00 [INF] HTTP POST /hubs/chat/negotiate responded 200 in 0.5189 ms
2026-04-30 18:03:35.083 +07:00 [INF] HTTP GET /hubs/chat responded 101 in 668.6915 ms
2026-04-30 18:03:35.087 +07:00 [INF] HTTP GET /uploads/categories/khung-ao.jpg responded 404 in 1.4238 ms
2026-04-30 18:03:35.087 +07:00 [INF] HTTP GET /uploads/categories/phu-kien.jpg responded 404 in 1.2457 ms
2026-04-30 18:03:35.087 +07:00 [INF] HTTP GET /uploads/categories/may-cho-an.jpg responded 404 in 2.2526 ms
2026-04-30 18:03:35.087 +07:00 [INF] HTTP GET /uploads/categories/may-suc-khi.jpg responded 404 in 2.1711 ms
2026-04-30 18:03:42.748 +07:00 [INF] HTTP GET /san-pham responded 200 in 62.0857 ms
2026-04-30 18:03:42.909 +07:00 [INF] HTTP POST /hubs/chat/negotiate responded 200 in 0.2662 ms
2026-04-30 18:03:42.932 +07:00 [INF] HTTP GET /hubs/chat responded 101 in 7755.8236 ms
2026-04-30 18:03:45.581 +07:00 [INF] HTTP GET /kien-thuc responded 200 in 55.2219 ms
2026-04-30 18:03:45.772 +07:00 [INF] HTTP POST /hubs/chat/negotiate responded 200 in 0.2158 ms
2026-04-30 18:03:45.796 +07:00 [INF] HTTP GET /hubs/chat responded 101 in 2844.4835 ms
2026-04-30 18:03:46.828 +07:00 [INF] HTTP GET /doi-tac responded 200 in 55.7237 ms
2026-04-30 18:03:47.017 +07:00 [INF] HTTP POST /hubs/chat/negotiate responded 200 in 0.3707 ms
2026-04-30 18:03:47.035 +07:00 [INF] HTTP GET /hubs/chat responded 101 in 1224.4809 ms
2026-04-30 18:03:48.970 +07:00 [INF] HTTP GET /dat-ngon-ngu/vi responded 302 in 2.3848 ms
2026-04-30 18:03:48.987 +07:00 [INF] HTTP GET /doi-tac responded 200 in 8.0886 ms
2026-04-30 18:03:49.003 +07:00 [INF] HTTP GET /hubs/chat responded 101 in 1940.1690 ms
2026-04-30 18:03:49.181 +07:00 [INF] HTTP POST /hubs/chat/negotiate responded 200 in 0.7279 ms
2026-04-30 18:03:50.511 +07:00 [INF] HTTP GET /dat-ngon-ngu/en responded 302 in 0.3823 ms
2026-04-30 18:03:50.527 +07:00 [INF] HTTP GET /doi-tac responded 200 in 8.5268 ms
2026-04-30 18:03:50.542 +07:00 [INF] HTTP GET /hubs/chat responded 101 in 1327.7695 ms
2026-04-30 18:03:50.750 +07:00 [INF] HTTP POST /hubs/chat/negotiate responded 200 in 0.2236 ms
2026-04-30 18:03:51.815 +07:00 [INF] HTTP GET /dat-ngon-ngu/vi responded 302 in 0.8172 ms
2026-04-30 18:03:51.832 +07:00 [INF] HTTP GET /doi-tac responded 200 in 8.9436 ms
2026-04-30 18:03:51.847 +07:00 [INF] HTTP GET /hubs/chat responded 101 in 1068.4766 ms
2026-04-30 18:03:52.028 +07:00 [INF] HTTP POST /hubs/chat/negotiate responded 200 in 0.2053 ms
2026-04-30 18:03:52.553 +07:00 [INF] HTTP GET /dat-ngon-ngu/en responded 302 in 0.3814 ms
2026-04-30 18:03:52.573 +07:00 [INF] HTTP GET /doi-tac responded 200 in 8.2602 ms
2026-04-30 18:03:52.589 +07:00 [INF] HTTP GET /hubs/chat responded 101 in 533.3939 ms
2026-04-30 18:03:52.776 +07:00 [INF] HTTP POST /hubs/chat/negotiate responded 200 in 0.3087 ms
2026-04-30 18:03:54.098 +07:00 [INF] HTTP GET /gio-hang responded 200 in 25.9092 ms
2026-04-30 18:03:54.333 +07:00 [INF] HTTP POST /hubs/chat/negotiate responded 200 in 0.2278 ms
2026-04-30 18:03:54.354 +07:00 [INF] HTTP GET /hubs/chat responded 101 in 1547.5446 ms
2026-04-30 18:03:57.610 +07:00 [INF] HTTP POST /hubs/chat/negotiate responded 200 in 0.2709 ms
2026-04-30 18:03:57.635 +07:00 [INF] HTTP GET /hubs/chat responded 101 in 3222.9408 ms
2026-04-30 18:04:07.227 +07:00 [INF] HTTP GET /admin/settings responded 200 in 1379.6229 ms
2026-04-30 18:04:17.339 +07:00 [INF] HTTP GET / responded 200 in 13.3190 ms
2026-04-30 18:04:17.581 +07:00 [INF] HTTP GET /uploads/categories/may-cho-an.jpg responded 404 in 1.0321 ms
2026-04-30 18:04:17.583 +07:00 [INF] HTTP GET /uploads/categories/khung-ao.jpg responded 404 in 1.0123 ms
2026-04-30 18:04:17.583 +07:00 [INF] HTTP GET /uploads/categories/may-suc-khi.jpg responded 404 in 1.0634 ms
2026-04-30 18:04:17.584 +07:00 [INF] HTTP GET /uploads/categories/phu-kien.jpg responded 404 in 1.1886 ms
2026-04-30 18:04:17.590 +07:00 [INF] HTTP POST /hubs/chat/negotiate responded 200 in 0.3531 ms
2026-04-30 18:04:17.637 +07:00 [INF] HTTP GET /hubs/chat responded 101 in 19976.3962 ms
2026-04-30 18:04:17.973 +07:00 [INF] HTTP GET /san-pham responded 200 in 12.9652 ms
2026-04-30 18:04:18.123 +07:00 [INF] HTTP POST /hubs/chat/negotiate responded 200 in 0.2746 ms
2026-04-30 18:04:18.141 +07:00 [INF] HTTP GET /hubs/chat responded 101 in 434.3315 ms
2026-04-30 18:04:18.926 +07:00 [INF] HTTP GET /kien-thuc responded 200 in 12.2226 ms
2026-04-30 18:04:19.109 +07:00 [INF] HTTP POST /hubs/chat/negotiate responded 200 in 0.2260 ms
2026-04-30 18:04:19.131 +07:00 [INF] HTTP GET /hubs/chat responded 101 in 963.6634 ms
2026-04-30 18:04:19.785 +07:00 [INF] HTTP GET /doi-tac responded 200 in 9.2385 ms
2026-04-30 18:04:19.968 +07:00 [INF] HTTP POST /hubs/chat/negotiate responded 200 in 0.2762 ms
2026-04-30 18:04:19.989 +07:00 [INF] HTTP GET /hubs/chat responded 101 in 838.5650 ms
2026-04-30 18:04:20.761 +07:00 [INF] HTTP GET /san-pham responded 200 in 12.5079 ms
2026-04-30 18:04:20.972 +07:00 [INF] HTTP POST /hubs/chat/negotiate responded 200 in 0.3006 ms
2026-04-30 18:04:20.999 +07:00 [INF] HTTP GET /hubs/chat responded 101 in 987.2340 ms
2026-04-30 18:04:22.126 +07:00 [INF] HTTP GET /kien-thuc responded 200 in 10.4730 ms
2026-04-30 18:04:22.329 +07:00 [INF] HTTP POST /hubs/chat/negotiate responded 200 in 0.1785 ms
2026-04-30 18:04:22.349 +07:00 [INF] HTTP GET /hubs/chat responded 101 in 1316.1117 ms
2026-04-30 18:04:27.669 +07:00 [INF] HTTP GET /doi-tac responded 200 in 11.3648 ms
2026-04-30 18:04:27.876 +07:00 [INF] HTTP POST /hubs/chat/negotiate responded 200 in 0.2319 ms
2026-04-30 18:04:27.898 +07:00 [INF] HTTP GET /hubs/chat responded 101 in 5521.5265 ms
2026-04-30 18:04:31.752 +07:00 [INF] HTTP GET / responded 200 in 12.9692 ms
2026-04-30 18:04:31.993 +07:00 [INF] HTTP GET /uploads/categories/may-cho-an.jpg responded 404 in 1.3041 ms
2026-04-30 18:04:31.994 +07:00 [INF] HTTP GET /uploads/categories/phu-kien.jpg responded 404 in 0.9697 ms
2026-04-30 18:04:31.994 +07:00 [INF] HTTP GET /uploads/categories/may-suc-khi.jpg responded 404 in 1.2563 ms
2026-04-30 18:04:31.994 +07:00 [INF] HTTP GET /uploads/categories/khung-ao.jpg responded 404 in 1.4433 ms
2026-04-30 18:04:32.005 +07:00 [INF] HTTP POST /hubs/chat/negotiate responded 200 in 0.3276 ms
2026-04-30 18:04:32.048 +07:00 [INF] HTTP GET /hubs/chat responded 101 in 4124.1704 ms
2026-04-30 18:04:32.726 +07:00 [INF] HTTP GET /doi-tac responded 200 in 9.1199 ms
2026-04-30 18:04:32.895 +07:00 [INF] HTTP POST /hubs/chat/negotiate responded 200 in 0.1846 ms
2026-04-30 18:04:32.913 +07:00 [INF] HTTP GET /hubs/chat responded 101 in 750.6046 ms
2026-04-30 18:04:36.066 +07:00 [INF] HTTP GET / responded 200 in 11.5804 ms
2026-04-30 18:04:36.332 +07:00 [INF] HTTP GET /uploads/categories/may-cho-an.jpg responded 404 in 1.2117 ms
2026-04-30 18:04:36.333 +07:00 [INF] HTTP GET /uploads/categories/may-suc-khi.jpg responded 404 in 1.3484 ms
2026-04-30 18:04:36.333 +07:00 [INF] HTTP GET /uploads/categories/khung-ao.jpg responded 404 in 1.0885 ms
2026-04-30 18:04:36.334 +07:00 [INF] HTTP POST /hubs/chat/negotiate responded 200 in 0.2903 ms
2026-04-30 18:04:36.335 +07:00 [INF] HTTP GET /uploads/categories/phu-kien.jpg responded 404 in 1.5256 ms
2026-04-30 18:04:36.385 +07:00 [INF] HTTP GET /hubs/chat responded 101 in 3443.6236 ms
2026-04-30 18:04:46.228 +07:00 [INF] HTTP GET /admin/activity responded 200 in 105.9342 ms
2026-04-30 18:04:52.411 +07:00 [INF] HTTP GET /admin responded 200 in 32.2601 ms
2026-04-30 18:05:02.153 +07:00 [INF] HTTP GET /admin/messages responded 200 in 4.3389 ms
2026-04-30 18:05:24.243 +07:00 [INF] HTTP GET /admin/categories responded 200 in 4.3994 ms
2026-04-30 18:05:24.287 +07:00 [INF] HTTP GET /uploads/categories/may-cho-an.jpg responded 404 in 1.9153 ms
2026-04-30 18:05:24.288 +07:00 [INF] HTTP GET /uploads/categories/may-suc-khi.jpg responded 404 in 2.0317 ms
2026-04-30 18:05:24.298 +07:00 [INF] HTTP GET /uploads/categories/phu-kien.jpg responded 404 in 1.1662 ms
2026-04-30 18:05:24.299 +07:00 [INF] HTTP GET /uploads/categories/khung-ao.jpg responded 404 in 1.2764 ms
2026-04-30 18:05:25.251 +07:00 [INF] HTTP GET /admin/products responded 200 in 11.7901 ms
2026-04-30 18:05:25.997 +07:00 [INF] HTTP GET /admin/knowledge responded 200 in 53.6022 ms
2026-04-30 18:05:26.928 +07:00 [INF] HTTP GET /admin/knowledgecategories responded 200 in 5.5494 ms
2026-04-30 18:05:27.500 +07:00 [INF] HTTP GET /admin/categories responded 200 in 6.9237 ms
2026-04-30 18:05:27.539 +07:00 [INF] HTTP GET /uploads/categories/may-suc-khi.jpg responded 404 in 0.9085 ms
2026-04-30 18:05:27.539 +07:00 [INF] HTTP GET /uploads/categories/may-cho-an.jpg responded 404 in 0.9026 ms
2026-04-30 18:05:27.550 +07:00 [INF] HTTP GET /uploads/categories/phu-kien.jpg responded 404 in 0.6878 ms
2026-04-30 18:05:27.550 +07:00 [INF] HTTP GET /uploads/categories/khung-ao.jpg responded 404 in 0.7322 ms
2026-04-30 18:05:28.286 +07:00 [INF] HTTP GET /admin/products responded 200 in 12.7971 ms
2026-04-30 18:05:32.188 +07:00 [INF] HTTP GET /admin/products/edit/2d0b6fdc-0c41-4998-8663-69eb569961d2 responded 200 in 160.9670 ms
2026-04-30 18:05:37.138 +07:00 [INF] Cập nhật sản phẩm: Máy cho tôm ăn tự động 360° (ID: "2d0b6fdc-0c41-4998-8663-69eb569961d2")
2026-04-30 18:05:37.213 +07:00 [INF] HTTP POST /admin/products/edit/2d0b6fdc-0c41-4998-8663-69eb569961d2 responded 302 in 218.2696 ms
2026-04-30 18:05:37.237 +07:00 [INF] HTTP GET /admin/Products responded 200 in 11.8442 ms
2026-04-30 18:05:40.258 +07:00 [INF] HTTP GET / responded 200 in 19.6230 ms
2026-04-30 18:05:40.274 +07:00 [INF] HTTP GET /hubs/chat responded 101 in 63821.0984 ms
2026-04-30 18:05:40.540 +07:00 [INF] HTTP GET /uploads/categories/may-cho-an.jpg responded 404 in 1.0645 ms
2026-04-30 18:05:40.540 +07:00 [INF] HTTP GET /uploads/categories/may-suc-khi.jpg responded 404 in 0.9943 ms
2026-04-30 18:05:40.543 +07:00 [INF] HTTP GET /uploads/categories/phu-kien.jpg responded 404 in 0.7999 ms
2026-04-30 18:05:40.543 +07:00 [INF] HTTP GET /uploads/categories/khung-ao.jpg responded 404 in 0.9383 ms
2026-04-30 18:05:40.548 +07:00 [INF] HTTP POST /hubs/chat/negotiate responded 200 in 0.4307 ms
2026-04-30 18:05:40.651 +07:00 [INF] HTTP GET /favicon.ico responded 304 in 0.3372 ms
2026-04-30 18:05:46.612 +07:00 [INF] HTTP GET /admin/banners responded 200 in 5.6007 ms
2026-04-30 18:05:47.095 +07:00 [INF] HTTP GET /admin/messages responded 200 in 3.8517 ms
2026-04-30 18:05:47.938 +07:00 [INF] HTTP GET /admin/messages responded 200 in 3.1421 ms
2026-04-30 18:05:48.531 +07:00 [INF] HTTP GET /admin/messages responded 200 in 4.4264 ms
2026-04-30 18:05:48.842 +07:00 [INF] HTTP GET /admin/messages responded 200 in 2.7567 ms
2026-04-30 18:05:49.304 +07:00 [INF] HTTP GET /admin/messages responded 200 in 3.1589 ms
2026-04-30 18:05:50.001 +07:00 [INF] HTTP GET /admin/messages responded 200 in 3.7978 ms
2026-04-30 18:05:50.531 +07:00 [INF] HTTP GET /admin/messages responded 200 in 3.4032 ms
2026-04-30 18:05:51.121 +07:00 [INF] HTTP GET /admin/messages responded 200 in 3.4878 ms
2026-04-30 18:05:51.743 +07:00 [INF] HTTP GET /admin/messages responded 200 in 3.5563 ms
2026-04-30 18:05:52.087 +07:00 [INF] HTTP GET /admin/messages responded 200 in 2.3927 ms
2026-04-30 18:05:52.441 +07:00 [INF] HTTP GET /admin/messages responded 200 in 3.2925 ms
2026-04-30 18:05:52.828 +07:00 [INF] HTTP GET /admin/messages responded 200 in 3.4632 ms
2026-04-30 18:05:53.103 +07:00 [INF] HTTP GET /admin/messages responded 200 in 2.2605 ms
2026-04-30 18:05:56.687 +07:00 [INF] HTTP GET /admin/messages responded 200 in 3.2302 ms
2026-04-30 18:05:59.251 +07:00 [INF] HTTP GET /admin responded 200 in 30.3936 ms
2026-04-30 18:06:00.463 +07:00 [INF] HTTP GET /admin responded 200 in 37.6045 ms
2026-04-30 18:06:22.348 +07:00 [INF] HTTP GET /admin/knowledgecategories responded 200 in 4.7067 ms
2026-04-30 18:06:23.126 +07:00 [INF] HTTP GET /admin/partnercategories responded 200 in 7.4688 ms
2026-04-30 18:06:24.085 +07:00 [INF] HTTP GET /admin/banners responded 200 in 5.5181 ms
2026-04-30 18:06:24.618 +07:00 [INF] HTTP GET /admin/messages responded 200 in 4.6129 ms
2026-04-30 18:06:25.848 +07:00 [INF] HTTP GET /admin/banners responded 200 in 6.9527 ms
2026-04-30 18:06:30.320 +07:00 [INF] HTTP GET /admin/profile responded 200 in 29.0364 ms
2026-04-30 18:06:31.224 +07:00 [INF] HTTP GET /admin/activity responded 200 in 15.4166 ms
2026-04-30 18:12:33.823 +07:00 [INF] HTTP GET /hubs/chat responded 101 in 413188.5860 ms
2026-04-30 18:12:33.829 +07:00 [INF] HTTP POST /hubs/chat/negotiate responded 200 in 0.3347 ms
