2026-05-28 14:21:01.734 +07:00 [INF] HTTP GET /admin responded 200 in 2805.2227 ms
2026-05-28 14:21:01.766 +07:00 [INF] HTTP GET /uploads/products/a3fd234687c34a1ea6ee886a8ff9b826.png responded 304 in 15.2429 ms
2026-05-28 14:21:02.011 +07:00 [INF] HTTP POST /hubs/chat/negotiate responded 200 in 14.6099 ms
2026-05-28 14:21:04.927 +07:00 [INF] HTTP GET /hubs/chat responded 101 in 2795.6086 ms
2026-05-28 14:21:04.941 +07:00 [INF] HTTP GET /js/site.js responded 304 in 1.0338 ms
2026-05-28 14:21:05.115 +07:00 [INF] HTTP GET /uploads/banners/67f34fbb474a40cc917dbf8aff09e10a.jpg responded 304 in 0.1823 ms
2026-05-28 14:21:05.137 +07:00 [INF] HTTP GET / responded 200 in 838.7921 ms
2026-05-28 14:21:05.186 +07:00 [INF] HTTP GET /uploads/products/537f8ef47e18410a83fd4c7f90ba4b15.png responded 304 in 0.2338 ms
2026-05-28 14:21:05.187 +07:00 [INF] HTTP POST /hubs/chat/negotiate responded 200 in 1.1360 ms
2026-05-28 14:21:05.188 +07:00 [INF] HTTP GET /uploads/products/bfbac361eef54bf8b1437397ad1948d2.jpg responded 304 in 0.1830 ms
2026-05-28 14:21:05.190 +07:00 [INF] HTTP GET /uploads/categories/b55bb94d66a949bf97c3d09c83a1c82c.png responded 304 in 0.8081 ms
2026-05-28 14:21:07.330 +07:00 [INF] HTTP GET /admin responded 200 in 43.7391 ms
2026-05-28 14:21:07.336 +07:00 [INF] HTTP GET /hubs/chat responded 101 in 1978.0530 ms
2026-05-28 14:21:07.460 +07:00 [INF] HTTP POST /hubs/chat/negotiate responded 200 in 0.4589 ms
2026-05-28 14:21:10.238 +07:00 [INF] HTTP GET /admin/products responded 200 in 176.1795 ms
2026-05-28 14:21:10.249 +07:00 [INF] HTTP GET /uploads/products/b7892d4672864dccb7fba7cbde5a0784.png responded 304 in 0.2621 ms
2026-05-28 14:21:10.249 +07:00 [INF] HTTP GET /uploads/products/0436329f711843809208cf39c674fe5c.png responded 304 in 0.2358 ms
2026-05-28 14:21:10.273 +07:00 [INF] HTTP GET /uploads/products/8502915186fb4c1ab5e2c01608688aaa.jpg responded 304 in 0.2533 ms
2026-05-28 14:21:10.365 +07:00 [INF] HTTP POST /hubs/chat/negotiate responded 200 in 0.3222 ms
2026-05-28 14:21:10.419 +07:00 [INF] HTTP GET /hubs/chat responded 101 in 2888.6178 ms
2026-05-28 14:21:11.413 +07:00 [INF] HTTP GET /admin/products/edit/41fc5308-7aa8-4e52-83e2-95e355739baf responded 200 in 161.3723 ms
2026-05-28 14:21:11.419 +07:00 [INF] HTTP GET /hubs/chat responded 101 in 948.2216 ms
2026-05-28 14:21:11.601 +07:00 [INF] HTTP POST /hubs/chat/negotiate responded 200 in 0.5210 ms
2026-05-28 14:21:17.839 +07:00 [INF] Upload thành công: /uploads/content/64d534c5df1c4990b248640490fb4c19.png (34321 bytes)
2026-05-28 14:21:17.853 +07:00 [INF] HTTP POST /admin/api/upload responded 200 in 54.2729 ms
2026-05-28 14:21:17.881 +07:00 [INF] HTTP GET /uploads/content/64d534c5df1c4990b248640490fb4c19.png responded 200 in 19.3463 ms
2026-05-28 14:21:55.457 +07:00 [INF] Cập nhật sản phẩm: Bơm mưa FANTO SC-1,5 220V (ID: "41fc5308-7aa8-4e52-83e2-95e355739baf")
2026-05-28 14:21:55.559 +07:00 [INF] HTTP POST /admin/products/edit/41fc5308-7aa8-4e52-83e2-95e355739baf responded 302 in 232.1706 ms
2026-05-28 14:21:55.594 +07:00 [INF] HTTP GET /hubs/chat responded 101 in 43934.3159 ms
2026-05-28 14:21:55.595 +07:00 [INF] HTTP GET /admin/Products responded 200 in 29.4422 ms
2026-05-28 14:21:55.730 +07:00 [INF] HTTP POST /hubs/chat/negotiate responded 200 in 0.4199 ms
2026-05-28 14:21:57.524 +07:00 [INF] HTTP GET /san-pham/bom-mua-fanto-sc15-220v-22 responded 200 in 108.2765 ms
2026-05-28 14:21:57.768 +07:00 [INF] HTTP POST /hubs/chat/negotiate responded 200 in 0.5772 ms
2026-05-28 14:21:57.792 +07:00 [INF] HTTP GET /uploads/content/64d534c5df1c4990b248640490fb4c19.png responded 304 in 1.0718 ms
2026-05-28 14:22:00.228 +07:00 [INF] HTTP GET /uploads/products/a3fd234687c34a1ea6ee886a8ff9b826.png responded 200 in 9.8362 ms
2026-05-28 14:22:14.964 +07:00 [INF] HTTP GET /admin/products/edit/41fc5308-7aa8-4e52-83e2-95e355739baf responded 200 in 13.4883 ms
2026-05-28 14:22:14.970 +07:00 [INF] HTTP GET /hubs/chat responded 101 in 19167.8571 ms
2026-05-28 14:22:15.241 +07:00 [INF] HTTP GET /uploads/content/64d534c5df1c4990b248640490fb4c19.png responded 304 in 0.2106 ms
2026-05-28 14:22:15.247 +07:00 [INF] HTTP POST /hubs/chat/negotiate responded 200 in 0.7425 ms
2026-05-28 14:22:28.345 +07:00 [INF] Upload thành công: /uploads/content/3b844e38d39b4936a05b15df72f1cc29.png (651905 bytes)
2026-05-28 14:22:28.348 +07:00 [INF] HTTP POST /admin/api/upload responded 200 in 38.5628 ms
2026-05-28 14:22:28.359 +07:00 [INF] HTTP GET /uploads/content/3b844e38d39b4936a05b15df72f1cc29.png responded 200 in 4.3902 ms
2026-05-28 14:22:35.117 +07:00 [INF] Cập nhật sản phẩm: Bơm mưa FANTO SC-1,5 220V (ID: "41fc5308-7aa8-4e52-83e2-95e355739baf")
2026-05-28 14:22:35.124 +07:00 [INF] HTTP POST /admin/products/edit/41fc5308-7aa8-4e52-83e2-95e355739baf responded 302 in 39.4998 ms
2026-05-28 14:22:35.151 +07:00 [INF] HTTP GET /admin/Products responded 200 in 20.1785 ms
2026-05-28 14:22:35.158 +07:00 [INF] HTTP GET /hubs/chat responded 101 in 19866.0271 ms
2026-05-28 14:22:35.292 +07:00 [INF] HTTP POST /hubs/chat/negotiate responded 200 in 0.2751 ms
2026-05-28 14:22:37.475 +07:00 [INF] HTTP GET /san-pham/bom-mua-fanto-sc15-220v-22 responded 200 in 32.3320 ms
2026-05-28 14:22:37.481 +07:00 [INF] HTTP GET /hubs/chat responded 101 in 39637.2993 ms
2026-05-28 14:22:37.639 +07:00 [INF] HTTP POST /hubs/chat/negotiate responded 200 in 0.3245 ms
2026-05-28 14:22:37.659 +07:00 [INF] HTTP GET /uploads/content/64d534c5df1c4990b248640490fb4c19.png responded 304 in 0.3562 ms
2026-05-28 14:22:37.661 +07:00 [INF] HTTP GET /uploads/content/3b844e38d39b4936a05b15df72f1cc29.png responded 304 in 0.3912 ms
2026-05-28 14:22:54.487 +07:00 [INF] HTTP GET /admin/products/edit/41fc5308-7aa8-4e52-83e2-95e355739baf responded 200 in 12.7440 ms
2026-05-28 14:22:54.493 +07:00 [INF] HTTP GET /hubs/chat responded 101 in 19130.6138 ms
2026-05-28 14:22:54.643 +07:00 [INF] HTTP GET /uploads/content/3b844e38d39b4936a05b15df72f1cc29.png responded 304 in 0.1987 ms
2026-05-28 14:22:54.643 +07:00 [INF] HTTP GET /uploads/content/64d534c5df1c4990b248640490fb4c19.png responded 304 in 0.1988 ms
2026-05-28 14:22:54.648 +07:00 [INF] HTTP POST /hubs/chat/negotiate responded 200 in 0.5061 ms
2026-05-28 14:26:50.309 +07:00 [INF] Upload thành công: /uploads/content/62f25f463cfd4511bacb6fe7bb2c66b9.png (34321 bytes)
2026-05-28 14:26:50.311 +07:00 [INF] HTTP POST /admin/api/upload responded 200 in 4.3690 ms
2026-05-28 14:26:50.319 +07:00 [INF] HTTP GET /uploads/content/62f25f463cfd4511bacb6fe7bb2c66b9.png responded 200 in 2.0368 ms
2026-05-28 14:33:45.459 +07:00 [INF] HTTP POST /hubs/chat/negotiate responded 200 in 0.4421 ms
2026-05-28 14:33:45.459 +07:00 [INF] HTTP GET /hubs/chat responded 101 in 650758.9718 ms
2026-05-28 14:33:45.461 +07:00 [INF] HTTP POST /hubs/chat/negotiate responded 200 in 0.3867 ms
2026-05-28 14:33:45.459 +07:00 [INF] HTTP GET /hubs/chat responded 101 in 667748.6782 ms
2026-05-28 14:34:15.457 +07:00 [INF] HTTP GET /hubs/chat responded 101 in 29994.3383 ms
2026-05-28 14:37:16.921 +07:00 [INF] HTTP GET /admin/products/edit/41fc5308-7aa8-4e52-83e2-95e355739baf responded 200 in 3198.1127 ms
2026-05-28 14:37:17.206 +07:00 [INF] HTTP GET /uploads/content/64d534c5df1c4990b248640490fb4c19.png responded 304 in 3.7363 ms
2026-05-28 14:37:17.206 +07:00 [INF] HTTP GET /uploads/content/3b844e38d39b4936a05b15df72f1cc29.png responded 304 in 2.7914 ms
2026-05-28 14:37:17.208 +07:00 [INF] HTTP POST /hubs/chat/negotiate responded 200 in 7.8637 ms
2026-05-28 14:37:23.246 +07:00 [INF] HTTP POST /hubs/chat/negotiate responded 200 in 0.8794 ms
2026-05-28 14:37:23.269 +07:00 [INF] HTTP GET /uploads/content/3b844e38d39b4936a05b15df72f1cc29.png responded 304 in 0.2633 ms
2026-05-28 14:37:23.269 +07:00 [INF] HTTP GET /uploads/content/64d534c5df1c4990b248640490fb4c19.png responded 304 in 0.2634 ms
2026-05-28 14:37:23.292 +07:00 [INF] HTTP GET /san-pham/bom-mua-fanto-sc15-220v-22 responded 200 in 517.4312 ms
2026-05-28 14:39:40.656 +07:00 [INF] Upload thành công: /uploads/content/40820006d19746c88ecfe929410e4c5e.jpg (188743 bytes)
2026-05-28 14:39:40.669 +07:00 [INF] HTTP POST /admin/api/upload responded 200 in 61.1100 ms
2026-05-28 14:39:40.688 +07:00 [INF] HTTP GET /uploads/content/40820006d19746c88ecfe929410e4c5e.jpg responded 200 in 14.4251 ms
2026-05-28 14:39:51.797 +07:00 [INF] Upload thành công: /uploads/content/49e7ab3dfb8e44b5a863b5a15b349543.png (217265 bytes)
2026-05-28 14:39:51.799 +07:00 [INF] HTTP POST /admin/api/upload responded 200 in 10.8820 ms
2026-05-28 14:39:51.813 +07:00 [INF] HTTP GET /uploads/content/49e7ab3dfb8e44b5a863b5a15b349543.png responded 200 in 9.3491 ms
2026-05-28 14:39:59.148 +07:00 [INF] Upload thành công: /uploads/content/9add505fd5194ca688f0cadb25c23096.png (34321 bytes)
2026-05-28 14:39:59.150 +07:00 [INF] HTTP POST /admin/api/upload responded 200 in 19.5942 ms
2026-05-28 14:39:59.157 +07:00 [INF] HTTP GET /uploads/content/9add505fd5194ca688f0cadb25c23096.png responded 200 in 2.1000 ms
2026-05-28 14:40:20.509 +07:00 [INF] Cập nhật sản phẩm: Bơm mưa FANTO SC-1,5 220V (ID: "41fc5308-7aa8-4e52-83e2-95e355739baf")
2026-05-28 14:40:20.597 +07:00 [INF] HTTP POST /admin/products/edit/41fc5308-7aa8-4e52-83e2-95e355739baf responded 302 in 236.0681 ms
2026-05-28 14:40:20.709 +07:00 [INF] HTTP GET /admin/Products responded 200 in 105.6874 ms
2026-05-28 14:40:20.720 +07:00 [INF] HTTP GET /hubs/chat responded 101 in 183473.8107 ms
2026-05-28 14:40:20.980 +07:00 [INF] HTTP POST /hubs/chat/negotiate responded 200 in 0.3982 ms
2026-05-28 14:40:23.189 +07:00 [INF] HTTP GET /san-pham/bom-mua-fanto-sc15-220v-22 responded 200 in 34.8912 ms
2026-05-28 14:40:23.196 +07:00 [INF] HTTP GET /hubs/chat responded 101 in 179918.1511 ms
2026-05-28 14:40:23.334 +07:00 [INF] HTTP POST /hubs/chat/negotiate responded 200 in 0.3416 ms
2026-05-28 14:40:23.362 +07:00 [INF] HTTP GET /uploads/content/49e7ab3dfb8e44b5a863b5a15b349543.png responded 304 in 0.2103 ms
2026-05-28 14:40:23.362 +07:00 [INF] HTTP GET /uploads/content/9add505fd5194ca688f0cadb25c23096.png responded 304 in 0.2599 ms
2026-05-28 14:40:23.362 +07:00 [INF] HTTP GET /uploads/content/40820006d19746c88ecfe929410e4c5e.jpg responded 304 in 0.2991 ms
2026-05-28 14:43:07.250 +07:00 [INF] HTTP GET /uploads/products/a3fd234687c34a1ea6ee886a8ff9b826.png responded 200 in 1.6443 ms
2026-05-28 14:43:17.097 +07:00 [INF] HTTP GET /admin/products/edit/41fc5308-7aa8-4e52-83e2-95e355739baf responded 200 in 50.2436 ms
2026-05-28 14:43:17.103 +07:00 [INF] HTTP GET /hubs/chat responded 101 in 176065.9771 ms
2026-05-28 14:43:17.401 +07:00 [INF] HTTP POST /hubs/chat/negotiate responded 200 in 0.4543 ms
2026-05-28 14:43:17.406 +07:00 [INF] HTTP GET /uploads/content/9add505fd5194ca688f0cadb25c23096.png responded 304 in 0.2961 ms
2026-05-28 14:43:17.408 +07:00 [INF] HTTP GET /uploads/content/40820006d19746c88ecfe929410e4c5e.jpg responded 304 in 0.1526 ms
2026-05-28 14:43:17.408 +07:00 [INF] HTTP GET /uploads/content/49e7ab3dfb8e44b5a863b5a15b349543.png responded 304 in 0.2295 ms
2026-05-28 14:45:12.229 +07:00 [INF] HTTP GET /hubs/chat responded 101 in 288828.0111 ms
2026-05-28 14:45:12.230 +07:00 [INF] HTTP POST /hubs/chat/negotiate responded 200 in 0.4467 ms
2026-05-28 14:45:12.231 +07:00 [INF] HTTP POST /hubs/chat/negotiate responded 200 in 0.3729 ms
2026-05-28 14:45:12.232 +07:00 [INF] HTTP GET /hubs/chat responded 101 in 114784.1635 ms
2026-05-28 14:45:42.238 +07:00 [INF] HTTP GET /hubs/chat responded 101 in 30003.4427 ms
2026-05-28 14:46:14.947 +07:00 [INF] HTTP POST /hubs/chat/negotiate responded 200 in 61.4521 ms
2026-05-28 14:46:21.643 +07:00 [INF] HTTP GET /hubs/chat responded 101 in 6691.4107 ms
2026-05-28 14:46:21.791 +07:00 [INF] HTTP POST /hubs/chat/negotiate responded 200 in 0.9761 ms
2026-05-28 14:46:21.817 +07:00 [INF] HTTP GET /uploads/content/40820006d19746c88ecfe929410e4c5e.jpg responded 304 in 4.5112 ms
2026-05-28 14:46:21.817 +07:00 [INF] HTTP GET /uploads/content/49e7ab3dfb8e44b5a863b5a15b349543.png responded 304 in 4.5606 ms
2026-05-28 14:46:21.817 +07:00 [INF] HTTP GET /uploads/content/9add505fd5194ca688f0cadb25c23096.png responded 304 in 5.2312 ms
2026-05-28 14:46:21.914 +07:00 [INF] HTTP GET /san-pham/bom-mua-fanto-sc15-220v-22 responded 200 in 2068.4902 ms
2026-05-28 14:46:26.310 +07:00 [INF] HTTP GET / responded 200 in 315.1053 ms
2026-05-28 14:46:26.426 +07:00 [INF] HTTP POST /hubs/chat/negotiate responded 200 in 0.4876 ms
2026-05-28 14:46:26.502 +07:00 [INF] HTTP GET /hubs/chat responded 101 in 4679.8846 ms
2026-05-28 14:46:30.504 +07:00 [INF] HTTP GET /san-pham/may-tron-cam-fanto-4b-150l-12 responded 200 in 38.7110 ms
2026-05-28 14:46:30.605 +07:00 [INF] HTTP POST /hubs/chat/negotiate responded 200 in 0.3063 ms
2026-05-28 14:46:30.629 +07:00 [INF] HTTP GET /hubs/chat responded 101 in 4050.1198 ms
2026-05-28 14:46:38.348 +07:00 [INF] HTTP POST /hubs/chat/negotiate responded 200 in 0.3592 ms
2026-05-28 14:50:29.791 +07:00 [INF] Upload thành công: /uploads/content/8749743906e14e6fad7be3def428ce42.png (184734 bytes)
2026-05-28 14:50:29.803 +07:00 [INF] HTTP POST /admin/api/upload responded 200 in 69.1759 ms
2026-05-28 14:50:29.825 +07:00 [INF] HTTP GET /uploads/content/8749743906e14e6fad7be3def428ce42.png responded 200 in 15.2492 ms
2026-05-28 14:50:34.857 +07:00 [INF] Cập nhật sản phẩm: Bơm mưa FANTO SC-1,5 220V (ID: "41fc5308-7aa8-4e52-83e2-95e355739baf")
2026-05-28 14:50:34.933 +07:00 [INF] HTTP POST /admin/products/edit/41fc5308-7aa8-4e52-83e2-95e355739baf responded 302 in 224.6710 ms
2026-05-28 14:50:35.132 +07:00 [INF] HTTP GET /admin/Products responded 200 in 192.2094 ms
2026-05-28 14:50:35.137 +07:00 [INF] HTTP GET /hubs/chat responded 101 in 236785.6876 ms
2026-05-28 14:50:35.416 +07:00 [INF] HTTP POST /hubs/chat/negotiate responded 200 in 0.3380 ms
2026-05-28 14:50:38.374 +07:00 [INF] HTTP GET /san-pham/bom-mua-fanto-sc15-220v-22 responded 200 in 31.2204 ms
2026-05-28 14:50:38.634 +07:00 [INF] HTTP POST /hubs/chat/negotiate responded 200 in 0.4133 ms
2026-05-28 14:50:38.662 +07:00 [INF] HTTP GET /uploads/content/8749743906e14e6fad7be3def428ce42.png responded 304 in 0.8506 ms
2026-05-28 14:52:29.304 +07:00 [INF] HTTP GET /hubs/chat responded 101 in 358612.3639 ms
2026-05-28 14:52:32.754 +07:00 [INF] HTTP GET /san-pham/bom-mua-fanto-sc15-220v-22 responded 200 in 58.3741 ms
2026-05-28 14:52:32.999 +07:00 [INF] HTTP POST /hubs/chat/negotiate responded 200 in 0.3199 ms
2026-05-28 14:52:33.020 +07:00 [INF] HTTP GET /uploads/content/8749743906e14e6fad7be3def428ce42.png responded 304 in 0.1838 ms
2026-05-28 14:52:41.936 +07:00 [INF] HTTP GET /admin/products/edit/41fc5308-7aa8-4e52-83e2-95e355739baf responded 200 in 112.1514 ms
2026-05-28 14:52:41.942 +07:00 [INF] HTTP GET /hubs/chat responded 101 in 126460.0244 ms
2026-05-28 14:52:42.197 +07:00 [INF] HTTP POST /hubs/chat/negotiate responded 200 in 0.6003 ms
2026-05-28 15:14:26.088 +07:00 [INF] HTTP GET /hubs/chat responded 101 in 1427377.8062 ms
2026-05-28 15:14:26.089 +07:00 [INF] HTTP GET /hubs/chat responded 101 in 1303850.6554 ms
2026-05-28 15:14:26.091 +07:00 [INF] HTTP GET /hubs/chat responded 101 in 1313028.1561 ms
2026-05-28 15:14:26.093 +07:00 [INF] HTTP POST /hubs/chat/negotiate responded 200 in 0.3974 ms
2026-05-28 15:14:26.096 +07:00 [INF] HTTP POST /hubs/chat/negotiate responded 200 in 0.8002 ms
2026-05-28 15:16:52.051 +07:00 [INF] HTTP POST /hubs/chat/negotiate responded 200 in 11.3703 ms
2026-05-28 15:16:52.050 +07:00 [INF] HTTP GET /san-pham/bom-mua-fanto-sc15-220v-22 responded 200 in 2254.2827 ms
2026-05-28 15:16:52.114 +07:00 [INF] HTTP GET /uploads/content/8749743906e14e6fad7be3def428ce42.png responded 304 in 5.2245 ms
2026-05-28 15:16:54.539 +07:00 [INF] HTTP GET /uploads/products/a3fd234687c34a1ea6ee886a8ff9b826.png responded 200 in 9.2828 ms
2026-05-28 15:17:00.482 +07:00 [INF] HTTP GET /admin/products/edit/41fc5308-7aa8-4e52-83e2-95e355739baf responded 200 in 312.5438 ms
2026-05-28 15:17:00.784 +07:00 [INF] HTTP GET /uploads/content/8749743906e14e6fad7be3def428ce42.png responded 304 in 0.4320 ms
2026-05-28 15:17:00.791 +07:00 [INF] HTTP POST /hubs/chat/negotiate responded 200 in 0.6333 ms
2026-05-28 15:18:09.650 +07:00 [INF] Upload thành công: /uploads/content/b129dca4a5154f74a68d1dca0e243bc2.png (34321 bytes)
2026-05-28 15:18:09.663 +07:00 [INF] HTTP POST /admin/api/upload responded 200 in 47.3666 ms
2026-05-28 15:18:09.679 +07:00 [INF] HTTP GET /uploads/content/b129dca4a5154f74a68d1dca0e243bc2.png responded 200 in 8.6690 ms
2026-05-28 15:25:12.024 +07:00 [INF] HTTP POST /hubs/chat/negotiate responded 200 in 0.3589 ms
2026-05-28 15:25:12.027 +07:00 [INF] HTTP POST /hubs/chat/negotiate responded 200 in 0.2793 ms
2026-05-28 15:25:12.039 +07:00 [INF] HTTP GET /hubs/chat responded 101 in 499971.0232 ms
2026-05-28 15:25:12.039 +07:00 [INF] HTTP GET /hubs/chat responded 101 in 491195.7188 ms
2026-05-28 15:25:42.035 +07:00 [INF] HTTP GET /hubs/chat responded 101 in 30006.0352 ms
2026-05-28 15:26:08.428 +07:00 [INF] HTTP POST /hubs/chat/negotiate responded 200 in 51.4731 ms
2026-05-28 15:26:10.809 +07:00 [INF] HTTP POST /hubs/chat/negotiate responded 200 in 3.6498 ms
2026-05-28 15:27:23.506 +07:00 [INF] HTTP GET /hubs/chat responded 101 in 72694.3781 ms
2026-05-28 15:27:23.645 +07:00 [INF] HTTP POST /hubs/chat/negotiate responded 200 in 0.5002 ms
2026-05-28 15:27:23.669 +07:00 [INF] HTTP GET /uploads/content/8749743906e14e6fad7be3def428ce42.png responded 304 in 4.2949 ms
2026-05-28 15:27:23.758 +07:00 [INF] HTTP GET /san-pham/bom-mua-fanto-sc15-220v-22 responded 200 in 2028.8476 ms
2026-05-28 15:32:11.321 +07:00 [INF] HTTP GET /hubs/chat responded 101 in 362890.4657 ms
2026-05-28 15:32:11.321 +07:00 [INF] HTTP GET /hubs/chat responded 101 in 287649.0605 ms
2026-05-28 15:32:11.322 +07:00 [INF] HTTP POST /hubs/chat/negotiate responded 200 in 0.7011 ms
2026-05-28 15:32:11.325 +07:00 [INF] HTTP POST /hubs/chat/negotiate responded 200 in 0.5728 ms
2026-05-28 15:33:08.433 +07:00 [INF] HTTP POST /hubs/chat/negotiate responded 200 in 50.4338 ms
2026-05-28 15:33:12.340 +07:00 [INF] HTTP POST /hubs/chat/negotiate responded 200 in 3.7271 ms
2026-05-28 15:33:17.444 +07:00 [INF] HTTP GET /admin/products/edit/41fc5308-7aa8-4e52-83e2-95e355739baf responded 200 in 1963.6516 ms
2026-05-28 15:33:17.452 +07:00 [INF] HTTP GET /hubs/chat responded 101 in 9015.2100 ms
2026-05-28 15:33:17.910 +07:00 [INF] HTTP POST /hubs/chat/negotiate responded 200 in 0.4432 ms
2026-05-28 15:33:17.917 +07:00 [INF] HTTP GET /uploads/content/8749743906e14e6fad7be3def428ce42.png responded 304 in 4.0689 ms
2026-05-28 15:37:15.162 +07:00 [INF] HTTP GET /hubs/chat responded 101 in 242817.9820 ms
2026-05-28 15:37:15.162 +07:00 [INF] HTTP GET /hubs/chat responded 101 in 237190.9667 ms
2026-05-28 15:37:15.167 +07:00 [INF] HTTP POST /hubs/chat/negotiate responded 200 in 0.8918 ms
2026-05-28 15:37:28.462 +07:00 [INF] HTTP POST /hubs/chat/negotiate responded 200 in 70.1423 ms
2026-05-28 15:37:28.472 +07:00 [INF] HTTP POST /hubs/chat/negotiate responded 200 in 7.8107 ms
2026-05-28 15:37:30.483 +07:00 [INF] HTTP GET /admin/products/edit/41fc5308-7aa8-4e52-83e2-95e355739baf responded 200 in 2093.9343 ms
2026-05-28 15:37:30.493 +07:00 [INF] HTTP GET /hubs/chat responded 101 in 2027.1399 ms
2026-05-28 15:37:30.741 +07:00 [INF] HTTP POST /hubs/chat/negotiate responded 200 in 0.4904 ms
2026-05-28 15:37:35.922 +07:00 [INF] HTTP GET /admin/banners responded 200 in 171.9822 ms
2026-05-28 15:37:35.930 +07:00 [INF] HTTP GET /hubs/chat responded 101 in 5147.0262 ms
2026-05-28 15:37:36.058 +07:00 [INF] HTTP POST /hubs/chat/negotiate responded 200 in 0.3749 ms
2026-05-28 15:37:38.988 +07:00 [INF] HTTP GET /admin/banners/edit/7e23adb0-6043-4dee-9e0a-53d35395aaea responded 200 in 92.6255 ms
2026-05-28 15:37:38.994 +07:00 [INF] HTTP GET /hubs/chat responded 101 in 2897.5335 ms
2026-05-28 15:37:39.114 +07:00 [INF] HTTP POST /hubs/chat/negotiate responded 200 in 0.6513 ms
2026-05-28 15:38:08.026 +07:00 [INF] HTTP GET /uploads/products/a3fd234687c34a1ea6ee886a8ff9b826.png responded 200 in 7.8988 ms
2026-05-28 15:38:31.661 +07:00 [INF] HTTP POST /admin/banners/edit/7e23adb0-6043-4dee-9e0a-53d35395aaea responded 302 in 210.8778 ms
2026-05-28 15:38:31.678 +07:00 [INF] HTTP GET /admin/Banners responded 200 in 9.3794 ms
2026-05-28 15:38:31.685 +07:00 [INF] HTTP GET /hubs/chat responded 101 in 52526.2218 ms
2026-05-28 15:38:31.913 +07:00 [INF] HTTP POST /hubs/chat/negotiate responded 200 in 0.2638 ms
2026-05-28 15:38:36.529 +07:00 [INF] HTTP GET /admin/banners/edit/7e23adb0-6043-4dee-9e0a-53d35395aaea responded 200 in 9.0169 ms
2026-05-28 15:38:36.536 +07:00 [INF] HTTP GET /hubs/chat responded 101 in 4588.3865 ms
2026-05-28 15:38:36.652 +07:00 [INF] HTTP POST /hubs/chat/negotiate responded 200 in 0.3454 ms
2026-05-28 15:38:38.856 +07:00 [INF] HTTP GET /admin/banners responded 200 in 9.7846 ms
2026-05-28 15:38:38.863 +07:00 [INF] HTTP GET /hubs/chat responded 101 in 2172.6152 ms
2026-05-28 15:38:38.961 +07:00 [INF] HTTP POST /hubs/chat/negotiate responded 200 in 0.5815 ms
2026-05-28 15:38:40.151 +07:00 [INF] HTTP GET /admin/banners/edit/21b6e179-04fc-4c2c-a112-cda67d47ff43 responded 200 in 7.3584 ms
2026-05-28 15:38:40.157 +07:00 [INF] HTTP GET /hubs/chat responded 101 in 1154.1910 ms
2026-05-28 15:38:40.258 +07:00 [INF] HTTP POST /hubs/chat/negotiate responded 200 in 0.3786 ms
2026-05-28 15:38:44.881 +07:00 [INF] HTTP POST /admin/banners/edit/21b6e179-04fc-4c2c-a112-cda67d47ff43 responded 302 in 16.3717 ms
2026-05-28 15:38:44.894 +07:00 [INF] HTTP GET /admin/Banners responded 200 in 7.2533 ms
2026-05-28 15:38:44.902 +07:00 [INF] HTTP GET /hubs/chat responded 101 in 4605.1464 ms
2026-05-28 15:38:44.996 +07:00 [INF] HTTP POST /hubs/chat/negotiate responded 200 in 0.4194 ms
2026-05-28 15:38:47.849 +07:00 [INF] HTTP GET / responded 200 in 322.0293 ms
2026-05-28 15:38:48.008 +07:00 [INF] HTTP POST /hubs/chat/negotiate responded 200 in 0.2676 ms
2026-05-28 15:38:48.050 +07:00 [INF] HTTP GET /hubs/chat responded 101 in 79548.8973 ms
2026-05-28 15:38:48.928 +07:00 [INF] HTTP GET /san-pham/bom-mua-fanto-sc15-220v-22 responded 200 in 145.1314 ms
2026-05-28 15:38:49.040 +07:00 [INF] HTTP POST /hubs/chat/negotiate responded 200 in 0.2992 ms
2026-05-28 15:38:49.059 +07:00 [INF] HTTP GET /hubs/chat responded 101 in 922.5725 ms
2026-05-28 15:38:49.065 +07:00 [INF] HTTP GET /uploads/content/8749743906e14e6fad7be3def428ce42.png responded 304 in 1.0570 ms
2026-05-28 15:38:55.269 +07:00 [INF] HTTP GET /admin/banners/edit/7e23adb0-6043-4dee-9e0a-53d35395aaea responded 200 in 8.1706 ms
2026-05-28 15:38:55.276 +07:00 [INF] HTTP GET /hubs/chat responded 101 in 10250.0414 ms
2026-05-28 15:38:55.391 +07:00 [INF] HTTP POST /hubs/chat/negotiate responded 200 in 0.2600 ms
2026-05-28 15:39:32.265 +07:00 [INF] HTTP GET /hubs/chat responded 101 in 36836.0795 ms
2026-05-28 15:39:32.266 +07:00 [INF] HTTP GET /admin/products responded 200 in 99.8085 ms
2026-05-28 15:39:32.480 +07:00 [INF] HTTP POST /hubs/chat/negotiate responded 200 in 0.2567 ms
2026-05-28 15:39:34.051 +07:00 [INF] HTTP GET /admin/products/edit/41fc5308-7aa8-4e52-83e2-95e355739baf responded 200 in 13.3130 ms
2026-05-28 15:39:34.057 +07:00 [INF] HTTP GET /hubs/chat responded 101 in 1515.7589 ms
2026-05-28 15:39:34.208 +07:00 [INF] HTTP POST /hubs/chat/negotiate responded 200 in 0.3263 ms
2026-05-28 15:41:32.544 +07:00 [INF] HTTP GET / responded 200 in 25.9808 ms
2026-05-28 15:41:32.758 +07:00 [INF] HTTP POST /hubs/chat/negotiate responded 200 in 0.2712 ms
2026-05-28 15:41:32.812 +07:00 [INF] HTTP GET /hubs/chat responded 101 in 163714.6448 ms
2026-05-28 15:43:07.914 +07:00 [INF] HTTP GET /uploads/knowledge/9351855ca1734dfa916cf301e0616184.png responded 304 in 0.2800 ms
2026-05-28 15:50:19.424 +07:00 [INF] HTTP GET / responded 200 in 64.6423 ms
2026-05-28 15:50:19.427 +07:00 [INF] HTTP GET /hubs/chat responded 101 in 526531.9384 ms
2026-05-28 15:50:19.570 +07:00 [INF] HTTP POST /hubs/chat/negotiate responded 200 in 0.3307 ms
2026-05-28 15:53:19.646 +07:00 [INF] Upload thành công: /uploads/content/fcec6f609d984ea5b1e117942ea5769e.png (34321 bytes)
2026-05-28 15:53:19.657 +07:00 [INF] HTTP POST /admin/api/upload responded 200 in 32.2869 ms
2026-05-28 15:53:19.677 +07:00 [INF] HTTP GET /uploads/content/fcec6f609d984ea5b1e117942ea5769e.png responded 200 in 13.1541 ms
2026-05-28 16:02:02.160 +07:00 [INF] HTTP GET / responded 200 in 80.6752 ms
2026-05-28 16:02:02.167 +07:00 [INF] HTTP GET /hubs/chat responded 101 in 702466.9404 ms
2026-05-28 16:02:02.316 +07:00 [INF] HTTP POST /hubs/chat/negotiate responded 200 in 1.0051 ms
2026-05-28 16:04:23.899 +07:00 [INF] HTTP GET /hubs/chat responded 101 in 141458.3706 ms
2026-05-28 16:04:23.902 +07:00 [INF] HTTP POST /hubs/chat/negotiate responded 200 in 0.2745 ms
2026-05-28 16:04:23.904 +07:00 [INF] HTTP POST /hubs/chat/negotiate responded 200 in 0.2481 ms
2026-05-28 16:04:23.909 +07:00 [INF] HTTP GET /hubs/chat responded 101 in 1489647.3147 ms
2026-05-28 16:04:53.903 +07:00 [INF] HTTP GET /hubs/chat responded 101 in 29996.2152 ms
2026-05-28 16:08:12.705 +07:00 [INF] HTTP GET /admin/products/edit/41fc5308-7aa8-4e52-83e2-95e355739baf responded 200 in 2004.7753 ms
2026-05-28 16:08:26.527 +07:00 [INF] HTTP GET /admin/products/edit/41fc5308-7aa8-4e52-83e2-95e355739baf responded 200 in 102.3958 ms
2026-05-28 16:12:41.448 +07:00 [INF] HTTP GET /admin/products/edit/41fc5308-7aa8-4e52-83e2-95e355739baf responded 200 in 1915.3836 ms
2026-05-28 16:12:41.698 +07:00 [INF] HTTP GET /uploads/content/8749743906e14e6fad7be3def428ce42.png responded 304 in 3.0351 ms
2026-05-28 16:13:37.614 +07:00 [INF] Upload thành công: /uploads/content/f521e6f2539043ec836c8de503b5d256.png (34321 bytes)
2026-05-28 16:13:37.632 +07:00 [INF] HTTP POST /admin/api/upload responded 200 in 73.3249 ms
2026-05-28 16:13:37.654 +07:00 [INF] HTTP GET /uploads/content/f521e6f2539043ec836c8de503b5d256.png responded 200 in 15.4561 ms
2026-05-28 16:22:46.498 +07:00 [INF] HTTP GET /admin/products/edit/41fc5308-7aa8-4e52-83e2-95e355739baf responded 200 in 1965.5104 ms
2026-05-28 16:25:40.577 +07:00 [INF] HTTP GET /admin/products/edit/41fc5308-7aa8-4e52-83e2-95e355739baf responded 200 in 100.6094 ms
2026-05-28 16:27:43.294 +07:00 [INF] HTTP GET /admin/products/edit/41fc5308-7aa8-4e52-83e2-95e355739baf responded 200 in 1967.3997 ms
2026-05-28 16:27:43.302 +07:00 [INF] HTTP GET /uploads/products/a3fd234687c34a1ea6ee886a8ff9b826.png responded 304 in 4.3007 ms
2026-05-28 16:31:32.045 +07:00 [INF] HTTP GET /admin/products/edit/41fc5308-7aa8-4e52-83e2-95e355739baf responded 200 in 1974.4582 ms
2026-05-28 16:34:36.162 +07:00 [INF] HTTP GET /admin/products/edit/41fc5308-7aa8-4e52-83e2-95e355739baf responded 200 in 1961.0311 ms
2026-05-28 16:34:36.407 +07:00 [INF] HTTP GET /uploads/content/8749743906e14e6fad7be3def428ce42.png responded 304 in 4.0059 ms
2026-05-28 16:34:36.410 +07:00 [INF] HTTP POST /hubs/chat/negotiate responded 200 in 7.8176 ms
2026-05-28 16:34:49.008 +07:00 [INF] Upload thành công: /uploads/content/4ef3e4f7f5aa4333bf594447073e0316.png (34321 bytes)
2026-05-28 16:34:49.026 +07:00 [INF] HTTP POST /admin/api/upload responded 200 in 55.1440 ms
2026-05-28 16:34:49.047 +07:00 [INF] HTTP GET /uploads/content/4ef3e4f7f5aa4333bf594447073e0316.png responded 200 in 14.4165 ms
2026-05-28 16:42:24.667 +07:00 [INF] HTTP POST /hubs/chat/negotiate responded 200 in 0.6328 ms
2026-05-28 16:42:24.673 +07:00 [INF] HTTP GET /hubs/chat responded 101 in 468213.7631 ms
2026-05-28 16:42:54.669 +07:00 [INF] HTTP GET /hubs/chat responded 101 in 29998.3882 ms
2026-05-28 16:45:13.484 +07:00 [INF] HTTP GET /uploads/products/537f8ef47e18410a83fd4c7f90ba4b15.png responded 304 in 4.7706 ms
2026-05-28 16:45:13.484 +07:00 [INF] HTTP GET /uploads/products/bfbac361eef54bf8b1437397ad1948d2.jpg responded 304 in 4.7553 ms
2026-05-28 16:45:13.484 +07:00 [INF] HTTP GET /uploads/products/a3fd234687c34a1ea6ee886a8ff9b826.png responded 304 in 3.9968 ms
2026-05-28 16:45:13.484 +07:00 [INF] HTTP GET /uploads/products/8502915186fb4c1ab5e2c01608688aaa.jpg responded 304 in 4.7707 ms
2026-05-28 16:45:13.484 +07:00 [INF] HTTP GET /uploads/categories/b55bb94d66a949bf97c3d09c83a1c82c.png responded 304 in 4.8132 ms
2026-05-28 16:45:13.602 +07:00 [INF] HTTP POST /hubs/chat/negotiate responded 200 in 20.8339 ms
2026-05-28 16:45:13.724 +07:00 [INF] HTTP GET / responded 200 in 2431.9484 ms
2026-05-28 16:50:55.237 +07:00 [INF] HTTP POST /hubs/chat/negotiate responded 200 in 0.7743 ms
2026-05-28 16:50:55.241 +07:00 [INF] HTTP GET /hubs/chat responded 101 in 341577.6466 ms
2026-05-28 16:51:25.235 +07:00 [INF] HTTP GET /hubs/chat responded 101 in 29992.6262 ms
2026-05-28 16:51:51.432 +07:00 [INF] HTTP POST /hubs/chat/negotiate responded 200 in 47.3879 ms
2026-05-28 16:53:30.596 +07:00 [INF] HTTP GET /hubs/chat responded 101 in 99160.3775 ms
2026-05-28 16:53:30.752 +07:00 [INF] HTTP POST /hubs/chat/negotiate responded 200 in 0.8733 ms
2026-05-28 16:53:30.858 +07:00 [INF] HTTP GET / responded 200 in 2188.3585 ms
2026-05-28 16:54:01.304 +07:00 [INF] HTTP GET /.well-known/appspecific/com.chrome.devtools.json responded 404 in 83.7622 ms
2026-05-28 16:54:27.070 +07:00 [INF] HTTP GET / responded 200 in 49.1022 ms
2026-05-28 16:54:27.078 +07:00 [INF] HTTP GET /hubs/chat responded 101 in 56266.9811 ms
2026-05-28 16:54:27.179 +07:00 [INF] HTTP GET /.well-known/appspecific/com.chrome.devtools.json responded 404 in 5.1842 ms
2026-05-28 16:54:27.354 +07:00 [INF] HTTP POST /hubs/chat/negotiate responded 200 in 0.4078 ms
2026-05-28 16:57:08.446 +07:00 [INF] HTTP GET /admin/banners responded 200 in 70.8487 ms
2026-05-28 16:57:08.650 +07:00 [INF] HTTP POST /hubs/chat/negotiate responded 200 in 0.3026 ms
2026-05-28 16:57:10.277 +07:00 [INF] HTTP GET /admin/messages responded 200 in 38.6407 ms
2026-05-28 16:57:10.285 +07:00 [INF] HTTP GET /hubs/chat responded 101 in 1588.0914 ms
2026-05-28 16:57:10.388 +07:00 [INF] HTTP POST /hubs/chat/negotiate responded 200 in 0.6048 ms
2026-05-28 16:57:21.951 +07:00 [INF] HTTP GET /admin/messages responded 200 in 8.8413 ms
2026-05-28 16:57:21.957 +07:00 [INF] HTTP GET /hubs/chat responded 101 in 11528.5260 ms
2026-05-28 16:57:22.044 +07:00 [INF] HTTP POST /hubs/chat/negotiate responded 200 in 0.6340 ms
2026-05-28 17:04:05.010 +07:00 [INF] HTTP GET /hubs/chat responded 101 in 402935.2132 ms
2026-05-28 17:04:05.010 +07:00 [INF] HTTP GET /hubs/chat responded 101 in 577486.3084 ms
2026-05-28 17:04:05.012 +07:00 [INF] HTTP POST /hubs/chat/negotiate responded 200 in 0.6044 ms
2026-05-28 17:04:05.016 +07:00 [INF] HTTP POST /hubs/chat/negotiate responded 200 in 0.8998 ms
2026-05-28 17:04:27.864 +07:00 [INF] HTTP GET /.well-known/appspecific/com.chrome.devtools.json responded 404 in 149.5539 ms
2026-05-28 17:04:27.965 +07:00 [INF] HTTP POST /hubs/chat/negotiate responded 200 in 18.7036 ms
2026-05-28 17:04:28.026 +07:00 [INF] HTTP GET / responded 200 in 2560.3302 ms
2026-05-28 17:04:32.340 +07:00 [INF] HTTP POST /hubs/chat/negotiate responded 200 in 0.8833 ms
2026-05-28 17:05:55.036 +07:00 [INF] HTTP GET / responded 200 in 50.7803 ms
2026-05-28 17:05:55.051 +07:00 [INF] HTTP GET /hubs/chat responded 101 in 86912.9640 ms
2026-05-28 17:05:55.115 +07:00 [INF] HTTP GET /.well-known/appspecific/com.chrome.devtools.json responded 404 in 8.0079 ms
2026-05-28 17:05:55.355 +07:00 [INF] HTTP POST /hubs/chat/negotiate responded 200 in 0.5930 ms
2026-05-28 17:11:26.663 +07:00 [INF] HTTP GET /hubs/chat responded 101 in 331186.7179 ms
2026-05-28 17:11:26.665 +07:00 [INF] HTTP GET /hubs/chat responded 101 in 414322.1359 ms
2026-05-28 17:11:26.666 +07:00 [INF] HTTP POST /hubs/chat/negotiate responded 200 in 0.8075 ms
2026-05-28 17:11:26.668 +07:00 [INF] HTTP POST /hubs/chat/negotiate responded 200 in 0.5220 ms
2026-05-28 17:11:40.963 +07:00 [INF] HTTP POST /hubs/chat/negotiate responded 200 in 17.5184 ms
2026-05-28 17:11:41.340 +07:00 [INF] HTTP POST /hubs/chat/negotiate responded 200 in 0.6984 ms
2026-05-28 17:11:42.490 +07:00 [INF] HTTP GET /hubs/chat responded 101 in 1524.6128 ms
2026-05-28 17:11:42.682 +07:00 [INF] HTTP GET /.well-known/appspecific/com.chrome.devtools.json responded 404 in 101.5086 ms
2026-05-28 17:11:42.755 +07:00 [INF] HTTP POST /hubs/chat/negotiate responded 200 in 0.6381 ms
2026-05-28 17:11:42.796 +07:00 [INF] HTTP GET / responded 200 in 2341.9710 ms
2026-05-28 17:13:26.593 +07:00 [INF] HTTP GET /admin/banners responded 200 in 105.3041 ms
2026-05-28 17:13:26.600 +07:00 [INF] HTTP GET /hubs/chat responded 101 in 105257.2391 ms
2026-05-28 17:13:26.816 +07:00 [INF] HTTP POST /hubs/chat/negotiate responded 200 in 0.6833 ms
2026-05-28 17:13:27.950 +07:00 [INF] HTTP GET /admin/banners/edit/7e23adb0-6043-4dee-9e0a-53d35395aaea responded 200 in 84.9897 ms
2026-05-28 17:13:27.955 +07:00 [INF] HTTP GET /hubs/chat responded 101 in 1103.0588 ms
2026-05-28 17:13:28.057 +07:00 [INF] HTTP POST /hubs/chat/negotiate responded 200 in 0.5197 ms
2026-05-28 17:19:33.583 +07:00 [INF] HTTP GET /hubs/chat responded 101 in 367752.0062 ms
2026-05-28 17:19:33.587 +07:00 [INF] HTTP POST /hubs/chat/negotiate responded 200 in 0.4436 ms
2026-05-28 17:19:33.590 +07:00 [INF] HTTP POST /hubs/chat/negotiate responded 200 in 0.4681 ms
2026-05-28 17:19:33.596 +07:00 [INF] HTTP GET /hubs/chat responded 101 in 472939.4994 ms
2026-05-28 17:20:03.585 +07:00 [INF] HTTP GET /hubs/chat responded 101 in 29992.3551 ms
2026-05-28 17:20:58.900 +07:00 [INF] HTTP POST /hubs/chat/negotiate responded 200 in 47.2977 ms
2026-05-28 17:21:56.049 +07:00 [INF] HTTP GET /admin/banners/edit/7e23adb0-6043-4dee-9e0a-53d35395aaea responded 200 in 1566.5624 ms
2026-05-28 17:21:56.062 +07:00 [INF] HTTP GET /hubs/chat responded 101 in 57158.9541 ms
2026-05-28 17:21:56.259 +07:00 [INF] HTTP POST /hubs/chat/negotiate responded 200 in 0.7324 ms
2026-05-28 17:21:59.308 +07:00 [INF] HTTP GET /.well-known/appspecific/com.chrome.devtools.json responded 404 in 95.6283 ms
2026-05-28 17:21:59.344 +07:00 [INF] HTTP GET / responded 200 in 739.3531 ms
2026-05-28 17:21:59.345 +07:00 [INF] HTTP POST /hubs/chat/negotiate responded 200 in 1.0150 ms
2026-05-28 17:22:37.593 +07:00 [INF] Upload thành công: /uploads/banners/52bb5715f1ea486d9b6c2dfffdbc0561.png (34321 bytes)
2026-05-28 17:22:37.715 +07:00 [INF] HTTP POST /admin/banners/edit/7e23adb0-6043-4dee-9e0a-53d35395aaea responded 302 in 171.0953 ms
2026-05-28 17:22:37.768 +07:00 [INF] HTTP GET /admin/Banners responded 200 in 46.2277 ms
2026-05-28 17:22:37.775 +07:00 [INF] HTTP GET /hubs/chat responded 101 in 41482.6894 ms
2026-05-28 17:22:37.796 +07:00 [INF] HTTP GET /uploads/banners/52bb5715f1ea486d9b6c2dfffdbc0561.png responded 200 in 18.1153 ms
2026-05-28 17:22:37.888 +07:00 [INF] HTTP POST /hubs/chat/negotiate responded 200 in 0.4007 ms
2026-05-28 17:22:39.855 +07:00 [INF] HTTP GET / responded 200 in 35.8235 ms
2026-05-28 17:22:39.856 +07:00 [INF] HTTP GET /hubs/chat responded 101 in 40336.1843 ms
2026-05-28 17:22:39.865 +07:00 [INF] HTTP GET /uploads/banners/52bb5715f1ea486d9b6c2dfffdbc0561.png responded 304 in 1.6688 ms
2026-05-28 17:22:40.137 +07:00 [INF] HTTP POST /hubs/chat/negotiate responded 200 in 0.4209 ms
2026-05-28 17:25:36.881 +07:00 [INF] HTTP GET /admin/banners/edit/7e23adb0-6043-4dee-9e0a-53d35395aaea responded 200 in 10.8801 ms
2026-05-28 17:25:36.887 +07:00 [INF] HTTP GET /hubs/chat responded 101 in 178966.0456 ms
2026-05-28 17:25:36.892 +07:00 [INF] HTTP GET /uploads/banners/52bb5715f1ea486d9b6c2dfffdbc0561.png responded 304 in 0.3424 ms
2026-05-28 17:25:37.101 +07:00 [INF] HTTP POST /hubs/chat/negotiate responded 200 in 0.3323 ms
2026-05-28 17:25:42.992 +07:00 [INF] Upload thành công: /uploads/banners/3c9243987a2d4d2896a29beb78859082.png (341580 bytes)
2026-05-28 17:25:42.995 +07:00 [INF] Đã xóa file: /uploads/banners/52bb5715f1ea486d9b6c2dfffdbc0561.png
2026-05-28 17:25:43.009 +07:00 [INF] HTTP POST /admin/banners/edit/7e23adb0-6043-4dee-9e0a-53d35395aaea responded 302 in 34.4496 ms
2026-05-28 17:25:43.023 +07:00 [INF] HTTP GET /admin/Banners responded 200 in 7.6696 ms
2026-05-28 17:25:43.030 +07:00 [INF] HTTP GET /hubs/chat responded 101 in 5886.6506 ms
2026-05-28 17:25:43.036 +07:00 [INF] HTTP GET /uploads/banners/3c9243987a2d4d2896a29beb78859082.png responded 200 in 2.6338 ms
2026-05-28 17:25:43.131 +07:00 [INF] HTTP POST /hubs/chat/negotiate responded 200 in 0.2803 ms
2026-05-28 17:25:44.810 +07:00 [INF] HTTP GET / responded 200 in 28.6443 ms
2026-05-28 17:25:44.817 +07:00 [INF] HTTP GET /hubs/chat responded 101 in 184612.1561 ms
2026-05-28 17:25:44.823 +07:00 [INF] HTTP GET /uploads/banners/3c9243987a2d4d2896a29beb78859082.png responded 304 in 0.3175 ms
2026-05-28 17:25:45.080 +07:00 [INF] HTTP POST /hubs/chat/negotiate responded 200 in 0.5896 ms
2026-05-28 17:25:52.018 +07:00 [INF] HTTP GET /admin/banners/edit/21b6e179-04fc-4c2c-a112-cda67d47ff43 responded 200 in 5.1019 ms
2026-05-28 17:25:52.024 +07:00 [INF] HTTP GET /hubs/chat responded 101 in 8863.5791 ms
2026-05-28 17:25:52.117 +07:00 [INF] HTTP POST /hubs/chat/negotiate responded 200 in 0.2943 ms
2026-05-28 17:25:57.278 +07:00 [INF] Upload thành công: /uploads/banners/001f072d417844ca963c158cf3a72fa5.png (341580 bytes)
2026-05-28 17:25:57.280 +07:00 [INF] Đã xóa file: /uploads/banners/67f34fbb474a40cc917dbf8aff09e10a.jpg
2026-05-28 17:25:57.290 +07:00 [INF] HTTP POST /admin/banners/edit/21b6e179-04fc-4c2c-a112-cda67d47ff43 responded 302 in 22.0899 ms
2026-05-28 17:25:57.304 +07:00 [INF] HTTP GET /admin/Banners responded 200 in 7.2159 ms
2026-05-28 17:25:57.310 +07:00 [INF] HTTP GET /hubs/chat responded 101 in 5157.7105 ms
2026-05-28 17:25:57.314 +07:00 [INF] HTTP GET /uploads/banners/3c9243987a2d4d2896a29beb78859082.png responded 304 in 0.3231 ms
2026-05-28 17:25:57.316 +07:00 [INF] HTTP GET /uploads/banners/001f072d417844ca963c158cf3a72fa5.png responded 200 in 2.2232 ms
2026-05-28 17:25:57.401 +07:00 [INF] HTTP POST /hubs/chat/negotiate responded 200 in 0.4978 ms
2026-05-28 17:25:59.299 +07:00 [INF] HTTP GET / responded 200 in 22.3977 ms
2026-05-28 17:25:59.307 +07:00 [INF] HTTP GET /hubs/chat responded 101 in 14073.2219 ms
2026-05-28 17:25:59.312 +07:00 [INF] HTTP GET /uploads/banners/3c9243987a2d4d2896a29beb78859082.png responded 304 in 0.8038 ms
2026-05-28 17:25:59.316 +07:00 [INF] HTTP GET /uploads/banners/001f072d417844ca963c158cf3a72fa5.png responded 304 in 0.2468 ms
2026-05-28 17:25:59.452 +07:00 [INF] HTTP POST /hubs/chat/negotiate responded 200 in 0.7348 ms
2026-05-28 17:26:08.370 +07:00 [INF] HTTP GET /admin/banners/edit/7e23adb0-6043-4dee-9e0a-53d35395aaea responded 200 in 6.4653 ms
2026-05-28 17:26:08.378 +07:00 [INF] HTTP GET /hubs/chat responded 101 in 10943.1214 ms
2026-05-28 17:26:08.382 +07:00 [INF] HTTP GET /uploads/banners/3c9243987a2d4d2896a29beb78859082.png responded 304 in 0.2103 ms
2026-05-28 17:26:08.482 +07:00 [INF] HTTP POST /hubs/chat/negotiate responded 200 in 0.2623 ms
2026-05-28 17:26:12.987 +07:00 [INF] HTTP GET /san-pham/bom-mua-fanto-sc15-220v-22 responded 200 in 126.7905 ms
2026-05-28 17:26:13.162 +07:00 [INF] HTTP GET /hubs/chat responded 101 in 13593.1441 ms
2026-05-28 17:26:13.168 +07:00 [INF] HTTP POST /hubs/chat/negotiate responded 200 in 0.5714 ms
2026-05-28 17:26:13.204 +07:00 [INF] HTTP GET /uploads/content/8749743906e14e6fad7be3def428ce42.png responded 304 in 0.3203 ms
2026-05-28 17:26:15.479 +07:00 [INF] HTTP GET /uploads/products/a3fd234687c34a1ea6ee886a8ff9b826.png responded 200 in 1.2794 ms
2026-05-28 17:26:16.437 +07:00 [INF] HTTP POST /hubs/chat/negotiate responded 200 in 0.4294 ms
2026-05-28 17:26:16.467 +07:00 [INF] HTTP GET /hubs/chat responded 101 in 3233.1426 ms
2026-05-28 17:26:17.339 +07:00 [INF] HTTP GET /san-pham/bom-mua-fanto-sc15-220v-22 responded 200 in 29.4879 ms
2026-05-28 17:26:17.496 +07:00 [INF] HTTP GET /hubs/chat responded 101 in 905.2069 ms
2026-05-28 17:26:17.503 +07:00 [INF] HTTP POST /hubs/chat/negotiate responded 200 in 0.3398 ms
2026-05-28 17:26:21.575 +07:00 [INF] HTTP GET / responded 200 in 24.4359 ms
2026-05-28 17:26:21.584 +07:00 [INF] HTTP GET /uploads/banners/3c9243987a2d4d2896a29beb78859082.png responded 304 in 0.3136 ms
2026-05-28 17:26:21.584 +07:00 [INF] HTTP GET /uploads/banners/001f072d417844ca963c158cf3a72fa5.png responded 304 in 0.3140 ms
2026-05-28 17:26:21.750 +07:00 [INF] HTTP POST /hubs/chat/negotiate responded 200 in 0.2839 ms
2026-05-28 17:26:21.779 +07:00 [INF] HTTP GET /hubs/chat responded 101 in 4212.9675 ms
2026-05-28 17:26:26.762 +07:00 [INF] HTTP GET /san-pham/bom-mua-fanto-sc15-220v-22 responded 200 in 44.1451 ms
2026-05-28 17:26:26.887 +07:00 [INF] HTTP GET /hubs/chat responded 101 in 4980.8985 ms
2026-05-28 17:26:26.894 +07:00 [INF] HTTP POST /hubs/chat/negotiate responded 200 in 0.2753 ms
2026-05-28 17:26:28.260 +07:00 [INF] HTTP GET /hubs/chat responded 101 in 1301.2369 ms
2026-05-28 17:26:44.363 +07:00 [INF] HTTP GET / responded 200 in 25.0196 ms
2026-05-28 17:26:44.393 +07:00 [INF] HTTP GET /uploads/banners/3c9243987a2d4d2896a29beb78859082.png responded 304 in 0.6491 ms
2026-05-28 17:26:44.396 +07:00 [INF] HTTP GET /uploads/banners/001f072d417844ca963c158cf3a72fa5.png responded 304 in 0.2293 ms
2026-05-28 17:26:44.656 +07:00 [INF] HTTP POST /hubs/chat/negotiate responded 200 in 0.2716 ms
2026-05-28 17:26:48.098 +07:00 [INF] HTTP GET /.well-known/appspecific/com.chrome.devtools.json responded 404 in 4.3473 ms
2026-05-28 17:34:39.996 +07:00 [INF] HTTP GET /hubs/chat responded 101 in 511476.3296 ms
2026-05-28 17:34:39.997 +07:00 [INF] HTTP POST /hubs/chat/negotiate responded 200 in 0.3101 ms
2026-05-28 17:34:39.999 +07:00 [INF] HTTP GET /hubs/chat responded 101 in 475175.4453 ms
2026-05-28 17:34:40.001 +07:00 [INF] HTTP POST /hubs/chat/negotiate responded 200 in 0.3599 ms
2026-05-28 17:35:10.008 +07:00 [INF] HTTP GET /hubs/chat responded 101 in 30006.5619 ms
2026-05-28 17:35:36.165 +07:00 [INF] HTTP POST /hubs/chat/negotiate responded 200 in 49.1840 ms
2026-05-28 17:35:38.800 +07:00 [INF] HTTP POST /hubs/chat/negotiate responded 200 in 5.4562 ms
2026-05-28 17:36:12.676 +07:00 [INF] HTTP GET /hubs/chat responded 101 in 33866.7872 ms
2026-05-28 17:36:12.688 +07:00 [INF] HTTP GET /uploads/banners/3c9243987a2d4d2896a29beb78859082.png responded 304 in 4.5271 ms
2026-05-28 17:36:12.698 +07:00 [INF] HTTP GET /uploads/banners/001f072d417844ca963c158cf3a72fa5.png responded 304 in 1.1779 ms
2026-05-28 17:36:12.994 +07:00 [INF] HTTP POST /hubs/chat/negotiate responded 200 in 2.3863 ms
2026-05-28 17:36:13.024 +07:00 [INF] HTTP GET /.well-known/appspecific/com.chrome.devtools.json responded 404 in 141.2591 ms
2026-05-28 17:36:13.087 +07:00 [INF] HTTP GET / responded 200 in 2284.3618 ms
2026-05-28 17:36:24.102 +07:00 [INF] HTTP GET /admin/banners/edit/7e23adb0-6043-4dee-9e0a-53d35395aaea responded 200 in 137.6025 ms
2026-05-28 17:36:24.108 +07:00 [INF] HTTP GET /hubs/chat responded 101 in 47939.2273 ms
2026-05-28 17:36:24.112 +07:00 [INF] HTTP GET /uploads/banners/3c9243987a2d4d2896a29beb78859082.png responded 304 in 0.1885 ms
2026-05-28 17:36:24.346 +07:00 [INF] HTTP POST /hubs/chat/negotiate responded 200 in 0.4335 ms
2026-05-28 17:36:26.346 +07:00 [INF] HTTP GET /admin/about responded 200 in 43.1548 ms
2026-05-28 17:36:26.352 +07:00 [INF] HTTP GET /hubs/chat responded 101 in 1967.6297 ms
2026-05-28 17:36:26.355 +07:00 [INF] HTTP GET /uploads/settings/beab110c755a43038d0ef5a6deab4b51.png responded 304 in 0.1501 ms
2026-05-28 17:36:26.462 +07:00 [INF] HTTP POST /hubs/chat/negotiate responded 200 in 0.3334 ms
2026-05-28 17:36:26.508 +07:00 [INF] HTTP GET /uploads/content/29aa16137acb4747b4637c384858c4cd.jpg responded 304 in 0.2002 ms
2026-05-28 17:36:27.226 +07:00 [INF] HTTP GET /admin/banners responded 200 in 47.6371 ms
2026-05-28 17:36:27.233 +07:00 [INF] HTTP GET /hubs/chat responded 101 in 692.5942 ms
2026-05-28 17:36:27.359 +07:00 [INF] HTTP POST /hubs/chat/negotiate responded 200 in 0.3861 ms
2026-05-28 17:36:28.946 +07:00 [INF] HTTP GET /admin/banners/create responded 200 in 12.2993 ms
2026-05-28 17:36:28.952 +07:00 [INF] HTTP GET /hubs/chat responded 101 in 1549.0563 ms
2026-05-28 17:36:29.055 +07:00 [INF] HTTP POST /hubs/chat/negotiate responded 200 in 0.4737 ms
2026-05-28 17:36:43.010 +07:00 [INF] Upload thành công: /uploads/banners/268705d1c6f24becad75a7253f575670.png (341580 bytes)
2026-05-28 17:36:43.108 +07:00 [INF] HTTP POST /admin/banners/create responded 302 in 149.0058 ms
2026-05-28 17:36:43.123 +07:00 [INF] HTTP GET /admin/Banners responded 200 in 8.2348 ms
2026-05-28 17:36:43.130 +07:00 [INF] HTTP GET /hubs/chat responded 101 in 14026.6690 ms
2026-05-28 17:36:43.154 +07:00 [INF] HTTP GET /uploads/banners/268705d1c6f24becad75a7253f575670.png responded 200 in 17.3306 ms
2026-05-28 17:36:43.226 +07:00 [INF] HTTP POST /hubs/chat/negotiate responded 200 in 0.4042 ms
2026-05-28 17:36:45.549 +07:00 [INF] HTTP GET / responded 200 in 32.3373 ms
2026-05-28 17:36:45.556 +07:00 [INF] HTTP GET /hubs/chat responded 101 in 32489.8313 ms
2026-05-28 17:36:45.575 +07:00 [INF] HTTP GET /uploads/banners/268705d1c6f24becad75a7253f575670.png responded 304 in 0.7589 ms
2026-05-28 17:36:45.837 +07:00 [INF] HTTP POST /hubs/chat/negotiate responded 200 in 0.3309 ms
2026-05-28 17:36:55.292 +07:00 [INF] HTTP GET /.well-known/appspecific/com.chrome.devtools.json responded 404 in 3.8822 ms
2026-05-28 17:37:17.935 +07:00 [INF] HTTP GET /.well-known/appspecific/com.chrome.devtools.json responded 404 in 3.0054 ms
2026-05-28 17:37:24.679 +07:00 [INF] HTTP GET /danh-muc/may-tron-cam responded 200 in 85.5917 ms
2026-05-28 17:37:24.719 +07:00 [INF] HTTP GET /hubs/chat responded 101 in 38771.8239 ms
2026-05-28 17:37:24.757 +07:00 [INF] HTTP GET /.well-known/appspecific/com.chrome.devtools.json responded 404 in 1.8905 ms
2026-05-28 17:37:24.930 +07:00 [INF] HTTP POST /hubs/chat/negotiate responded 200 in 0.5522 ms
2026-05-28 17:38:53.312 +07:00 [INF] HTTP GET /danh-muc/may-cho-ca-an responded 200 in 28.5607 ms
2026-05-28 17:38:53.387 +07:00 [INF] HTTP GET /.well-known/appspecific/com.chrome.devtools.json responded 404 in 1.0704 ms
2026-05-28 17:38:53.508 +07:00 [INF] HTTP GET /hubs/chat responded 101 in 88520.5697 ms
2026-05-28 17:38:53.523 +07:00 [INF] HTTP POST /hubs/chat/negotiate responded 200 in 0.4833 ms
2026-05-28 17:39:43.740 +07:00 [INF] HTTP GET / responded 200 in 34.4436 ms
2026-05-28 17:39:43.771 +07:00 [INF] HTTP GET /uploads/banners/3c9243987a2d4d2896a29beb78859082.png responded 304 in 0.3745 ms
2026-05-28 17:39:43.771 +07:00 [INF] HTTP GET /uploads/banners/001f072d417844ca963c158cf3a72fa5.png responded 304 in 0.2037 ms
2026-05-28 17:39:43.798 +07:00 [INF] HTTP GET /uploads/banners/268705d1c6f24becad75a7253f575670.png responded 304 in 0.2301 ms
2026-05-28 17:39:43.852 +07:00 [INF] HTTP GET /.well-known/appspecific/com.chrome.devtools.json responded 404 in 1.6833 ms
2026-05-28 17:39:43.966 +07:00 [INF] HTTP GET /hubs/chat responded 101 in 50384.1872 ms
2026-05-28 17:39:44.008 +07:00 [INF] HTTP POST /hubs/chat/negotiate responded 200 in 0.4088 ms
2026-05-28 17:40:01.063 +07:00 [INF] HTTP GET /.well-known/appspecific/com.chrome.devtools.json responded 404 in 1.8600 ms
2026-05-28 17:43:33.842 +07:00 [INF] HTTP GET /hubs/chat responded 101 in 229667.7993 ms
2026-05-28 17:43:33.845 +07:00 [INF] HTTP POST /hubs/chat/negotiate responded 200 in 0.2180 ms
2026-05-28 17:43:33.848 +07:00 [INF] HTTP POST /hubs/chat/negotiate responded 200 in 0.2639 ms
2026-05-28 17:43:33.850 +07:00 [INF] HTTP GET /hubs/chat responded 101 in 410596.1344 ms
2026-05-28 17:44:03.846 +07:00 [INF] HTTP GET /hubs/chat responded 101 in 29995.1602 ms
2026-05-28 17:44:30.173 +07:00 [INF] HTTP POST /hubs/chat/negotiate responded 200 in 51.2406 ms
2026-05-28 17:44:32.670 +07:00 [INF] HTTP POST /hubs/chat/negotiate responded 200 in 4.2606 ms
2026-05-28 17:44:47.523 +07:00 [INF] HTTP GET /hubs/chat responded 101 in 14847.9541 ms
2026-05-28 17:44:47.536 +07:00 [INF] HTTP GET /uploads/banners/3c9243987a2d4d2896a29beb78859082.png responded 304 in 5.1426 ms
2026-05-28 17:44:47.545 +07:00 [INF] HTTP GET /uploads/banners/001f072d417844ca963c158cf3a72fa5.png responded 304 in 0.5313 ms
2026-05-28 17:44:47.549 +07:00 [INF] HTTP GET /uploads/banners/268705d1c6f24becad75a7253f575670.png responded 304 in 0.2367 ms
2026-05-28 17:44:47.798 +07:00 [INF] HTTP GET /.well-known/appspecific/com.chrome.devtools.json responded 404 in 113.3880 ms
2026-05-28 17:44:47.832 +07:00 [INF] HTTP POST /hubs/chat/negotiate responded 200 in 1.1341 ms
2026-05-28 17:44:47.884 +07:00 [INF] HTTP GET / responded 200 in 2337.6821 ms
2026-05-28 17:45:30.740 +07:00 [INF] HTTP GET /danh-muc/may-thoi-khi responded 200 in 149.0506 ms
2026-05-28 17:45:30.820 +07:00 [INF] HTTP GET /.well-known/appspecific/com.chrome.devtools.json responded 404 in 8.2682 ms
2026-05-28 17:45:30.950 +07:00 [INF] HTTP GET /hubs/chat responded 101 in 42939.4966 ms
2026-05-28 17:45:30.965 +07:00 [INF] HTTP POST /hubs/chat/negotiate responded 200 in 0.7076 ms
2026-05-28 17:45:57.262 +07:00 [INF] HTTP GET / responded 200 in 36.6351 ms
2026-05-28 17:45:57.291 +07:00 [INF] HTTP GET /uploads/banners/268705d1c6f24becad75a7253f575670.png responded 304 in 0.2732 ms
2026-05-28 17:45:57.331 +07:00 [INF] HTTP GET /.well-known/appspecific/com.chrome.devtools.json responded 404 in 1.3417 ms
2026-05-28 17:45:57.466 +07:00 [INF] HTTP GET /hubs/chat responded 101 in 26434.9356 ms
2026-05-28 17:45:57.481 +07:00 [INF] HTTP POST /hubs/chat/negotiate responded 200 in 0.6872 ms
2026-05-28 17:47:16.249 +07:00 [INF] HTTP GET /kien-thuc responded 200 in 116.4328 ms
2026-05-28 17:47:16.337 +07:00 [INF] HTTP GET /.well-known/appspecific/com.chrome.devtools.json responded 404 in 1.9662 ms
2026-05-28 17:47:16.412 +07:00 [INF] HTTP GET /hubs/chat responded 101 in 78770.5014 ms
2026-05-28 17:47:16.427 +07:00 [INF] HTTP POST /hubs/chat/negotiate responded 200 in 0.6711 ms
2026-05-28 17:47:55.262 +07:00 [INF] HTTP GET /san-pham responded 200 in 59.9832 ms
2026-05-28 17:47:55.319 +07:00 [INF] HTTP GET /.well-known/appspecific/com.chrome.devtools.json responded 404 in 1.3130 ms
2026-05-28 17:47:55.428 +07:00 [INF] HTTP GET /hubs/chat responded 101 in 38947.7794 ms
2026-05-28 17:47:55.439 +07:00 [INF] HTTP POST /hubs/chat/negotiate responded 200 in 0.7827 ms
2026-05-28 17:48:15.266 +07:00 [INF] HTTP GET /Home/About responded 200 in 26.3680 ms
2026-05-28 17:48:15.343 +07:00 [INF] HTTP GET /.well-known/appspecific/com.chrome.devtools.json responded 404 in 1.3277 ms
2026-05-28 17:48:15.446 +07:00 [INF] HTTP GET /hubs/chat responded 101 in 19948.7423 ms
2026-05-28 17:48:15.456 +07:00 [INF] HTTP POST /hubs/chat/negotiate responded 200 in 0.8630 ms
2026-05-28 17:48:44.942 +07:00 [INF] HTTP GET /san-pham responded 200 in 18.3722 ms
2026-05-28 17:48:45.016 +07:00 [INF] HTTP GET /.well-known/appspecific/com.chrome.devtools.json responded 404 in 1.5961 ms
2026-05-28 17:48:45.144 +07:00 [INF] HTTP GET /hubs/chat responded 101 in 29471.8186 ms
2026-05-28 17:48:45.157 +07:00 [INF] HTTP POST /hubs/chat/negotiate responded 200 in 1.0092 ms
2026-05-28 17:50:49.417 +07:00 [INF] HTTP POST /hubs/chat/negotiate responded 200 in 0.4454 ms
2026-05-28 17:50:49.418 +07:00 [INF] HTTP GET /hubs/chat responded 101 in 124189.3868 ms
2026-05-28 17:50:49.420 +07:00 [INF] HTTP POST /hubs/chat/negotiate responded 200 in 0.3035 ms
2026-05-28 17:50:49.424 +07:00 [INF] HTTP GET /hubs/chat responded 101 in 379246.4357 ms
2026-05-28 17:51:19.421 +07:00 [INF] HTTP GET /hubs/chat responded 101 in 29997.2811 ms
2026-05-28 17:51:45.172 +07:00 [INF] HTTP POST /hubs/chat/negotiate responded 200 in 50.0947 ms
2026-05-28 17:51:48.147 +07:00 [INF] HTTP POST /hubs/chat/negotiate responded 200 in 3.5285 ms
2026-05-28 17:52:01.667 +07:00 [INF] HTTP GET /hubs/chat responded 101 in 13515.3305 ms
2026-05-28 17:52:01.844 +07:00 [INF] HTTP POST /hubs/chat/negotiate responded 200 in 0.8424 ms
2026-05-28 17:52:01.857 +07:00 [INF] HTTP GET /.well-known/appspecific/com.chrome.devtools.json responded 404 in 98.8106 ms
2026-05-28 17:52:01.987 +07:00 [INF] HTTP GET /san-pham responded 200 in 2111.0103 ms
2026-05-28 17:52:10.193 +07:00 [INF] HTTP GET /kien-thuc responded 200 in 169.0746 ms
2026-05-28 17:52:10.271 +07:00 [INF] HTTP GET /.well-known/appspecific/com.chrome.devtools.json responded 404 in 9.2135 ms
2026-05-28 17:52:10.402 +07:00 [INF] HTTP POST /hubs/chat/negotiate responded 200 in 0.3834 ms
2026-05-28 17:52:10.424 +07:00 [INF] HTTP GET /hubs/chat responded 101 in 8527.7439 ms
2026-05-28 17:52:18.639 +07:00 [INF] HTTP GET / responded 200 in 183.7863 ms
2026-05-28 17:52:18.690 +07:00 [INF] HTTP GET /uploads/banners/001f072d417844ca963c158cf3a72fa5.png responded 304 in 4.5410 ms
2026-05-28 17:52:18.690 +07:00 [INF] HTTP GET /uploads/banners/3c9243987a2d4d2896a29beb78859082.png responded 304 in 4.6002 ms
2026-05-28 17:52:18.712 +07:00 [INF] HTTP GET /uploads/banners/268705d1c6f24becad75a7253f575670.png responded 304 in 0.5682 ms
2026-05-28 17:52:18.764 +07:00 [INF] HTTP GET /.well-known/appspecific/com.chrome.devtools.json responded 404 in 1.7328 ms
2026-05-28 17:52:18.880 +07:00 [INF] HTTP GET /hubs/chat responded 101 in 8418.1669 ms
2026-05-28 17:52:18.917 +07:00 [INF] HTTP POST /hubs/chat/negotiate responded 200 in 0.5867 ms
2026-05-28 17:53:45.654 +07:00 [INF] HTTP GET /san-pham/bom-mua-fanto-sc15-220v-22 responded 200 in 126.7619 ms
2026-05-28 17:53:45.842 +07:00 [INF] HTTP GET /hubs/chat responded 101 in 86748.4221 ms
2026-05-28 17:53:45.876 +07:00 [INF] HTTP POST /hubs/chat/negotiate responded 200 in 0.3809 ms
2026-05-28 17:53:45.896 +07:00 [INF] HTTP GET /uploads/content/8749743906e14e6fad7be3def428ce42.png responded 304 in 0.1490 ms
2026-05-28 17:53:47.086 +07:00 [INF] HTTP POST /hubs/chat/negotiate responded 200 in 0.6665 ms
2026-05-28 17:53:47.130 +07:00 [INF] HTTP GET /hubs/chat responded 101 in 1178.8393 ms
2026-05-28 17:53:52.459 +07:00 [INF] HTTP GET /.well-known/appspecific/com.chrome.devtools.json responded 404 in 1.8817 ms
2026-05-28 17:54:04.812 +07:00 [INF] HTTP GET /gio-hang responded 200 in 27.3660 ms
2026-05-28 17:54:04.861 +07:00 [INF] HTTP GET /hubs/chat responded 101 in 17639.0949 ms
2026-05-28 17:54:04.929 +07:00 [INF] HTTP GET /.well-known/appspecific/com.chrome.devtools.json responded 404 in 2.1013 ms
2026-05-28 17:54:05.106 +07:00 [INF] HTTP POST /hubs/chat/negotiate responded 200 in 0.6272 ms
2026-05-28 17:55:51.066 +07:00 [INF] HTTP POST /hubs/chat/negotiate responded 200 in 0.3334 ms
2026-05-28 17:55:51.067 +07:00 [INF] HTTP GET /hubs/chat responded 101 in 245891.7355 ms
2026-05-28 17:55:51.070 +07:00 [INF] HTTP POST /hubs/chat/negotiate responded 200 in 0.4463 ms
2026-05-28 17:55:51.079 +07:00 [INF] HTTP GET /hubs/chat responded 101 in 105914.6380 ms
2026-05-28 17:56:21.077 +07:00 [INF] HTTP GET /hubs/chat responded 101 in 30004.4372 ms
2026-05-28 17:56:47.164 +07:00 [INF] HTTP POST /hubs/chat/negotiate responded 200 in 49.0746 ms
2026-05-28 17:56:49.849 +07:00 [INF] HTTP POST /hubs/chat/negotiate responded 200 in 4.0578 ms
2026-05-28 17:57:01.708 +07:00 [INF] HTTP GET /hubs/chat responded 101 in 11854.9300 ms
2026-05-28 17:57:01.913 +07:00 [INF] HTTP GET /.well-known/appspecific/com.chrome.devtools.json responded 404 in 107.2906 ms
2026-05-28 17:57:01.913 +07:00 [INF] HTTP POST /hubs/chat/negotiate responded 200 in 0.7282 ms
2026-05-28 17:57:02.045 +07:00 [INF] HTTP GET /gio-hang responded 200 in 1857.1523 ms
2026-05-28 17:57:22.289 +07:00 [INF] HTTP GET / responded 200 in 535.1033 ms
2026-05-28 17:57:22.304 +07:00 [INF] HTTP GET /uploads/banners/3c9243987a2d4d2896a29beb78859082.png responded 304 in 5.0172 ms
2026-05-28 17:57:22.330 +07:00 [INF] HTTP GET /uploads/banners/001f072d417844ca963c158cf3a72fa5.png responded 304 in 0.7602 ms
2026-05-28 17:57:22.330 +07:00 [INF] HTTP GET /uploads/banners/268705d1c6f24becad75a7253f575670.png responded 304 in 0.7417 ms
2026-05-28 17:57:22.401 +07:00 [INF] HTTP GET /.well-known/appspecific/com.chrome.devtools.json responded 404 in 8.8836 ms
2026-05-28 17:57:22.532 +07:00 [INF] HTTP POST /hubs/chat/negotiate responded 200 in 0.5986 ms
2026-05-28 17:57:22.567 +07:00 [INF] HTTP GET /hubs/chat responded 101 in 20589.9988 ms
2026-05-28 17:57:26.910 +07:00 [INF] HTTP GET /hubs/chat responded 101 in 4208.4881 ms
2026-05-28 17:57:26.912 +07:00 [INF] HTTP GET / responded 200 in 45.3853 ms
2026-05-28 17:57:26.977 +07:00 [INF] HTTP GET /.well-known/appspecific/com.chrome.devtools.json responded 404 in 2.1249 ms
2026-05-28 17:57:27.100 +07:00 [INF] HTTP POST /hubs/chat/negotiate responded 200 in 0.7935 ms
2026-05-28 17:57:32.699 +07:00 [INF] HTTP GET / responded 200 in 27.4418 ms
2026-05-28 17:57:32.705 +07:00 [INF] HTTP GET /hubs/chat responded 101 in 5452.6869 ms
2026-05-28 17:57:32.910 +07:00 [INF] HTTP POST /hubs/chat/negotiate responded 200 in 0.4632 ms
2026-05-28 17:57:39.728 +07:00 [INF] HTTP GET /api/search/suggest responded 200 in 119.0200 ms
2026-05-28 17:57:42.395 +07:00 [INF] HTTP GET /api/search/suggest responded 200 in 16.4895 ms
2026-05-28 17:57:44.619 +07:00 [INF] HTTP GET /api/search/suggest responded 200 in 16.7402 ms
2026-05-28 17:57:46.163 +07:00 [INF] HTTP GET /api/search/suggest responded 200 in 16.5968 ms
2026-05-28 17:57:52.808 +07:00 [INF] HTTP GET /.well-known/appspecific/com.chrome.devtools.json responded 404 in 1.7251 ms
2026-05-28 17:58:49.499 +07:00 [INF] HTTP GET /.well-known/appspecific/com.chrome.devtools.json responded 404 in 1.7814 ms
2026-05-28 17:58:52.617 +07:00 [INF] HTTP GET / responded 200 in 25.4197 ms
2026-05-28 17:58:52.624 +07:00 [INF] HTTP GET /hubs/chat responded 101 in 79607.1838 ms
2026-05-28 17:58:52.747 +07:00 [INF] HTTP GET /.well-known/appspecific/com.chrome.devtools.json responded 404 in 1.8130 ms
2026-05-28 17:58:52.895 +07:00 [INF] HTTP POST /hubs/chat/negotiate responded 200 in 0.4976 ms
2026-05-28 17:59:44.472 +07:00 [INF] HTTP GET /san-pham responded 200 in 78.0675 ms
2026-05-28 17:59:44.531 +07:00 [INF] HTTP GET /.well-known/appspecific/com.chrome.devtools.json responded 404 in 1.4350 ms
2026-05-28 17:59:44.707 +07:00 [INF] HTTP GET /hubs/chat responded 101 in 51650.0952 ms
2026-05-28 17:59:44.725 +07:00 [INF] HTTP POST /hubs/chat/negotiate responded 200 in 0.6179 ms
2026-05-28 18:00:01.056 +07:00 [INF] HTTP GET /danh-muc/may-tron-cam responded 200 in 60.2741 ms
2026-05-28 18:00:01.136 +07:00 [INF] HTTP GET /.well-known/appspecific/com.chrome.devtools.json responded 404 in 1.1742 ms
2026-05-28 18:00:01.233 +07:00 [INF] HTTP GET /hubs/chat responded 101 in 16436.3917 ms
2026-05-28 18:00:01.242 +07:00 [INF] HTTP POST /hubs/chat/negotiate responded 200 in 0.5265 ms
2026-05-28 18:00:05.135 +07:00 [INF] HTTP GET /kien-thuc responded 200 in 94.3381 ms
2026-05-28 18:00:05.218 +07:00 [INF] HTTP GET /.well-known/appspecific/com.chrome.devtools.json responded 404 in 1.5910 ms
2026-05-28 18:00:05.314 +07:00 [INF] HTTP GET /uploads/knowledge/9351855ca1734dfa916cf301e0616184.png responded 304 in 0.2059 ms
2026-05-28 18:00:05.318 +07:00 [INF] HTTP GET /hubs/chat responded 101 in 4022.6500 ms
2026-05-28 18:00:05.337 +07:00 [INF] HTTP POST /hubs/chat/negotiate responded 200 in 0.3711 ms
2026-05-28 18:00:08.528 +07:00 [INF] HTTP GET /doi-tac responded 200 in 133.1958 ms
2026-05-28 18:00:08.588 +07:00 [INF] HTTP GET /.well-known/appspecific/com.chrome.devtools.json responded 404 in 2.0552 ms
2026-05-28 18:00:08.676 +07:00 [INF] HTTP GET /uploads/partners/927f6eeaaa6449aabce080334b9925d5.jpg responded 304 in 0.2420 ms
2026-05-28 18:00:08.679 +07:00 [INF] HTTP GET /hubs/chat responded 101 in 3277.3436 ms
2026-05-28 18:00:08.690 +07:00 [INF] HTTP POST /hubs/chat/negotiate responded 200 in 0.4042 ms
2026-05-28 18:00:10.504 +07:00 [INF] HTTP GET /gio-hang responded 200 in 1.2142 ms
2026-05-28 18:00:10.602 +07:00 [INF] HTTP GET /.well-known/appspecific/com.chrome.devtools.json responded 404 in 1.3715 ms
2026-05-28 18:00:10.691 +07:00 [INF] HTTP GET /hubs/chat responded 101 in 1952.7028 ms
2026-05-28 18:00:10.699 +07:00 [INF] HTTP POST /hubs/chat/negotiate responded 200 in 0.4164 ms
2026-05-28 18:00:11.966 +07:00 [INF] HTTP GET / responded 200 in 25.8008 ms
2026-05-28 18:00:12.028 +07:00 [INF] HTTP GET /uploads/banners/268705d1c6f24becad75a7253f575670.png responded 304 in 0.3596 ms
2026-05-28 18:00:12.063 +07:00 [INF] HTTP GET /.well-known/appspecific/com.chrome.devtools.json responded 404 in 1.2073 ms
2026-05-28 18:00:12.208 +07:00 [INF] HTTP GET /hubs/chat responded 101 in 1430.6834 ms
2026-05-28 18:00:12.221 +07:00 [INF] HTTP POST /hubs/chat/negotiate responded 200 in 0.3502 ms
2026-05-28 18:01:06.770 +07:00 [INF] HTTP GET /kien-thuc responded 200 in 13.3043 ms
2026-05-28 18:01:06.871 +07:00 [INF] HTTP GET /.well-known/appspecific/com.chrome.devtools.json responded 404 in 1.3835 ms
2026-05-28 18:01:07.003 +07:00 [INF] HTTP GET /hubs/chat responded 101 in 54613.1278 ms
2026-05-28 18:01:07.014 +07:00 [INF] HTTP POST /hubs/chat/negotiate responded 200 in 0.4087 ms
2026-05-28 18:01:20.296 +07:00 [INF] HTTP GET /api/search/suggest responded 200 in 0.7548 ms
2026-05-28 18:01:21.796 +07:00 [INF] HTTP GET /api/search/suggest responded 200 in 13.2398 ms
2026-05-28 18:01:24.378 +07:00 [INF] HTTP GET /api/search/suggest responded 200 in 11.4507 ms
2026-05-28 18:03:32.912 +07:00 [INF] HTTP GET /hubs/chat responded 101 in 145838.4594 ms
2026-05-28 18:03:32.914 +07:00 [INF] HTTP POST /hubs/chat/negotiate responded 200 in 0.3939 ms
2026-05-28 18:03:32.916 +07:00 [INF] HTTP POST /hubs/chat/negotiate responded 200 in 0.2186 ms
2026-05-28 18:03:32.926 +07:00 [INF] HTTP GET /hubs/chat responded 101 in 405757.9497 ms
2026-05-28 18:04:02.914 +07:00 [INF] HTTP GET /hubs/chat responded 101 in 29995.0591 ms
2026-05-28 18:05:44.059 +07:00 [INF] HTTP POST /hubs/chat/negotiate responded 200 in 12.8830 ms
2026-05-28 18:05:44.094 +07:00 [INF] HTTP GET /kien-thuc responded 200 in 2157.2003 ms
2026-05-28 18:05:45.869 +07:00 [INF] HTTP GET /san-pham responded 200 in 239.7981 ms
2026-05-28 18:05:46.041 +07:00 [INF] HTTP POST /hubs/chat/negotiate responded 200 in 0.9155 ms
2026-05-28 18:05:46.086 +07:00 [INF] HTTP GET /hubs/chat responded 101 in 2019.0447 ms
2026-05-28 18:05:51.701 +07:00 [INF] HTTP GET / responded 200 in 200.7879 ms
2026-05-28 18:05:51.710 +07:00 [INF] HTTP GET /uploads/banners/3c9243987a2d4d2896a29beb78859082.png responded 304 in 4.0829 ms
2026-05-28 18:05:51.710 +07:00 [INF] HTTP GET /uploads/banners/001f072d417844ca963c158cf3a72fa5.png responded 304 in 3.5492 ms
2026-05-28 18:05:51.719 +07:00 [INF] HTTP GET /uploads/banners/268705d1c6f24becad75a7253f575670.png responded 304 in 0.8721 ms
2026-05-28 18:05:51.911 +07:00 [INF] HTTP POST /hubs/chat/negotiate responded 200 in 0.4058 ms
2026-05-28 18:05:51.970 +07:00 [INF] HTTP GET /hubs/chat responded 101 in 5856.8169 ms
2026-05-28 18:05:56.043 +07:00 [INF] HTTP GET /kien-thuc responded 200 in 11.9821 ms
2026-05-28 18:05:56.153 +07:00 [INF] HTTP POST /hubs/chat/negotiate responded 200 in 0.4822 ms
2026-05-28 18:05:56.176 +07:00 [INF] HTTP GET /hubs/chat responded 101 in 4134.5790 ms
2026-05-28 18:05:58.016 +07:00 [INF] HTTP GET / responded 200 in 34.9396 ms
2026-05-28 18:05:58.185 +07:00 [INF] HTTP POST /hubs/chat/negotiate responded 200 in 0.3793 ms
2026-05-28 18:05:58.228 +07:00 [INF] HTTP GET /hubs/chat responded 101 in 2024.7874 ms
2026-05-28 18:06:01.390 +07:00 [INF] HTTP GET /.well-known/appspecific/com.chrome.devtools.json responded 404 in 69.5867 ms
2026-05-28 18:06:05.182 +07:00 [INF] HTTP GET /san-pham responded 200 in 13.7228 ms
2026-05-28 18:06:05.234 +07:00 [INF] HTTP GET /hubs/chat responded 101 in 6924.7470 ms
2026-05-28 18:06:05.294 +07:00 [INF] HTTP GET /.well-known/appspecific/com.chrome.devtools.json responded 404 in 5.6663 ms
2026-05-28 18:06:05.471 +07:00 [INF] HTTP POST /hubs/chat/negotiate responded 200 in 0.7628 ms
2026-05-28 18:06:15.158 +07:00 [INF] HTTP GET /api/search/suggest responded 200 in 89.3481 ms
2026-05-28 18:10:50.980 +07:00 [INF] HTTP GET /hubs/chat responded 101 in 285438.4113 ms
2026-05-28 18:10:50.985 +07:00 [INF] HTTP POST /hubs/chat/negotiate responded 200 in 0.5447 ms
2026-05-28 18:11:05.416 +07:00 [INF] HTTP POST /hubs/chat/negotiate responded 200 in 48.9265 ms
2026-05-28 18:11:33.258 +07:00 [INF] HTTP GET /hubs/chat responded 101 in 27838.1916 ms
2026-05-28 18:11:33.475 +07:00 [INF] HTTP GET /.well-known/appspecific/com.chrome.devtools.json responded 404 in 96.7627 ms
2026-05-28 18:11:33.496 +07:00 [INF] HTTP POST /hubs/chat/negotiate responded 200 in 1.1163 ms
2026-05-28 18:11:33.606 +07:00 [INF] HTTP GET /san-pham responded 200 in 2302.3238 ms
2026-05-28 18:11:33.813 +07:00 [INF] HTTP GET /hubs/chat responded 101 in 268.0991 ms
2026-05-28 18:11:33.817 +07:00 [INF] HTTP GET /san-pham/may-thoi-khi-duoi-nuoc-fanto-hre65l-16 responded 200 in 239.7873 ms
2026-05-28 18:11:34.014 +07:00 [INF] HTTP POST /hubs/chat/negotiate responded 200 in 0.8035 ms
2026-05-28 18:11:34.218 +07:00 [INF] HTTP GET /.well-known/appspecific/com.chrome.devtools.json responded 404 in 5.0300 ms
2026-05-28 18:11:35.865 +07:00 [INF] HTTP GET /dat-ngon-ngu/en responded 302 in 9.7846 ms
2026-05-28 18:11:35.907 +07:00 [INF] HTTP GET /san-pham/may-thoi-khi-duoi-nuoc-fanto-hre65l-16 responded 200 in 33.5372 ms
2026-05-28 18:11:35.912 +07:00 [INF] HTTP GET /hubs/chat responded 101 in 1785.1838 ms
2026-05-28 18:11:35.971 +07:00 [INF] HTTP GET /.well-known/appspecific/com.chrome.devtools.json responded 404 in 2.3772 ms
2026-05-28 18:11:36.100 +07:00 [INF] HTTP POST /hubs/chat/negotiate responded 200 in 0.5862 ms
2026-05-28 18:11:40.664 +07:00 [INF] HTTP GET /san-pham/may-thoi-khi-duoi-nuoc-fanto-hre65l-16 responded 200 in 33.1154 ms
2026-05-28 18:11:40.671 +07:00 [INF] HTTP GET /hubs/chat responded 101 in 4480.1847 ms
2026-05-28 18:11:40.714 +07:00 [INF] HTTP GET /.well-known/appspecific/com.chrome.devtools.json responded 404 in 1.4411 ms
2026-05-28 18:11:40.849 +07:00 [INF] HTTP POST /hubs/chat/negotiate responded 200 in 0.6045 ms
2026-05-28 18:11:46.985 +07:00 [INF] HTTP GET /san-pham/may-thoi-khi-duoi-nuoc-fanto-hre65l-16 responded 200 in 31.0156 ms
2026-05-28 18:11:46.991 +07:00 [INF] HTTP GET /hubs/chat responded 101 in 6043.6065 ms
2026-05-28 18:11:47.188 +07:00 [INF] HTTP POST /hubs/chat/negotiate responded 200 in 0.3739 ms
2026-05-28 18:11:48.626 +07:00 [INF] HTTP GET /dat-ngon-ngu/vi responded 302 in 0.8974 ms
2026-05-28 18:11:48.653 +07:00 [INF] HTTP GET /san-pham/may-thoi-khi-duoi-nuoc-fanto-hre65l-16 responded 200 in 19.1674 ms
2026-05-28 18:11:48.661 +07:00 [INF] HTTP GET /hubs/chat responded 101 in 1428.9493 ms
2026-05-28 18:11:48.834 +07:00 [INF] HTTP POST /hubs/chat/negotiate responded 200 in 0.6587 ms
2026-05-28 18:11:50.182 +07:00 [INF] HTTP GET /dat-ngon-ngu/en responded 302 in 0.5714 ms
2026-05-28 18:11:50.207 +07:00 [INF] HTTP GET /san-pham/may-thoi-khi-duoi-nuoc-fanto-hre65l-16 responded 200 in 17.5822 ms
2026-05-28 18:11:50.216 +07:00 [INF] HTTP GET /hubs/chat responded 101 in 1302.2725 ms
2026-05-28 18:11:50.345 +07:00 [INF] HTTP POST /hubs/chat/negotiate responded 200 in 0.5848 ms
2026-05-28 18:11:51.239 +07:00 [INF] HTTP GET /dat-ngon-ngu/vi responded 302 in 0.5878 ms
2026-05-28 18:11:51.267 +07:00 [INF] HTTP GET /san-pham/may-thoi-khi-duoi-nuoc-fanto-hre65l-16 responded 200 in 18.8751 ms
2026-05-28 18:11:51.276 +07:00 [INF] HTTP GET /hubs/chat responded 101 in 860.9777 ms
2026-05-28 18:11:51.397 +07:00 [INF] HTTP POST /hubs/chat/negotiate responded 200 in 0.3225 ms
2026-05-28 18:11:52.611 +07:00 [INF] HTTP GET /dat-ngon-ngu/en responded 302 in 0.5173 ms
2026-05-28 18:11:52.635 +07:00 [INF] HTTP GET /san-pham/may-thoi-khi-duoi-nuoc-fanto-hre65l-16 responded 200 in 16.8544 ms
2026-05-28 18:11:52.644 +07:00 [INF] HTTP GET /hubs/chat responded 101 in 1184.8746 ms
2026-05-28 18:11:52.766 +07:00 [INF] HTTP POST /hubs/chat/negotiate responded 200 in 0.4163 ms
2026-05-28 18:11:53.211 +07:00 [INF] HTTP GET /dat-ngon-ngu/vi responded 302 in 0.4839 ms
2026-05-28 18:11:53.252 +07:00 [INF] HTTP GET /san-pham/may-thoi-khi-duoi-nuoc-fanto-hre65l-16 responded 200 in 33.6224 ms
2026-05-28 18:11:53.260 +07:00 [INF] HTTP GET /hubs/chat responded 101 in 426.9291 ms
2026-05-28 18:11:53.367 +07:00 [INF] HTTP POST /hubs/chat/negotiate responded 200 in 0.2581 ms
2026-05-28 18:11:53.837 +07:00 [INF] HTTP GET /dat-ngon-ngu/en responded 302 in 0.4380 ms
2026-05-28 18:11:53.866 +07:00 [INF] HTTP GET /san-pham/may-thoi-khi-duoi-nuoc-fanto-hre65l-16 responded 200 in 22.7165 ms
2026-05-28 18:11:53.875 +07:00 [INF] HTTP GET /hubs/chat responded 101 in 435.3220 ms
2026-05-28 18:11:53.978 +07:00 [INF] HTTP POST /hubs/chat/negotiate responded 200 in 0.2572 ms
2026-05-28 18:11:54.404 +07:00 [INF] HTTP GET /dat-ngon-ngu/vi responded 302 in 0.4632 ms
2026-05-28 18:11:54.429 +07:00 [INF] HTTP GET /san-pham/may-thoi-khi-duoi-nuoc-fanto-hre65l-16 responded 200 in 17.3786 ms
2026-05-28 18:11:54.437 +07:00 [INF] HTTP GET /hubs/chat responded 101 in 397.4231 ms
2026-05-28 18:11:54.552 +07:00 [INF] HTTP POST /hubs/chat/negotiate responded 200 in 0.2948 ms
2026-05-28 18:11:55.975 +07:00 [INF] HTTP GET /.well-known/appspecific/com.chrome.devtools.json responded 404 in 1.7094 ms
2026-05-28 18:11:57.969 +07:00 [INF] HTTP GET /dat-ngon-ngu/en responded 302 in 0.6357 ms
2026-05-28 18:11:57.997 +07:00 [INF] HTTP GET /san-pham/may-thoi-khi-duoi-nuoc-fanto-hre65l-16 responded 200 in 21.5992 ms
2026-05-28 18:11:58.009 +07:00 [INF] HTTP GET /hubs/chat responded 101 in 3389.4253 ms
2026-05-28 18:11:58.169 +07:00 [INF] HTTP GET /.well-known/appspecific/com.chrome.devtools.json responded 404 in 1.4629 ms
2026-05-28 18:11:58.289 +07:00 [INF] HTTP POST /hubs/chat/negotiate responded 200 in 0.3891 ms
2026-05-28 18:12:33.050 +07:00 [INF] HTTP GET /dat-ngon-ngu/vi responded 302 in 0.5252 ms
2026-05-28 18:12:33.086 +07:00 [INF] HTTP GET /san-pham/may-thoi-khi-duoi-nuoc-fanto-hre65l-16 responded 200 in 26.6701 ms
2026-05-28 18:12:33.104 +07:00 [INF] HTTP GET /hubs/chat responded 101 in 34756.9499 ms
2026-05-28 18:12:33.399 +07:00 [INF] HTTP POST /hubs/chat/negotiate responded 200 in 0.4089 ms
2026-05-28 18:13:02.346 +07:00 [INF] HTTP GET /hubs/chat responded 101 in 28903.2520 ms
2026-05-28 18:13:02.346 +07:00 [INF] HTTP POST /hubs/chat/negotiate responded 200 in 0.2659 ms
2026-05-28 18:13:32.358 +07:00 [INF] HTTP GET /hubs/chat responded 101 in 30008.4516 ms
2026-05-28 18:14:26.697 +07:00 [INF] HTTP POST /hubs/chat/negotiate responded 200 in 10.5488 ms
2026-05-28 18:14:26.789 +07:00 [INF] HTTP GET /san-pham/may-thoi-khi-duoi-nuoc-fanto-hre65l-16 responded 200 in 2209.0635 ms
2026-05-28 18:14:29.385 +07:00 [INF] HTTP GET /san-pham/may-thoi-khi-duoi-nuoc-fanto-hre65l-16 responded 200 in 44.3501 ms
2026-05-28 18:14:29.400 +07:00 [INF] HTTP GET /hubs/chat responded 101 in 2677.3092 ms
2026-05-28 18:14:29.516 +07:00 [INF] HTTP POST /hubs/chat/negotiate responded 200 in 0.5477 ms
2026-05-28 18:14:30.961 +07:00 [INF] HTTP GET /dat-ngon-ngu/en responded 302 in 7.3027 ms
2026-05-28 18:14:31.005 +07:00 [INF] HTTP GET /san-pham/may-thoi-khi-duoi-nuoc-fanto-hre65l-16 responded 200 in 36.6654 ms
2026-05-28 18:14:31.013 +07:00 [INF] HTTP GET /hubs/chat responded 101 in 1427.3189 ms
2026-05-28 18:14:31.125 +07:00 [INF] HTTP POST /hubs/chat/negotiate responded 200 in 0.3594 ms
2026-05-28 18:14:31.856 +07:00 [INF] HTTP GET /dat-ngon-ngu/vi responded 302 in 0.7764 ms
2026-05-28 18:14:31.881 +07:00 [INF] HTTP GET /san-pham/may-thoi-khi-duoi-nuoc-fanto-hre65l-16 responded 200 in 18.2262 ms
2026-05-28 18:14:31.889 +07:00 [INF] HTTP GET /hubs/chat responded 101 in 697.5737 ms
2026-05-28 18:14:32.008 +07:00 [INF] HTTP POST /hubs/chat/negotiate responded 200 in 0.3903 ms
2026-05-28 18:14:34.347 +07:00 [INF] HTTP GET /.well-known/appspecific/com.chrome.devtools.json responded 404 in 82.2775 ms
2026-05-28 18:16:25.415 +07:00 [INF] HTTP GET /hubs/chat responded 101 in 113343.9817 ms
2026-05-28 18:16:25.418 +07:00 [INF] HTTP POST /hubs/chat/negotiate responded 200 in 0.3702 ms
2026-05-28 18:16:39.564 +07:00 [INF] HTTP POST /hubs/chat/negotiate responded 200 in 49.6323 ms
2026-05-28 18:17:21.944 +07:00 [INF] HTTP GET /hubs/chat responded 101 in 42376.0306 ms
2026-05-28 18:17:22.153 +07:00 [INF] HTTP GET /.well-known/appspecific/com.chrome.devtools.json responded 404 in 80.2915 ms
2026-05-28 18:17:22.242 +07:00 [INF] HTTP POST /hubs/chat/negotiate responded 200 in 0.6846 ms
2026-05-28 18:17:22.253 +07:00 [INF] HTTP GET /san-pham/may-thoi-khi-duoi-nuoc-fanto-hre65l-16 responded 200 in 2139.2688 ms
2026-05-28 18:17:29.723 +07:00 [INF] HTTP GET /san-pham/may-thoi-khi-duoi-nuoc-fanto-hre65l-16 responded 200 in 56.1707 ms
2026-05-28 18:17:29.731 +07:00 [INF] HTTP GET /hubs/chat responded 101 in 7380.0029 ms
2026-05-28 18:17:29.783 +07:00 [INF] HTTP GET /.well-known/appspecific/com.chrome.devtools.json responded 404 in 5.2433 ms
2026-05-28 18:17:29.961 +07:00 [INF] HTTP POST /hubs/chat/negotiate responded 200 in 0.4194 ms
2026-05-28 18:17:34.895 +07:00 [INF] HTTP GET /san-pham/may-thoi-khi-duoi-nuoc-fanto-hre65l-16 responded 200 in 29.7668 ms
2026-05-28 18:17:34.901 +07:00 [INF] HTTP GET /hubs/chat responded 101 in 4849.3216 ms
2026-05-28 18:17:35.112 +07:00 [INF] HTTP POST /hubs/chat/negotiate responded 200 in 0.4137 ms
2026-05-28 18:17:35.896 +07:00 [INF] HTTP GET /dat-ngon-ngu/en responded 302 in 6.2317 ms
2026-05-28 18:17:35.923 +07:00 [INF] HTTP GET /san-pham/may-thoi-khi-duoi-nuoc-fanto-hre65l-16 responded 200 in 17.9218 ms
2026-05-28 18:17:35.931 +07:00 [INF] HTTP GET /hubs/chat responded 101 in 772.0662 ms
2026-05-28 18:17:36.059 +07:00 [INF] HTTP POST /hubs/chat/negotiate responded 200 in 0.5593 ms
2026-05-28 18:17:37.099 +07:00 [INF] HTTP GET /dat-ngon-ngu/vi responded 302 in 0.9366 ms
2026-05-28 18:17:37.124 +07:00 [INF] HTTP GET /san-pham/may-thoi-khi-duoi-nuoc-fanto-hre65l-16 responded 200 in 17.7246 ms
2026-05-28 18:17:37.132 +07:00 [INF] HTTP GET /hubs/chat responded 101 in 1004.1445 ms
2026-05-28 18:17:37.257 +07:00 [INF] HTTP POST /hubs/chat/negotiate responded 200 in 0.4152 ms
2026-05-28 18:17:38.823 +07:00 [INF] HTTP GET /Home/About responded 200 in 22.5778 ms
2026-05-28 18:17:38.904 +07:00 [INF] HTTP POST /hubs/chat/negotiate responded 200 in 0.4235 ms
2026-05-28 18:17:38.922 +07:00 [INF] HTTP GET /hubs/chat responded 101 in 1596.4275 ms
2026-05-28 18:17:41.366 +07:00 [INF] HTTP GET /kien-thuc responded 200 in 172.6660 ms
2026-05-28 18:17:41.472 +07:00 [INF] HTTP POST /hubs/chat/negotiate responded 200 in 0.3075 ms
2026-05-28 18:17:41.489 +07:00 [INF] HTTP GET /hubs/chat responded 101 in 2554.2735 ms
2026-05-28 18:17:42.750 +07:00 [INF] HTTP GET /Home/About responded 200 in 2.7112 ms
2026-05-28 18:17:42.834 +07:00 [INF] HTTP POST /hubs/chat/negotiate responded 200 in 0.3581 ms
2026-05-28 18:17:42.852 +07:00 [INF] HTTP GET /hubs/chat responded 101 in 1334.9183 ms
2026-05-28 18:17:45.327 +07:00 [INF] HTTP GET /uploads/banners/001f072d417844ca963c158cf3a72fa5.png responded 304 in 3.7116 ms
2026-05-28 18:17:45.327 +07:00 [INF] HTTP GET /uploads/banners/3c9243987a2d4d2896a29beb78859082.png responded 304 in 4.1659 ms
2026-05-28 18:17:45.333 +07:00 [INF] HTTP GET / responded 200 in 179.7559 ms
2026-05-28 18:17:45.337 +07:00 [INF] HTTP GET /uploads/banners/268705d1c6f24becad75a7253f575670.png responded 304 in 0.2643 ms
2026-05-28 18:17:45.456 +07:00 [INF] HTTP POST /hubs/chat/negotiate responded 200 in 0.4179 ms
2026-05-28 18:17:45.498 +07:00 [INF] HTTP GET /hubs/chat responded 101 in 2631.5492 ms
2026-05-28 18:17:46.651 +07:00 [INF] HTTP GET /san-pham responded 200 in 57.8461 ms
2026-05-28 18:17:46.753 +07:00 [INF] HTTP POST /hubs/chat/negotiate responded 200 in 0.3934 ms
2026-05-28 18:17:46.783 +07:00 [INF] HTTP GET /hubs/chat responded 101 in 1211.3777 ms
2026-05-28 18:17:47.202 +07:00 [INF] HTTP GET /kien-thuc responded 200 in 9.8194 ms
2026-05-28 18:17:47.353 +07:00 [INF] HTTP POST /hubs/chat/negotiate responded 200 in 0.2670 ms
2026-05-28 18:17:47.373 +07:00 [INF] HTTP GET /hubs/chat responded 101 in 561.2191 ms
2026-05-28 18:17:47.885 +07:00 [INF] HTTP GET /kien-thuc responded 200 in 11.5178 ms
2026-05-28 18:17:47.892 +07:00 [INF] HTTP GET /hubs/chat responded 101 in 492.5379 ms
2026-05-28 18:17:47.998 +07:00 [INF] HTTP POST /hubs/chat/negotiate responded 200 in 0.4834 ms
2026-05-28 18:17:48.583 +07:00 [INF] HTTP GET /doi-tac responded 200 in 134.3631 ms
2026-05-28 18:17:48.678 +07:00 [INF] HTTP POST /hubs/chat/negotiate responded 200 in 0.4176 ms
2026-05-28 18:17:48.706 +07:00 [INF] HTTP GET /hubs/chat responded 101 in 669.6204 ms
2026-05-28 18:17:50.278 +07:00 [INF] HTTP GET /Home/About responded 200 in 1.4297 ms
2026-05-28 18:17:50.393 +07:00 [INF] HTTP POST /hubs/chat/negotiate responded 200 in 0.3053 ms
2026-05-28 18:17:50.428 +07:00 [INF] HTTP GET /hubs/chat responded 101 in 1708.7613 ms
2026-05-28 18:18:03.989 +07:00 [INF] HTTP GET /kien-thuc responded 200 in 9.4917 ms
2026-05-28 18:18:04.168 +07:00 [INF] HTTP POST /hubs/chat/negotiate responded 200 in 0.4468 ms
2026-05-28 18:18:04.191 +07:00 [INF] HTTP GET /hubs/chat responded 101 in 13738.0525 ms
2026-05-28 18:18:04.584 +07:00 [INF] HTTP GET /san-pham responded 200 in 13.8276 ms
2026-05-28 18:18:04.685 +07:00 [INF] HTTP POST /hubs/chat/negotiate responded 200 in 0.3091 ms
2026-05-28 18:18:04.710 +07:00 [INF] HTTP GET /hubs/chat responded 101 in 487.9839 ms
2026-05-28 18:18:05.411 +07:00 [INF] HTTP GET /Home/About responded 200 in 0.7781 ms
2026-05-28 18:18:05.499 +07:00 [INF] HTTP POST /hubs/chat/negotiate responded 200 in 0.1949 ms
2026-05-28 18:18:05.517 +07:00 [INF] HTTP GET /hubs/chat responded 101 in 779.1156 ms
2026-05-28 18:18:06.537 +07:00 [INF] HTTP GET /dat-ngon-ngu/en responded 302 in 0.5994 ms
2026-05-28 18:18:06.545 +07:00 [INF] HTTP GET /Home/About responded 200 in 1.0620 ms
2026-05-28 18:18:06.553 +07:00 [INF] HTTP GET /hubs/chat responded 101 in 1021.7312 ms
2026-05-28 18:18:06.650 +07:00 [INF] HTTP POST /hubs/chat/negotiate responded 200 in 0.8884 ms
2026-05-28 18:18:07.536 +07:00 [INF] HTTP GET /doi-tac responded 200 in 9.8960 ms
2026-05-28 18:18:07.626 +07:00 [INF] HTTP POST /hubs/chat/negotiate responded 200 in 0.2382 ms
2026-05-28 18:18:07.646 +07:00 [INF] HTTP GET /hubs/chat responded 101 in 953.5132 ms
2026-05-28 18:18:08.218 +07:00 [INF] HTTP GET /Home/About responded 200 in 0.6980 ms
2026-05-28 18:18:08.305 +07:00 [INF] HTTP POST /hubs/chat/negotiate responded 200 in 0.2928 ms
2026-05-28 18:18:08.324 +07:00 [INF] HTTP GET /hubs/chat responded 101 in 665.0268 ms
2026-05-28 18:18:13.177 +07:00 [INF] HTTP GET /.well-known/appspecific/com.chrome.devtools.json responded 404 in 1.7794 ms
2026-05-28 18:18:16.265 +07:00 [INF] HTTP GET /dat-ngon-ngu/vi responded 302 in 0.4245 ms
2026-05-28 18:18:16.276 +07:00 [INF] HTTP GET /Home/About responded 200 in 1.2390 ms
2026-05-28 18:18:16.288 +07:00 [INF] HTTP GET /hubs/chat responded 101 in 7950.7093 ms
2026-05-28 18:18:16.401 +07:00 [INF] HTTP GET /.well-known/appspecific/com.chrome.devtools.json responded 404 in 1.5218 ms
2026-05-28 18:18:16.577 +07:00 [INF] HTTP POST /hubs/chat/negotiate responded 200 in 0.2906 ms
2026-05-28 18:19:52.533 +07:00 [INF] HTTP GET /hubs/chat responded 101 in 95781.7808 ms
2026-05-28 18:19:52.535 +07:00 [INF] HTTP POST /hubs/chat/negotiate responded 200 in 0.2543 ms
2026-05-28 18:20:07.265 +07:00 [INF] HTTP POST /hubs/chat/negotiate responded 200 in 51.6906 ms
2026-05-28 18:21:16.007 +07:00 [INF] HTTP GET /hubs/chat responded 101 in 68737.8712 ms
2026-05-28 18:21:16.258 +07:00 [INF] HTTP GET /.well-known/appspecific/com.chrome.devtools.json responded 404 in 123.8331 ms
2026-05-28 18:21:16.302 +07:00 [INF] HTTP POST /hubs/chat/negotiate responded 200 in 2.8935 ms
2026-05-28 18:21:16.424 +07:00 [INF] HTTP GET /Home/About responded 200 in 1921.3483 ms
2026-05-28 18:21:20.986 +07:00 [INF] HTTP GET /dat-ngon-ngu/en responded 302 in 12.9181 ms
2026-05-28 18:21:21.000 +07:00 [INF] HTTP GET /Home/About responded 200 in 6.1669 ms
2026-05-28 18:21:21.009 +07:00 [INF] HTTP GET /hubs/chat responded 101 in 4438.7653 ms
2026-05-28 18:21:21.070 +07:00 [INF] HTTP GET /.well-known/appspecific/com.chrome.devtools.json responded 404 in 5.2065 ms
2026-05-28 18:21:21.162 +07:00 [INF] HTTP POST /hubs/chat/negotiate responded 200 in 1.1592 ms
2026-05-28 18:21:24.981 +07:00 [INF] HTTP GET /dat-ngon-ngu/vi responded 302 in 0.9782 ms
2026-05-28 18:21:25.000 +07:00 [INF] HTTP GET /hubs/chat responded 101 in 3589.1389 ms
2026-05-28 18:21:25.025 +07:00 [INF] HTTP GET /Home/About responded 200 in 37.2898 ms
2026-05-28 18:21:25.056 +07:00 [INF] HTTP GET /.well-known/appspecific/com.chrome.devtools.json responded 404 in 2.4384 ms
2026-05-28 18:21:25.138 +07:00 [INF] HTTP POST /hubs/chat/negotiate responded 200 in 0.3464 ms
2026-05-28 18:23:16.583 +07:00 [INF] HTTP GET /san-pham responded 200 in 377.5259 ms
2026-05-28 18:23:16.655 +07:00 [INF] HTTP GET /.well-known/appspecific/com.chrome.devtools.json responded 404 in 1.5479 ms
2026-05-28 18:23:16.751 +07:00 [INF] HTTP POST /hubs/chat/negotiate responded 200 in 0.5286 ms
2026-05-28 18:23:16.785 +07:00 [INF] HTTP GET /hubs/chat responded 101 in 111608.2735 ms
2026-05-28 18:24:34.173 +07:00 [INF] HTTP GET /san-pham/may-tron-cam-fanto-3b-100l-11 responded 200 in 141.1844 ms
2026-05-28 18:24:34.341 +07:00 [INF] HTTP GET /hubs/chat responded 101 in 77523.3107 ms
2026-05-28 18:24:34.383 +07:00 [INF] HTTP POST /hubs/chat/negotiate responded 200 in 0.3129 ms
2026-05-28 18:24:37.296 +07:00 [INF] HTTP GET /uploads/products/537f8ef47e18410a83fd4c7f90ba4b15.png responded 200 in 23.7015 ms
2026-05-28 18:26:21.450 +07:00 [INF] HTTP GET /hubs/chat responded 101 in 107027.5659 ms
2026-05-28 18:26:21.453 +07:00 [INF] HTTP POST /hubs/chat/negotiate responded 200 in 0.3417 ms
2026-05-28 18:26:35.592 +07:00 [INF] HTTP POST /hubs/chat/negotiate responded 200 in 49.7012 ms
2026-05-28 18:26:41.007 +07:00 [INF] HTTP GET /hubs/chat responded 101 in 5412.0263 ms
2026-05-28 18:26:41.145 +07:00 [INF] HTTP POST /hubs/chat/negotiate responded 200 in 0.5757 ms
2026-05-28 18:26:41.226 +07:00 [INF] HTTP GET /san-pham/may-tron-cam-fanto-3b-100l-11 responded 200 in 2050.6829 ms
2026-05-28 18:26:42.722 +07:00 [INF] HTTP GET /gioi-thieu responded 404 in 68.3379 ms
2026-05-28 18:26:42.854 +07:00 [INF] HTTP POST /hubs/chat/negotiate responded 200 in 0.5260 ms
2026-05-28 18:26:42.871 +07:00 [INF] HTTP GET /hubs/chat responded 101 in 1680.0451 ms
2026-05-28 18:26:45.587 +07:00 [INF] HTTP GET /gioi-thieu responded 404 in 5.0683 ms
2026-05-28 18:26:45.594 +07:00 [INF] HTTP GET /hubs/chat responded 101 in 2704.5029 ms
2026-05-28 18:26:45.685 +07:00 [INF] HTTP POST /hubs/chat/negotiate responded 200 in 0.5829 ms
2026-05-28 18:26:47.063 +07:00 [INF] HTTP GET /hubs/chat responded 101 in 1341.2621 ms
2026-05-28 18:26:47.071 +07:00 [INF] HTTP GET /uploads/banners/3c9243987a2d4d2896a29beb78859082.png responded 304 in 3.8511 ms
2026-05-28 18:26:47.078 +07:00 [INF] HTTP GET / responded 200 in 267.1030 ms
2026-05-28 18:26:47.081 +07:00 [INF] HTTP GET /uploads/banners/001f072d417844ca963c158cf3a72fa5.png responded 304 in 1.1573 ms
2026-05-28 18:26:47.081 +07:00 [INF] HTTP GET /uploads/banners/268705d1c6f24becad75a7253f575670.png responded 304 in 0.3756 ms
2026-05-28 18:26:47.194 +07:00 [INF] HTTP POST /hubs/chat/negotiate responded 200 in 0.3708 ms
2026-05-28 18:26:48.936 +07:00 [INF] HTTP GET /gioi-thieu responded 404 in 1.9381 ms
2026-05-28 18:26:49.025 +07:00 [INF] HTTP POST /hubs/chat/negotiate responded 200 in 0.3048 ms
2026-05-28 18:26:49.052 +07:00 [INF] HTTP GET /hubs/chat responded 101 in 1756.5486 ms
2026-05-28 18:26:54.352 +07:00 [INF] HTTP GET /.well-known/appspecific/com.chrome.devtools.json responded 404 in 1.4771 ms
2026-05-28 18:26:56.048 +07:00 [INF] HTTP GET /gioi-thieu responded 404 in 1.4171 ms
2026-05-28 18:26:56.058 +07:00 [INF] HTTP GET /hubs/chat responded 101 in 6994.1483 ms
2026-05-28 18:26:56.228 +07:00 [INF] HTTP GET /.well-known/appspecific/com.chrome.devtools.json responded 404 in 1.7610 ms
2026-05-28 18:26:56.265 +07:00 [INF] HTTP POST /hubs/chat/negotiate responded 200 in 0.4616 ms
2026-05-28 18:27:02.336 +07:00 [INF] HTTP GET /hubs/chat responded 101 in 6028.2085 ms
2026-05-28 18:27:02.349 +07:00 [INF] HTTP GET /Home/About responded 200 in 37.1073 ms
2026-05-28 18:27:02.401 +07:00 [INF] HTTP GET /.well-known/appspecific/com.chrome.devtools.json responded 404 in 1.3239 ms
2026-05-28 18:27:02.533 +07:00 [INF] HTTP POST /hubs/chat/negotiate responded 200 in 1.8955 ms
2026-05-28 18:27:23.069 +07:00 [INF] HTTP GET /Home/About responded 200 in 2.6052 ms
2026-05-28 18:27:23.078 +07:00 [INF] HTTP GET /hubs/chat responded 101 in 20308.7288 ms
2026-05-28 18:27:23.135 +07:00 [INF] HTTP GET /.well-known/appspecific/com.chrome.devtools.json responded 404 in 1.1906 ms
2026-05-28 18:27:23.224 +07:00 [INF] HTTP POST /hubs/chat/negotiate responded 200 in 0.5074 ms
2026-05-28 18:27:27.862 +07:00 [INF] HTTP GET /gioi-thieu responded 404 in 1.2976 ms
2026-05-28 18:27:27.916 +07:00 [INF] HTTP GET /hubs/chat responded 101 in 4434.3224 ms
2026-05-28 18:27:27.958 +07:00 [INF] HTTP GET /.well-known/appspecific/com.chrome.devtools.json responded 404 in 1.1068 ms
2026-05-28 18:27:28.102 +07:00 [INF] HTTP POST /hubs/chat/negotiate responded 200 in 0.4744 ms
2026-05-28 18:27:55.594 +07:00 [INF] HTTP GET /Home/About responded 200 in 2.2785 ms
2026-05-28 18:27:55.607 +07:00 [INF] HTTP GET /hubs/chat responded 101 in 27450.1939 ms
2026-05-28 18:27:55.697 +07:00 [INF] HTTP GET /.well-known/appspecific/com.chrome.devtools.json responded 404 in 1.3294 ms
2026-05-28 18:27:55.816 +07:00 [INF] HTTP POST /hubs/chat/negotiate responded 200 in 0.6896 ms
2026-05-28 18:28:45.302 +07:00 [INF] HTTP GET /hubs/chat responded 101 in 49215.2686 ms
2026-05-28 18:28:45.305 +07:00 [INF] HTTP POST /hubs/chat/negotiate responded 200 in 0.3092 ms
2026-05-28 18:30:20.298 +07:00 [INF] HTTP GET /Home/About responded 404 in 1637.9129 ms
2026-05-28 18:30:20.470 +07:00 [INF] HTTP GET /.well-known/appspecific/com.chrome.devtools.json responded 404 in 18.3821 ms
2026-05-28 18:30:20.555 +07:00 [INF] HTTP POST /hubs/chat/negotiate responded 200 in 12.0915 ms
2026-05-28 18:30:23.821 +07:00 [INF] HTTP GET /hubs/chat responded 101 in 3210.2310 ms
2026-05-28 18:30:23.865 +07:00 [INF] HTTP GET /.well-known/appspecific/com.chrome.devtools.json responded 404 in 2.2573 ms
2026-05-28 18:30:23.974 +07:00 [INF] HTTP POST /hubs/chat/negotiate responded 200 in 1.2018 ms
2026-05-28 18:30:24.163 +07:00 [INF] HTTP GET /gioi-thieu responded 200 in 385.0242 ms
2026-05-28 18:30:29.431 +07:00 [INF] HTTP GET /gioi-thieu responded 200 in 2.1980 ms
2026-05-28 18:30:29.440 +07:00 [INF] HTTP GET /hubs/chat responded 101 in 5196.6733 ms
2026-05-28 18:30:29.619 +07:00 [INF] HTTP POST /hubs/chat/negotiate responded 200 in 1.1209 ms
2026-05-28 18:30:32.232 +07:00 [INF] HTTP GET / responded 200 in 543.1606 ms
2026-05-28 18:30:32.374 +07:00 [INF] HTTP POST /hubs/chat/negotiate responded 200 in 0.3505 ms
2026-05-28 18:30:32.420 +07:00 [INF] HTTP GET /hubs/chat responded 101 in 2574.6821 ms
2026-05-28 18:30:39.054 +07:00 [INF] HTTP GET /danh-muc/tao-song-1-tac-dung responded 200 in 112.8710 ms
2026-05-28 18:30:39.160 +07:00 [INF] HTTP POST /hubs/chat/negotiate responded 200 in 0.4604 ms
2026-05-28 18:30:39.190 +07:00 [INF] HTTP GET /hubs/chat responded 101 in 6694.3969 ms
2026-05-28 18:30:42.862 +07:00 [INF] HTTP GET /gio-hang responded 200 in 20.5552 ms
2026-05-28 18:30:42.945 +07:00 [INF] HTTP POST /hubs/chat/negotiate responded 200 in 0.4003 ms
2026-05-28 18:30:42.974 +07:00 [INF] HTTP GET /hubs/chat responded 101 in 3768.1643 ms
2026-05-28 18:30:48.831 +07:00 [INF] HTTP GET /dat-ngon-ngu/en responded 302 in 4.8708 ms
2026-05-28 18:30:48.841 +07:00 [INF] HTTP GET /gio-hang responded 200 in 1.9828 ms
2026-05-28 18:30:48.850 +07:00 [INF] HTTP GET /hubs/chat responded 101 in 5854.1588 ms
2026-05-28 18:30:48.957 +07:00 [INF] HTTP POST /hubs/chat/negotiate responded 200 in 0.6092 ms
2026-05-28 18:30:54.310 +07:00 [INF] HTTP GET /gio-hang responded 200 in 1.1859 ms
2026-05-28 18:30:54.321 +07:00 [INF] HTTP GET /hubs/chat responded 101 in 5317.0221 ms
2026-05-28 18:30:54.412 +07:00 [INF] HTTP POST /hubs/chat/negotiate responded 200 in 0.5060 ms
2026-05-28 18:30:55.380 +07:00 [INF] HTTP GET /gio-hang responded 200 in 1.4541 ms
2026-05-28 18:30:55.391 +07:00 [INF] HTTP GET /hubs/chat responded 101 in 926.8139 ms
2026-05-28 18:30:55.472 +07:00 [INF] HTTP POST /hubs/chat/negotiate responded 200 in 0.3658 ms
2026-05-28 18:30:55.885 +07:00 [INF] HTTP GET /dat-ngon-ngu/vi responded 302 in 1.5112 ms
2026-05-28 18:30:55.892 +07:00 [INF] HTTP GET /gio-hang responded 200 in 0.7462 ms
2026-05-28 18:30:55.901 +07:00 [INF] HTTP GET /hubs/chat responded 101 in 388.4438 ms
2026-05-28 18:30:55.993 +07:00 [INF] HTTP POST /hubs/chat/negotiate responded 200 in 0.5240 ms
2026-05-28 18:31:14.852 +07:00 [INF] HTTP GET /san-pham responded 200 in 61.0328 ms
2026-05-28 18:31:14.952 +07:00 [INF] HTTP POST /hubs/chat/negotiate responded 200 in 0.2697 ms
2026-05-28 18:31:14.981 +07:00 [INF] HTTP GET /hubs/chat responded 101 in 18944.3600 ms
2026-05-28 18:31:16.294 +07:00 [INF] HTTP GET /san-pham/may-tron-cam-fanto-3b-100l-11 responded 200 in 118.6089 ms
2026-05-28 18:31:16.416 +07:00 [INF] HTTP GET /hubs/chat responded 101 in 1404.8860 ms
2026-05-28 18:31:16.425 +07:00 [INF] HTTP POST /hubs/chat/negotiate responded 200 in 0.3943 ms
