2026-05-27 16:49:14.073 +07:00 [INF] HTTP GET /admin responded 302 in 70.8684 ms
2026-05-27 16:49:17.037 +07:00 [INF] HTTP GET /dang-nhap responded 200 in 2900.9650 ms
2026-05-27 16:49:17.064 +07:00 [INF] HTTP GET /uploads/settings/85eddb21b13c4e56a70ab970ffd354f5.png responded 304 in 13.7729 ms
2026-05-27 16:49:17.064 +07:00 [INF] HTTP GET /uploads/icons/youtube.png responded 304 in 13.7708 ms
2026-05-27 16:49:17.064 +07:00 [INF] HTTP GET /css/site.css responded 304 in 0.8365 ms
2026-05-27 16:49:17.074 +07:00 [INF] HTTP GET /uploads/icons/zalo.png responded 304 in 0.2783 ms
2026-05-27 16:49:17.101 +07:00 [INF] HTTP GET /js/site.js responded 200 in 8.1093 ms
2026-05-27 16:49:17.378 +07:00 [INF] HTTP POST /hubs/chat/negotiate responded 200 in 10.1126 ms
2026-05-27 16:49:33.053 +07:00 [INF] Đăng nhập thành công: admin@aquacms.com (Role: "SUPER_ADMIN")
2026-05-27 16:49:33.095 +07:00 [INF] HTTP POST /dang-nhap responded 302 in 1897.1571 ms
2026-05-27 16:49:33.507 +07:00 [INF] HTTP GET /admin responded 200 in 406.5892 ms
2026-05-27 16:49:33.519 +07:00 [INF] HTTP GET /css/admin.css responded 304 in 0.1604 ms
2026-05-27 16:49:33.523 +07:00 [INF] HTTP GET /hubs/chat responded 101 in 16106.3324 ms
2026-05-27 16:49:33.728 +07:00 [INF] HTTP POST /hubs/chat/negotiate responded 200 in 1.0981 ms
2026-05-27 16:49:58.902 +07:00 [INF] HTTP GET /admin/products responded 200 in 283.7228 ms
2026-05-27 16:49:59.044 +07:00 [INF] HTTP POST /hubs/chat/negotiate responded 200 in 0.3927 ms
2026-05-27 16:49:59.113 +07:00 [INF] HTTP GET /hubs/chat responded 101 in 25277.2377 ms
2026-05-27 16:50:03.549 +07:00 [INF] HTTP GET /admin/products responded 200 in 43.5246 ms
2026-05-27 16:50:03.556 +07:00 [INF] HTTP GET /hubs/chat responded 101 in 4431.1837 ms
2026-05-27 16:50:03.670 +07:00 [INF] HTTP POST /hubs/chat/negotiate responded 200 in 0.3838 ms
2026-05-27 16:50:05.451 +07:00 [INF] HTTP GET /admin/products/edit/a6926cc9-e508-469a-983a-f489d23438a4 responded 200 in 114.7468 ms
2026-05-27 16:50:05.457 +07:00 [INF] HTTP GET /hubs/chat responded 101 in 1702.9717 ms
2026-05-27 16:50:05.606 +07:00 [INF] HTTP POST /hubs/chat/negotiate responded 200 in 0.4109 ms
2026-05-27 16:50:22.418 +07:00 [INF] Upload thành công: /uploads/products/bfbac361eef54bf8b1437397ad1948d2.jpg (64647 bytes)
2026-05-27 16:50:22.600 +07:00 [INF] Cập nhật sản phẩm: Máy cho cá ăn 4 bao nhựa FANTO (ID: "a6926cc9-e508-469a-983a-f489d23438a4")
2026-05-27 16:50:22.708 +07:00 [INF] HTTP POST /admin/products/edit/a6926cc9-e508-469a-983a-f489d23438a4 responded 302 in 334.9641 ms
2026-05-27 16:50:22.733 +07:00 [INF] HTTP GET /admin/Products responded 200 in 18.4421 ms
2026-05-27 16:50:22.739 +07:00 [INF] HTTP GET /hubs/chat responded 101 in 17076.7521 ms
2026-05-27 16:50:22.760 +07:00 [INF] HTTP GET /uploads/products/bfbac361eef54bf8b1437397ad1948d2.jpg responded 200 in 15.5419 ms
2026-05-27 16:50:22.855 +07:00 [INF] HTTP POST /hubs/chat/negotiate responded 200 in 0.3756 ms
2026-05-27 16:50:26.632 +07:00 [INF] HTTP GET /uploads/products/bfbac361eef54bf8b1437397ad1948d2.jpg responded 304 in 0.5660 ms
2026-05-27 16:50:26.692 +07:00 [INF] HTTP GET /san-pham/may-cho-ca-an-4-bao-nhua-fanto-37 responded 200 in 173.6340 ms
2026-05-27 16:50:26.938 +07:00 [INF] HTTP POST /hubs/chat/negotiate responded 200 in 0.3906 ms
2026-05-27 16:50:28.491 +07:00 [INF] HTTP GET /hubs/chat responded 101 in 1447.5779 ms
2026-05-27 16:55:54.871 +07:00 [INF] HTTP GET /admin/Products responded 200 in 54.7185 ms
2026-05-27 16:55:54.872 +07:00 [INF] HTTP GET /hubs/chat responded 101 in 331952.0833 ms
2026-05-27 16:55:54.878 +07:00 [INF] HTTP GET /uploads/products/bfbac361eef54bf8b1437397ad1948d2.jpg responded 304 in 0.7258 ms
2026-05-27 16:55:55.115 +07:00 [INF] HTTP POST /hubs/chat/negotiate responded 200 in 0.3529 ms
2026-05-27 16:55:57.622 +07:00 [INF] HTTP GET /admin/products/edit/1e669665-12bb-48bb-bc5c-b50edb50611d responded 200 in 12.7461 ms
2026-05-27 16:55:57.629 +07:00 [INF] HTTP GET /hubs/chat responded 101 in 2458.8059 ms
2026-05-27 16:55:57.792 +07:00 [INF] HTTP POST /hubs/chat/negotiate responded 200 in 0.2920 ms
2026-05-27 16:56:07.864 +07:00 [INF] HTTP GET /admin/products/edit/1e669665-12bb-48bb-bc5c-b50edb50611d responded 200 in 12.3021 ms
2026-05-27 16:56:07.869 +07:00 [INF] HTTP GET /hubs/chat responded 101 in 10012.5579 ms
2026-05-27 16:56:08.013 +07:00 [INF] HTTP POST /hubs/chat/negotiate responded 200 in 0.4435 ms
2026-05-27 16:56:12.038 +07:00 [INF] HTTP GET /hubs/chat responded 101 in 3973.0422 ms
2026-05-27 16:56:12.040 +07:00 [INF] HTTP POST /hubs/chat/negotiate responded 200 in 0.4575 ms
2026-05-27 16:56:42.057 +07:00 [INF] HTTP GET /hubs/chat responded 101 in 30013.4229 ms
2026-05-27 16:57:38.581 +07:00 [INF] HTTP POST /hubs/chat/negotiate responded 200 in 62.8441 ms
2026-05-27 16:58:48.587 +07:00 [INF] HTTP GET /admin/products/edit/1e669665-12bb-48bb-bc5c-b50edb50611d responded 200 in 1861.1628 ms
2026-05-27 16:58:48.601 +07:00 [INF] HTTP GET /hubs/chat responded 101 in 70017.3878 ms
2026-05-27 16:58:48.836 +07:00 [INF] HTTP POST /hubs/chat/negotiate responded 200 in 0.7443 ms
2026-05-27 16:58:57.723 +07:00 [INF] HTTP GET /admin/products/edit/1e669665-12bb-48bb-bc5c-b50edb50611d responded 200 in 90.1420 ms
2026-05-27 16:58:57.728 +07:00 [INF] HTTP GET /hubs/chat responded 101 in 8845.4091 ms
2026-05-27 16:58:57.892 +07:00 [INF] HTTP POST /hubs/chat/negotiate responded 200 in 0.5156 ms
2026-05-27 16:59:05.696 +07:00 [INF] HTTP GET /admin/categories responded 200 in 47.0418 ms
2026-05-27 16:59:05.701 +07:00 [INF] HTTP GET /hubs/chat responded 101 in 7758.9877 ms
2026-05-27 16:59:05.801 +07:00 [INF] HTTP POST /hubs/chat/negotiate responded 200 in 0.5823 ms
2026-05-27 16:59:06.573 +07:00 [INF] HTTP GET /admin/products responded 200 in 160.6892 ms
2026-05-27 16:59:06.578 +07:00 [INF] HTTP GET /hubs/chat responded 101 in 715.2526 ms
2026-05-27 16:59:06.586 +07:00 [INF] HTTP GET /uploads/products/bfbac361eef54bf8b1437397ad1948d2.jpg responded 304 in 4.0749 ms
2026-05-27 16:59:06.690 +07:00 [INF] HTTP POST /hubs/chat/negotiate responded 200 in 0.2762 ms
2026-05-27 16:59:09.570 +07:00 [INF] HTTP GET /admin/products/edit/a6926cc9-e508-469a-983a-f489d23438a4 responded 200 in 14.5810 ms
2026-05-27 16:59:09.576 +07:00 [INF] HTTP GET /hubs/chat responded 101 in 2795.0522 ms
2026-05-27 16:59:09.728 +07:00 [INF] HTTP POST /hubs/chat/negotiate responded 200 in 0.3923 ms
2026-05-27 16:59:11.678 +07:00 [INF] HTTP GET /hubs/chat responded 101 in 1892.3416 ms
2026-05-27 16:59:11.680 +07:00 [INF] HTTP GET /admin/products responded 200 in 27.4992 ms
2026-05-27 16:59:11.798 +07:00 [INF] HTTP POST /hubs/chat/negotiate responded 200 in 0.3224 ms
2026-05-27 16:59:12.801 +07:00 [INF] HTTP GET /admin/products/edit/1e669665-12bb-48bb-bc5c-b50edb50611d responded 200 in 13.3689 ms
2026-05-27 16:59:12.809 +07:00 [INF] HTTP GET /hubs/chat responded 101 in 915.8672 ms
2026-05-27 16:59:12.963 +07:00 [INF] HTTP POST /hubs/chat/negotiate responded 200 in 0.3457 ms
2026-05-27 17:02:10.095 +07:00 [INF] HTTP GET /hubs/chat responded 101 in 177042.5533 ms
2026-05-27 17:02:10.097 +07:00 [INF] HTTP POST /hubs/chat/negotiate responded 200 in 0.3495 ms
2026-05-27 17:02:24.859 +07:00 [INF] HTTP POST /hubs/chat/negotiate responded 200 in 60.1182 ms
2026-05-27 17:02:52.503 +07:00 [INF] HTTP GET /admin/products/edit/1e669665-12bb-48bb-bc5c-b50edb50611d responded 200 in 1862.4390 ms
2026-05-27 17:02:52.514 +07:00 [INF] HTTP GET /hubs/chat responded 101 in 27651.5589 ms
2026-05-27 17:02:52.762 +07:00 [INF] HTTP POST /hubs/chat/negotiate responded 200 in 0.6387 ms
2026-05-27 17:03:00.357 +07:00 [INF] HTTP GET /admin/products/edit/1e669665-12bb-48bb-bc5c-b50edb50611d responded 200 in 94.0467 ms
2026-05-27 17:03:00.363 +07:00 [INF] HTTP GET /hubs/chat responded 101 in 7557.2484 ms
2026-05-27 17:03:00.539 +07:00 [INF] HTTP POST /hubs/chat/negotiate responded 200 in 0.4126 ms
2026-05-27 17:03:01.198 +07:00 [INF] HTTP GET /admin/categories responded 200 in 48.9004 ms
2026-05-27 17:03:01.205 +07:00 [INF] HTTP GET /hubs/chat responded 101 in 596.8136 ms
2026-05-27 17:03:01.299 +07:00 [INF] HTTP POST /hubs/chat/negotiate responded 200 in 0.4608 ms
2026-05-27 17:03:02.447 +07:00 [INF] HTTP GET /admin/products responded 200 in 158.3323 ms
2026-05-27 17:03:02.454 +07:00 [INF] HTTP GET /hubs/chat responded 101 in 1099.5561 ms
2026-05-27 17:03:02.461 +07:00 [INF] HTTP GET /uploads/products/bfbac361eef54bf8b1437397ad1948d2.jpg responded 304 in 4.2006 ms
2026-05-27 17:03:02.586 +07:00 [INF] HTTP POST /hubs/chat/negotiate responded 200 in 0.3874 ms
2026-05-27 17:03:02.880 +07:00 [INF] HTTP GET /admin/categories responded 200 in 7.6393 ms
2026-05-27 17:03:02.888 +07:00 [INF] HTTP GET /hubs/chat responded 101 in 218.5082 ms
2026-05-27 17:03:02.986 +07:00 [INF] HTTP POST /hubs/chat/negotiate responded 200 in 0.3676 ms
2026-05-27 17:03:07.112 +07:00 [INF] HTTP GET /admin/categories/edit/d010f78f-b1a6-4244-9590-b6b34703c894 responded 200 in 55.1977 ms
2026-05-27 17:03:07.118 +07:00 [INF] HTTP GET /hubs/chat responded 101 in 4073.7053 ms
2026-05-27 17:03:07.225 +07:00 [INF] HTTP POST /hubs/chat/negotiate responded 200 in 0.3085 ms
2026-05-27 17:03:13.754 +07:00 [INF] HTTP GET /hubs/chat responded 101 in 6478.7574 ms
2026-05-27 17:03:13.754 +07:00 [INF] HTTP GET /admin/products responded 200 in 24.2858 ms
2026-05-27 17:03:13.855 +07:00 [INF] HTTP POST /hubs/chat/negotiate responded 200 in 0.4931 ms
2026-05-27 17:03:15.199 +07:00 [INF] HTTP GET /admin/products/edit/41fc5308-7aa8-4e52-83e2-95e355739baf responded 200 in 13.3194 ms
2026-05-27 17:03:15.205 +07:00 [INF] HTTP GET /hubs/chat responded 101 in 1270.2955 ms
2026-05-27 17:03:15.362 +07:00 [INF] HTTP POST /hubs/chat/negotiate responded 200 in 0.4764 ms
2026-05-27 17:06:14.806 +07:00 [INF] HTTP GET /admin/knowledge responded 200 in 709.1401 ms
2026-05-27 17:06:14.807 +07:00 [INF] HTTP GET /admin/knowledge responded 200 in 2174.2863 ms
2026-05-27 17:06:14.814 +07:00 [INF] HTTP GET /hubs/chat responded 101 in 179380.8350 ms
2026-05-27 17:06:15.015 +07:00 [INF] HTTP POST /hubs/chat/negotiate responded 200 in 0.2877 ms
2026-05-27 17:06:17.798 +07:00 [INF] HTTP GET /admin/knowledge/edit/17b97b0a-da30-457d-bbe3-150ae4fa3a40 responded 200 in 67.0366 ms
2026-05-27 17:06:17.804 +07:00 [INF] HTTP GET /hubs/chat responded 101 in 2721.8106 ms
2026-05-27 17:06:17.956 +07:00 [INF] HTTP POST /hubs/chat/negotiate responded 200 in 0.9891 ms
2026-05-27 17:06:52.132 +07:00 [INF] HTTP POST /admin/knowledge/edit/17b97b0a-da30-457d-bbe3-150ae4fa3a40 responded 302 in 324.3304 ms
2026-05-27 17:06:52.150 +07:00 [INF] HTTP GET /admin/Knowledge responded 200 in 10.6357 ms
2026-05-27 17:06:52.156 +07:00 [INF] HTTP GET /hubs/chat responded 101 in 34135.0404 ms
2026-05-27 17:06:52.256 +07:00 [INF] HTTP POST /hubs/chat/negotiate responded 200 in 0.3254 ms
2026-05-27 17:06:54.183 +07:00 [INF] HTTP GET /admin/Knowledge responded 200 in 11.6477 ms
2026-05-27 17:06:54.189 +07:00 [INF] HTTP GET /hubs/chat responded 101 in 1897.4331 ms
2026-05-27 17:06:54.287 +07:00 [INF] HTTP POST /hubs/chat/negotiate responded 200 in 0.2930 ms
2026-05-27 17:06:55.958 +07:00 [INF] HTTP GET /admin/knowledge/edit/17b97b0a-da30-457d-bbe3-150ae4fa3a40 responded 200 in 10.2437 ms
2026-05-27 17:06:55.965 +07:00 [INF] HTTP GET /hubs/chat responded 101 in 1648.7569 ms
2026-05-27 17:06:56.093 +07:00 [INF] HTTP POST /hubs/chat/negotiate responded 200 in 0.3065 ms
2026-05-27 17:07:05.171 +07:00 [INF] HTTP POST /admin/knowledge/edit/17b97b0a-da30-457d-bbe3-150ae4fa3a40 responded 302 in 20.6671 ms
2026-05-27 17:07:05.187 +07:00 [INF] HTTP GET /admin/Knowledge responded 200 in 9.4714 ms
2026-05-27 17:07:05.194 +07:00 [INF] HTTP GET /hubs/chat responded 101 in 9043.9858 ms
2026-05-27 17:07:05.293 +07:00 [INF] HTTP POST /hubs/chat/negotiate responded 200 in 0.2694 ms
2026-05-27 17:07:06.533 +07:00 [INF] HTTP GET /admin/knowledge/edit/17b97b0a-da30-457d-bbe3-150ae4fa3a40 responded 200 in 10.4924 ms
2026-05-27 17:07:06.539 +07:00 [INF] HTTP GET /hubs/chat responded 101 in 1199.5184 ms
2026-05-27 17:07:06.650 +07:00 [INF] HTTP POST /hubs/chat/negotiate responded 200 in 0.3990 ms
2026-05-27 17:07:09.848 +07:00 [INF] HTTP GET /admin/knowledgecategories responded 200 in 26.2440 ms
2026-05-27 17:07:09.854 +07:00 [INF] HTTP GET /hubs/chat responded 101 in 3147.7827 ms
2026-05-27 17:07:09.946 +07:00 [INF] HTTP POST /hubs/chat/negotiate responded 200 in 0.5092 ms
2026-05-27 17:07:12.759 +07:00 [INF] HTTP GET /admin/partners responded 200 in 119.7669 ms
2026-05-27 17:07:12.765 +07:00 [INF] HTTP GET /hubs/chat responded 101 in 2768.5381 ms
2026-05-27 17:07:12.854 +07:00 [INF] HTTP POST /hubs/chat/negotiate responded 200 in 0.2009 ms
2026-05-27 17:07:15.055 +07:00 [INF] HTTP GET /admin/partners/edit/d62840f4-0e38-4a2c-be39-6ff2fcd27c3f responded 200 in 69.1729 ms
2026-05-27 17:07:15.060 +07:00 [INF] HTTP GET /hubs/chat responded 101 in 2160.7100 ms
2026-05-27 17:07:15.267 +07:00 [INF] HTTP POST /hubs/chat/negotiate responded 200 in 0.2290 ms
2026-05-27 17:07:28.823 +07:00 [INF] HTTP POST /admin/partners/edit/d62840f4-0e38-4a2c-be39-6ff2fcd27c3f responded 302 in 49.2502 ms
2026-05-27 17:07:28.861 +07:00 [INF] HTTP GET /admin/Partners responded 200 in 31.4982 ms
2026-05-27 17:07:28.867 +07:00 [INF] HTTP GET /hubs/chat responded 101 in 13562.9989 ms
2026-05-27 17:07:28.974 +07:00 [INF] HTTP POST /hubs/chat/negotiate responded 200 in 0.2122 ms
2026-05-27 17:07:30.414 +07:00 [INF] HTTP GET /admin/Partners responded 200 in 10.5975 ms
2026-05-27 17:07:30.419 +07:00 [INF] HTTP GET /hubs/chat responded 101 in 1407.1624 ms
2026-05-27 17:07:30.509 +07:00 [INF] HTTP POST /hubs/chat/negotiate responded 200 in 0.1919 ms
2026-05-27 17:07:48.874 +07:00 [INF] HTTP GET /hubs/chat responded 101 in 18335.5814 ms
2026-05-27 17:07:48.875 +07:00 [INF] HTTP POST /hubs/chat/negotiate responded 200 in 0.2245 ms
2026-05-27 17:08:02.995 +07:00 [INF] HTTP POST /hubs/chat/negotiate responded 200 in 48.6917 ms
2026-05-27 17:08:24.528 +07:00 [INF] HTTP GET /admin/Partners responded 200 in 1891.5125 ms
2026-05-27 17:08:24.543 +07:00 [INF] HTTP GET /hubs/chat responded 101 in 21544.9865 ms
2026-05-27 17:08:24.732 +07:00 [INF] HTTP POST /hubs/chat/negotiate responded 200 in 0.5266 ms
2026-05-27 17:08:26.754 +07:00 [INF] HTTP GET /admin/products responded 200 in 347.6909 ms
2026-05-27 17:08:26.759 +07:00 [INF] HTTP GET /hubs/chat responded 101 in 1989.0098 ms
2026-05-27 17:08:26.766 +07:00 [INF] HTTP GET /uploads/products/bfbac361eef54bf8b1437397ad1948d2.jpg responded 304 in 3.1923 ms
2026-05-27 17:08:26.884 +07:00 [INF] HTTP POST /hubs/chat/negotiate responded 200 in 0.4481 ms
2026-05-27 17:08:29.320 +07:00 [INF] HTTP GET /admin/products/edit/41fc5308-7aa8-4e52-83e2-95e355739baf responded 200 in 239.0502 ms
2026-05-27 17:08:29.327 +07:00 [INF] HTTP GET /hubs/chat responded 101 in 2364.1001 ms
2026-05-27 17:08:29.475 +07:00 [INF] HTTP POST /hubs/chat/negotiate responded 200 in 0.4531 ms
2026-05-27 17:11:11.335 +07:00 [INF] HTTP GET /hubs/chat responded 101 in 161808.2917 ms
2026-05-27 17:11:11.338 +07:00 [INF] HTTP POST /hubs/chat/negotiate responded 200 in 0.3859 ms
2026-05-27 17:11:25.504 +07:00 [INF] HTTP POST /hubs/chat/negotiate responded 200 in 48.6576 ms
2026-05-27 17:11:59.593 +07:00 [INF] HTTP GET /admin/products/edit/41fc5308-7aa8-4e52-83e2-95e355739baf responded 200 in 1753.3491 ms
2026-05-27 17:11:59.606 +07:00 [INF] HTTP GET /hubs/chat responded 101 in 34098.2257 ms
2026-05-27 17:11:59.856 +07:00 [INF] HTTP POST /hubs/chat/negotiate responded 200 in 1.0844 ms
2026-05-27 17:12:09.949 +07:00 [INF] HTTP GET /admin/products/edit/41fc5308-7aa8-4e52-83e2-95e355739baf responded 200 in 89.5208 ms
2026-05-27 17:12:09.954 +07:00 [INF] HTTP GET /hubs/chat responded 101 in 10055.6881 ms
2026-05-27 17:12:10.134 +07:00 [INF] HTTP POST /hubs/chat/negotiate responded 200 in 0.8203 ms
2026-05-27 17:12:16.287 +07:00 [INF] HTTP GET /admin responded 200 in 274.3332 ms
2026-05-27 17:12:16.293 +07:00 [INF] HTTP GET /hubs/chat responded 101 in 6089.4108 ms
2026-05-27 17:12:16.416 +07:00 [INF] HTTP POST /hubs/chat/negotiate responded 200 in 0.4523 ms
2026-05-27 17:12:18.389 +07:00 [INF] HTTP GET /admin/products responded 200 in 103.9416 ms
2026-05-27 17:12:18.395 +07:00 [INF] HTTP GET /hubs/chat responded 101 in 1904.3662 ms
2026-05-27 17:12:18.403 +07:00 [INF] HTTP GET /uploads/products/bfbac361eef54bf8b1437397ad1948d2.jpg responded 304 in 4.1687 ms
2026-05-27 17:12:18.511 +07:00 [INF] HTTP POST /hubs/chat/negotiate responded 200 in 0.4313 ms
2026-05-27 17:12:19.666 +07:00 [INF] HTTP GET /admin/products/edit/41fc5308-7aa8-4e52-83e2-95e355739baf responded 200 in 14.5663 ms
2026-05-27 17:12:19.673 +07:00 [INF] HTTP GET /hubs/chat responded 101 in 1068.7972 ms
2026-05-27 17:12:19.838 +07:00 [INF] HTTP POST /hubs/chat/negotiate responded 200 in 0.3367 ms
2026-05-27 17:12:35.914 +07:00 [INF] HTTP GET /admin/products/edit/41fc5308-7aa8-4e52-83e2-95e355739baf responded 200 in 12.8150 ms
2026-05-27 17:12:35.921 +07:00 [INF] HTTP GET /hubs/chat responded 101 in 16015.1341 ms
2026-05-27 17:12:36.075 +07:00 [INF] HTTP POST /hubs/chat/negotiate responded 200 in 0.4125 ms
2026-05-27 17:12:36.546 +07:00 [INF] HTTP GET /admin/products/edit/41fc5308-7aa8-4e52-83e2-95e355739baf responded 200 in 12.1831 ms
2026-05-27 17:12:36.551 +07:00 [INF] HTTP GET /hubs/chat responded 101 in 418.9804 ms
2026-05-27 17:12:36.692 +07:00 [INF] HTTP GET /admin/products/edit/41fc5308-7aa8-4e52-83e2-95e355739baf responded 200 in 11.6390 ms
2026-05-27 17:12:36.694 +07:00 [INF] HTTP POST /hubs/chat/negotiate responded 200 in 0.3163 ms
2026-05-27 17:12:36.839 +07:00 [INF] HTTP GET /admin/products/edit/41fc5308-7aa8-4e52-83e2-95e355739baf responded 200 in 11.0196 ms
2026-05-27 17:12:36.841 +07:00 [INF] HTTP POST /hubs/chat/negotiate responded 200 in 0.3030 ms
2026-05-27 17:12:36.989 +07:00 [INF] HTTP GET /admin/products/edit/41fc5308-7aa8-4e52-83e2-95e355739baf responded 200 in 11.0662 ms
2026-05-27 17:12:36.991 +07:00 [INF] HTTP POST /hubs/chat/negotiate responded 200 in 0.3253 ms
2026-05-27 17:12:37.136 +07:00 [INF] HTTP GET /admin/products/edit/41fc5308-7aa8-4e52-83e2-95e355739baf responded 200 in 11.3011 ms
2026-05-27 17:12:37.138 +07:00 [INF] HTTP POST /hubs/chat/negotiate responded 200 in 0.4326 ms
2026-05-27 17:12:37.236 +07:00 [INF] HTTP GET /admin/products/edit/41fc5308-7aa8-4e52-83e2-95e355739baf responded 200 in 12.9573 ms
2026-05-27 17:12:37.388 +07:00 [INF] HTTP POST /hubs/chat/negotiate responded 200 in 0.3261 ms
2026-05-27 17:12:37.420 +07:00 [INF] HTTP GET /admin/products/edit/41fc5308-7aa8-4e52-83e2-95e355739baf responded 200 in 12.0493 ms
2026-05-27 17:12:37.571 +07:00 [INF] HTTP GET /admin/products/edit/41fc5308-7aa8-4e52-83e2-95e355739baf responded 200 in 10.9801 ms
2026-05-27 17:12:37.576 +07:00 [INF] HTTP POST /hubs/chat/negotiate responded 200 in 0.2784 ms
2026-05-27 17:12:37.721 +07:00 [INF] HTTP GET /admin/products/edit/41fc5308-7aa8-4e52-83e2-95e355739baf responded 200 in 12.3843 ms
2026-05-27 17:12:37.723 +07:00 [INF] HTTP POST /hubs/chat/negotiate responded 200 in 0.3286 ms
2026-05-27 17:12:37.866 +07:00 [INF] HTTP POST /hubs/chat/negotiate responded 200 in 0.3651 ms
2026-05-27 17:12:37.867 +07:00 [INF] HTTP GET /admin/products/edit/41fc5308-7aa8-4e52-83e2-95e355739baf responded 200 in 11.3920 ms
2026-05-27 17:12:38.012 +07:00 [INF] HTTP GET /admin/products/edit/41fc5308-7aa8-4e52-83e2-95e355739baf responded 200 in 12.0093 ms
2026-05-27 17:12:38.016 +07:00 [INF] HTTP POST /hubs/chat/negotiate responded 200 in 0.3415 ms
2026-05-27 17:12:38.161 +07:00 [INF] HTTP GET /admin/products/edit/41fc5308-7aa8-4e52-83e2-95e355739baf responded 200 in 10.8097 ms
2026-05-27 17:12:38.163 +07:00 [INF] HTTP POST /hubs/chat/negotiate responded 200 in 0.3227 ms
2026-05-27 17:12:38.305 +07:00 [INF] HTTP GET /admin/products/edit/41fc5308-7aa8-4e52-83e2-95e355739baf responded 200 in 10.8173 ms
2026-05-27 17:12:38.308 +07:00 [INF] HTTP POST /hubs/chat/negotiate responded 200 in 0.2599 ms
2026-05-27 17:12:38.452 +07:00 [INF] HTTP POST /hubs/chat/negotiate responded 200 in 0.3623 ms
2026-05-27 17:12:38.480 +07:00 [INF] HTTP GET /admin/products/edit/41fc5308-7aa8-4e52-83e2-95e355739baf responded 200 in 10.6184 ms
2026-05-27 17:12:38.624 +07:00 [INF] HTTP POST /hubs/chat/negotiate responded 200 in 0.2164 ms
2026-05-27 17:12:38.653 +07:00 [INF] HTTP GET /admin/products/edit/41fc5308-7aa8-4e52-83e2-95e355739baf responded 200 in 10.6522 ms
2026-05-27 17:12:38.808 +07:00 [INF] HTTP GET /admin/products/edit/41fc5308-7aa8-4e52-83e2-95e355739baf responded 200 in 11.6218 ms
2026-05-27 17:12:38.808 +07:00 [INF] HTTP POST /hubs/chat/negotiate responded 200 in 0.3064 ms
2026-05-27 17:12:38.955 +07:00 [INF] HTTP POST /hubs/chat/negotiate responded 200 in 0.3639 ms
2026-05-27 17:12:39.015 +07:00 [INF] HTTP GET /admin/products/edit/41fc5308-7aa8-4e52-83e2-95e355739baf responded 200 in 12.0369 ms
2026-05-27 17:12:39.041 +07:00 [INF] HTTP GET /hubs/chat responded 101 in 30.0651 ms
2026-05-27 17:12:39.175 +07:00 [INF] HTTP POST /hubs/chat/negotiate responded 200 in 0.2957 ms
2026-05-27 17:12:39.260 +07:00 [INF] HTTP GET /admin/products/edit/41fc5308-7aa8-4e52-83e2-95e355739baf responded 200 in 11.9083 ms
2026-05-27 17:12:39.267 +07:00 [INF] HTTP GET /hubs/chat responded 101 in 38.4012 ms
2026-05-27 17:12:39.398 +07:00 [INF] HTTP POST /hubs/chat/negotiate responded 200 in 0.4857 ms
2026-05-27 17:12:39.522 +07:00 [INF] HTTP GET /admin/products/edit/41fc5308-7aa8-4e52-83e2-95e355739baf responded 200 in 12.2248 ms
2026-05-27 17:12:39.529 +07:00 [INF] HTTP GET /hubs/chat responded 101 in 77.0317 ms
2026-05-27 17:12:39.676 +07:00 [INF] HTTP POST /hubs/chat/negotiate responded 200 in 0.2629 ms
2026-05-27 17:12:39.770 +07:00 [INF] HTTP GET /admin/products/edit/41fc5308-7aa8-4e52-83e2-95e355739baf responded 200 in 11.2338 ms
2026-05-27 17:12:39.779 +07:00 [INF] HTTP GET /hubs/chat responded 101 in 51.6151 ms
2026-05-27 17:12:39.930 +07:00 [INF] HTTP POST /hubs/chat/negotiate responded 200 in 0.2229 ms
2026-05-27 17:12:40.030 +07:00 [INF] HTTP GET /admin/products/edit/41fc5308-7aa8-4e52-83e2-95e355739baf responded 200 in 13.5560 ms
2026-05-27 17:12:40.040 +07:00 [INF] HTTP GET /hubs/chat responded 101 in 53.0291 ms
2026-05-27 17:12:40.183 +07:00 [INF] HTTP POST /hubs/chat/negotiate responded 200 in 0.3239 ms
2026-05-27 17:12:40.319 +07:00 [INF] HTTP GET /admin/products/edit/41fc5308-7aa8-4e52-83e2-95e355739baf responded 200 in 10.5988 ms
2026-05-27 17:12:40.328 +07:00 [INF] HTTP GET /hubs/chat responded 101 in 88.2235 ms
2026-05-27 17:12:40.461 +07:00 [INF] HTTP POST /hubs/chat/negotiate responded 200 in 0.2021 ms
2026-05-27 17:15:20.174 +07:00 [INF] HTTP GET /hubs/chat responded 101 in 159662.4951 ms
2026-05-27 17:15:20.177 +07:00 [INF] HTTP POST /hubs/chat/negotiate responded 200 in 0.2628 ms
2026-05-27 17:15:36.145 +07:00 [INF] HTTP POST /hubs/chat/negotiate responded 200 in 48.4493 ms
2026-05-27 17:15:43.525 +07:00 [INF] HTTP GET /admin/products/edit/41fc5308-7aa8-4e52-83e2-95e355739baf responded 200 in 1790.6480 ms
2026-05-27 17:15:43.539 +07:00 [INF] HTTP GET /hubs/chat responded 101 in 7389.3468 ms
2026-05-27 17:15:43.784 +07:00 [INF] HTTP POST /hubs/chat/negotiate responded 200 in 0.6558 ms
2026-05-27 17:17:05.398 +07:00 [INF] HTTP GET /admin/categories responded 200 in 118.3418 ms
2026-05-27 17:17:05.405 +07:00 [INF] HTTP GET /hubs/chat responded 101 in 81567.3720 ms
2026-05-27 17:17:05.624 +07:00 [INF] HTTP POST /hubs/chat/negotiate responded 200 in 0.4191 ms
2026-05-27 17:17:07.490 +07:00 [INF] HTTP GET /admin/categories/edit/f6ff294a-eb36-47b3-82e3-acf886b20e0f responded 200 in 75.3637 ms
2026-05-27 17:17:07.495 +07:00 [INF] HTTP GET /hubs/chat responded 101 in 1802.6879 ms
2026-05-27 17:17:07.620 +07:00 [INF] HTTP POST /hubs/chat/negotiate responded 200 in 0.4195 ms
2026-05-27 17:17:16.252 +07:00 [INF] HTTP GET /admin/products responded 200 in 132.4486 ms
2026-05-27 17:17:16.256 +07:00 [INF] HTTP GET /hubs/chat responded 101 in 8579.6332 ms
2026-05-27 17:17:16.264 +07:00 [INF] HTTP GET /uploads/products/bfbac361eef54bf8b1437397ad1948d2.jpg responded 304 in 3.7634 ms
2026-05-27 17:17:16.367 +07:00 [INF] HTTP POST /hubs/chat/negotiate responded 200 in 0.4213 ms
2026-05-27 17:17:57.651 +07:00 [INF] HTTP GET /admin/products responded 200 in 24.6617 ms
2026-05-27 17:17:57.652 +07:00 [INF] HTTP GET /hubs/chat responded 101 in 41212.4505 ms
2026-05-27 17:17:57.771 +07:00 [INF] HTTP POST /hubs/chat/negotiate responded 200 in 0.3103 ms
2026-05-27 17:17:58.303 +07:00 [INF] HTTP GET /admin/products responded 200 in 17.4213 ms
2026-05-27 17:17:58.308 +07:00 [INF] HTTP GET /hubs/chat responded 101 in 458.1459 ms
2026-05-27 17:17:58.411 +07:00 [INF] HTTP POST /hubs/chat/negotiate responded 200 in 0.4322 ms
2026-05-27 17:17:58.603 +07:00 [INF] HTTP GET /admin/products responded 200 in 16.2100 ms
2026-05-27 17:17:58.609 +07:00 [INF] HTTP GET /hubs/chat responded 101 in 126.5958 ms
2026-05-27 17:17:58.711 +07:00 [INF] HTTP POST /hubs/chat/negotiate responded 200 in 0.3741 ms
2026-05-27 17:17:58.878 +07:00 [INF] HTTP GET /admin/products responded 200 in 15.2263 ms
2026-05-27 17:17:58.884 +07:00 [INF] HTTP GET /hubs/chat responded 101 in 101.8906 ms
2026-05-27 17:17:58.987 +07:00 [INF] HTTP POST /hubs/chat/negotiate responded 200 in 0.2772 ms
2026-05-27 17:17:59.687 +07:00 [INF] HTTP GET /admin/products/edit/41fc5308-7aa8-4e52-83e2-95e355739baf responded 200 in 15.5353 ms
2026-05-27 17:17:59.694 +07:00 [INF] HTTP GET /hubs/chat responded 101 in 614.6655 ms
2026-05-27 17:17:59.839 +07:00 [INF] HTTP POST /hubs/chat/negotiate responded 200 in 0.3688 ms
2026-05-27 17:18:08.380 +07:00 [INF] HTTP GET /hubs/chat responded 101 in 8486.5265 ms
2026-05-27 17:18:08.381 +07:00 [INF] HTTP POST /hubs/chat/negotiate responded 200 in 0.3248 ms
2026-05-27 17:18:23.314 +07:00 [INF] HTTP POST /hubs/chat/negotiate responded 200 in 56.7935 ms
2026-05-27 17:18:26.945 +07:00 [INF] HTTP GET /admin/products/edit/41fc5308-7aa8-4e52-83e2-95e355739baf responded 200 in 1911.6779 ms
2026-05-27 17:18:26.958 +07:00 [INF] HTTP GET /hubs/chat responded 101 in 3641.2076 ms
2026-05-27 17:18:27.188 +07:00 [INF] HTTP POST /hubs/chat/negotiate responded 200 in 0.8935 ms
2026-05-27 17:19:05.680 +07:00 [INF] Cập nhật sản phẩm: Bơm mưa FANTO SC-1,5 220V (ID: "41fc5308-7aa8-4e52-83e2-95e355739baf")
2026-05-27 17:19:05.826 +07:00 [INF] HTTP POST /admin/products/edit/41fc5308-7aa8-4e52-83e2-95e355739baf responded 302 in 462.2244 ms
2026-05-27 17:19:06.001 +07:00 [INF] HTTP GET /admin/Products responded 200 in 167.6473 ms
2026-05-27 17:19:06.007 +07:00 [INF] HTTP GET /hubs/chat responded 101 in 38778.3590 ms
2026-05-27 17:19:06.133 +07:00 [INF] HTTP POST /hubs/chat/negotiate responded 200 in 0.4674 ms
2026-05-27 17:19:08.811 +07:00 [INF] HTTP GET /admin/products/edit/41fc5308-7aa8-4e52-83e2-95e355739baf responded 200 in 20.9984 ms
2026-05-27 17:19:08.817 +07:00 [INF] HTTP GET /hubs/chat responded 101 in 2619.5278 ms
2026-05-27 17:19:08.969 +07:00 [INF] HTTP POST /hubs/chat/negotiate responded 200 in 0.4534 ms
2026-05-27 17:19:20.133 +07:00 [INF] Upload thành công: /uploads/products/a3fd234687c34a1ea6ee886a8ff9b826.png (34321 bytes)
2026-05-27 17:19:20.142 +07:00 [INF] Cập nhật sản phẩm: Bơm mưa FANTO SC-1,5 220V (ID: "41fc5308-7aa8-4e52-83e2-95e355739baf")
2026-05-27 17:19:20.151 +07:00 [INF] HTTP POST /admin/products/edit/41fc5308-7aa8-4e52-83e2-95e355739baf responded 302 in 37.5126 ms
2026-05-27 17:19:20.183 +07:00 [INF] HTTP GET /admin/Products responded 200 in 24.5192 ms
2026-05-27 17:19:20.191 +07:00 [INF] HTTP GET /hubs/chat responded 101 in 11165.7824 ms
2026-05-27 17:19:20.218 +07:00 [INF] HTTP GET /uploads/products/a3fd234687c34a1ea6ee886a8ff9b826.png responded 200 in 22.7631 ms
2026-05-27 17:19:20.314 +07:00 [INF] HTTP POST /hubs/chat/negotiate responded 200 in 0.3708 ms
2026-05-27 17:19:24.920 +07:00 [INF] HTTP GET /admin/knowledge responded 200 in 355.0256 ms
2026-05-27 17:19:24.928 +07:00 [INF] HTTP GET /hubs/chat responded 101 in 4540.4512 ms
2026-05-27 17:19:25.029 +07:00 [INF] HTTP POST /hubs/chat/negotiate responded 200 in 0.3587 ms
2026-05-27 17:19:26.131 +07:00 [INF] HTTP GET /admin/knowledge/edit/17b97b0a-da30-457d-bbe3-150ae4fa3a40 responded 200 in 72.0420 ms
2026-05-27 17:19:26.137 +07:00 [INF] HTTP GET /hubs/chat responded 101 in 1052.4525 ms
2026-05-27 17:19:26.394 +07:00 [INF] HTTP POST /hubs/chat/negotiate responded 200 in 0.8596 ms
2026-05-27 17:19:34.543 +07:00 [INF] Upload thành công: /uploads/knowledge/9351855ca1734dfa916cf301e0616184.png (571941 bytes)
2026-05-27 17:19:34.586 +07:00 [INF] HTTP POST /admin/knowledge/edit/17b97b0a-da30-457d-bbe3-150ae4fa3a40 responded 302 in 151.8347 ms
2026-05-27 17:19:34.608 +07:00 [INF] HTTP GET /admin/Knowledge responded 200 in 14.5707 ms
2026-05-27 17:19:34.616 +07:00 [INF] HTTP GET /hubs/chat responded 101 in 8171.2476 ms
2026-05-27 17:19:34.630 +07:00 [INF] HTTP GET /uploads/knowledge/9351855ca1734dfa916cf301e0616184.png responded 200 in 10.8600 ms
2026-05-27 17:19:34.745 +07:00 [INF] HTTP POST /hubs/chat/negotiate responded 200 in 0.3433 ms
2026-05-27 17:19:38.384 +07:00 [INF] HTTP GET /admin/products responded 200 in 18.0899 ms
2026-05-27 17:19:38.389 +07:00 [INF] HTTP GET /hubs/chat responded 101 in 3603.8871 ms
2026-05-27 17:19:38.394 +07:00 [INF] HTTP GET /uploads/products/a3fd234687c34a1ea6ee886a8ff9b826.png responded 304 in 1.1761 ms
2026-05-27 17:19:38.505 +07:00 [INF] HTTP POST /hubs/chat/negotiate responded 200 in 0.4249 ms
2026-05-27 17:19:48.357 +07:00 [INF] HTTP GET /uploads/products/a3fd234687c34a1ea6ee886a8ff9b826.png responded 304 in 0.5055 ms
2026-05-27 17:19:48.413 +07:00 [INF] HTTP GET /san-pham/bom-mua-fanto-sc15-220v-22 responded 200 in 214.0238 ms
2026-05-27 17:19:48.601 +07:00 [INF] HTTP POST /hubs/chat/negotiate responded 200 in 0.2468 ms
2026-05-27 17:19:51.151 +07:00 [INF] HTTP GET /uploads/products/a3fd234687c34a1ea6ee886a8ff9b826.png responded 200 in 1.5400 ms
2026-05-27 17:19:52.185 +07:00 [INF] HTTP GET /hubs/chat responded 101 in 3499.0247 ms
2026-05-27 17:24:30.738 +07:00 [INF] HTTP GET /hubs/chat responded 101 in 292149.6127 ms
2026-05-27 17:24:30.740 +07:00 [INF] HTTP POST /hubs/chat/negotiate responded 200 in 0.6641 ms
2026-05-27 17:24:44.553 +07:00 [INF] HTTP POST /hubs/chat/negotiate responded 200 in 53.8260 ms
2026-05-27 17:25:09.809 +07:00 [INF] HTTP GET /admin/products responded 200 in 1862.1324 ms
2026-05-27 17:25:09.813 +07:00 [INF] HTTP GET /hubs/chat responded 101 in 25256.9648 ms
2026-05-27 17:25:09.814 +07:00 [INF] HTTP GET /uploads/products/a3fd234687c34a1ea6ee886a8ff9b826.png responded 304 in 4.9597 ms
2026-05-27 17:25:09.814 +07:00 [INF] HTTP GET /uploads/products/bfbac361eef54bf8b1437397ad1948d2.jpg responded 304 in 4.8420 ms
2026-05-27 17:25:10.008 +07:00 [INF] HTTP POST /hubs/chat/negotiate responded 200 in 0.7830 ms
2026-05-27 17:25:13.035 +07:00 [INF] HTTP GET /admin/products responded 200 in 116.2487 ms
2026-05-27 17:25:13.042 +07:00 [INF] HTTP GET /hubs/chat responded 101 in 2950.8719 ms
2026-05-27 17:25:13.171 +07:00 [INF] HTTP POST /hubs/chat/negotiate responded 200 in 0.3924 ms
2026-05-27 17:25:16.804 +07:00 [INF] HTTP GET /admin/products/edit/6ad5fa9a-afdf-44e7-8d94-7355dc7207f5 responded 200 in 165.3782 ms
2026-05-27 17:25:16.810 +07:00 [INF] HTTP GET /hubs/chat responded 101 in 3560.1556 ms
2026-05-27 17:25:16.954 +07:00 [INF] HTTP POST /hubs/chat/negotiate responded 200 in 0.5952 ms
2026-05-27 17:25:29.100 +07:00 [INF] Upload thành công: /uploads/products/0436329f711843809208cf39c674fe5c.png (571941 bytes)
2026-05-27 17:25:29.277 +07:00 [INF] Cập nhật sản phẩm: Máy cho cá ăn 2 bao nhựa FANTO (ID: "6ad5fa9a-afdf-44e7-8d94-7355dc7207f5")
2026-05-27 17:25:29.445 +07:00 [INF] HTTP POST /admin/products/edit/6ad5fa9a-afdf-44e7-8d94-7355dc7207f5 responded 302 in 411.7723 ms
2026-05-27 17:25:29.475 +07:00 [INF] HTTP GET /admin/Products responded 200 in 21.3411 ms
2026-05-27 17:25:29.482 +07:00 [INF] HTTP GET /hubs/chat responded 101 in 12473.1260 ms
2026-05-27 17:25:29.627 +07:00 [INF] HTTP POST /hubs/chat/negotiate responded 200 in 0.8297 ms
2026-05-27 17:25:37.222 +07:00 [INF] HTTP GET /admin/Products responded 200 in 17.7983 ms
2026-05-27 17:25:37.228 +07:00 [INF] HTTP GET /hubs/chat responded 101 in 7503.7920 ms
2026-05-27 17:25:37.346 +07:00 [INF] HTTP POST /hubs/chat/negotiate responded 200 in 0.6201 ms
2026-05-27 17:25:40.982 +07:00 [INF] HTTP GET /admin/Products responded 200 in 17.7145 ms
2026-05-27 17:25:40.989 +07:00 [INF] HTTP GET /hubs/chat responded 101 in 3572.5512 ms
2026-05-27 17:25:41.028 +07:00 [INF] HTTP GET /uploads/products/0436329f711843809208cf39c674fe5c.png responded 200 in 15.8398 ms
2026-05-27 17:25:41.113 +07:00 [INF] HTTP POST /hubs/chat/negotiate responded 200 in 0.5023 ms
2026-05-27 17:25:54.963 +07:00 [INF] HTTP GET /admin/Products responded 200 in 16.2980 ms
2026-05-27 17:25:54.971 +07:00 [INF] HTTP GET /hubs/chat responded 101 in 13793.3975 ms
2026-05-27 17:25:55.095 +07:00 [INF] HTTP POST /hubs/chat/negotiate responded 200 in 0.3413 ms
2026-05-27 17:25:56.510 +07:00 [INF] HTTP GET /admin/products/edit/54c129cb-a71b-40ed-a22e-691ea6ce19b0 responded 200 in 16.5950 ms
2026-05-27 17:25:56.515 +07:00 [INF] HTTP GET /hubs/chat responded 101 in 1355.0803 ms
2026-05-27 17:25:56.663 +07:00 [INF] HTTP POST /hubs/chat/negotiate responded 200 in 0.3971 ms
2026-05-27 17:26:03.935 +07:00 [INF] Upload thành công: /uploads/products/b7892d4672864dccb7fba7cbde5a0784.png (34321 bytes)
2026-05-27 17:26:03.943 +07:00 [INF] Cập nhật sản phẩm: Quạt nước tạo dòng FANTO 6 cánh 3HP 380V (ID: "54c129cb-a71b-40ed-a22e-691ea6ce19b0")
2026-05-27 17:26:03.951 +07:00 [INF] HTTP POST /admin/products/edit/54c129cb-a71b-40ed-a22e-691ea6ce19b0 responded 302 in 24.4387 ms
2026-05-27 17:26:03.974 +07:00 [INF] HTTP GET /admin/Products responded 200 in 15.5752 ms
2026-05-27 17:26:03.980 +07:00 [INF] HTTP GET /hubs/chat responded 101 in 7263.0864 ms
2026-05-27 17:26:04.087 +07:00 [INF] HTTP POST /hubs/chat/negotiate responded 200 in 0.3182 ms
2026-05-27 17:26:05.891 +07:00 [INF] HTTP GET /admin/Products responded 200 in 15.4341 ms
2026-05-27 17:26:05.897 +07:00 [INF] HTTP GET /hubs/chat responded 101 in 1734.0622 ms
2026-05-27 17:26:05.901 +07:00 [INF] HTTP GET /uploads/products/a3fd234687c34a1ea6ee886a8ff9b826.png responded 304 in 0.3560 ms
2026-05-27 17:26:05.902 +07:00 [INF] HTTP GET /uploads/products/b7892d4672864dccb7fba7cbde5a0784.png responded 200 in 1.6725 ms
2026-05-27 17:26:05.921 +07:00 [INF] HTTP GET /uploads/products/0436329f711843809208cf39c674fe5c.png responded 304 in 0.4346 ms
2026-05-27 17:26:06.024 +07:00 [INF] HTTP POST /hubs/chat/negotiate responded 200 in 0.2562 ms
2026-05-27 17:26:14.932 +07:00 [INF] HTTP GET /admin/products/edit/54c129cb-a71b-40ed-a22e-691ea6ce19b0 responded 200 in 14.4310 ms
2026-05-27 17:26:14.942 +07:00 [INF] HTTP GET /hubs/chat responded 101 in 8850.1335 ms
2026-05-27 17:26:14.947 +07:00 [INF] HTTP GET /uploads/products/b7892d4672864dccb7fba7cbde5a0784.png responded 304 in 0.2220 ms
2026-05-27 17:26:15.222 +07:00 [INF] HTTP POST /hubs/chat/negotiate responded 200 in 0.2952 ms
2026-05-27 17:28:02.278 +07:00 [INF] HTTP GET /hubs/chat responded 101 in 107011.4592 ms
2026-05-27 17:28:02.280 +07:00 [INF] HTTP POST /hubs/chat/negotiate responded 200 in 0.2143 ms
2026-05-27 17:30:13.150 +07:00 [INF] HTTP GET /admin/products/edit/54c129cb-a71b-40ed-a22e-691ea6ce19b0 responded 200 in 2013.7030 ms
2026-05-27 17:30:13.162 +07:00 [INF] HTTP GET /uploads/products/b7892d4672864dccb7fba7cbde5a0784.png responded 304 in 5.7648 ms
2026-05-27 17:30:13.454 +07:00 [INF] HTTP POST /hubs/chat/negotiate responded 200 in 6.5698 ms
2026-05-27 17:30:14.330 +07:00 [INF] HTTP GET /admin/products responded 200 in 222.7369 ms
2026-05-27 17:30:14.340 +07:00 [INF] HTTP GET /uploads/products/bfbac361eef54bf8b1437397ad1948d2.jpg responded 304 in 0.5009 ms
2026-05-27 17:30:14.340 +07:00 [INF] HTTP GET /uploads/products/a3fd234687c34a1ea6ee886a8ff9b826.png responded 304 in 0.4639 ms
2026-05-27 17:30:14.347 +07:00 [INF] HTTP GET /hubs/chat responded 101 in 857.9223 ms
2026-05-27 17:30:14.371 +07:00 [INF] HTTP GET /uploads/products/0436329f711843809208cf39c674fe5c.png responded 304 in 0.1465 ms
2026-05-27 17:30:14.470 +07:00 [INF] HTTP POST /hubs/chat/negotiate responded 200 in 0.5256 ms
2026-05-27 17:30:19.184 +07:00 [INF] HTTP GET /admin/products/edit/54c129cb-a71b-40ed-a22e-691ea6ce19b0 responded 200 in 40.0159 ms
2026-05-27 17:30:19.191 +07:00 [INF] HTTP GET /hubs/chat responded 101 in 4608.8813 ms
2026-05-27 17:30:19.339 +07:00 [INF] HTTP POST /hubs/chat/negotiate responded 200 in 0.4198 ms
2026-05-27 17:30:24.929 +07:00 [INF] Cập nhật sản phẩm: Quạt nước tạo dòng FANTO 6 cánh 3HP 380V (ID: "54c129cb-a71b-40ed-a22e-691ea6ce19b0")
2026-05-27 17:30:25.048 +07:00 [INF] HTTP POST /admin/products/edit/54c129cb-a71b-40ed-a22e-691ea6ce19b0 responded 302 in 328.7991 ms
2026-05-27 17:30:25.078 +07:00 [INF] HTTP GET /admin/Products responded 200 in 23.2759 ms
2026-05-27 17:30:25.078 +07:00 [INF] HTTP GET /hubs/chat responded 101 in 5684.6963 ms
2026-05-27 17:30:25.183 +07:00 [INF] HTTP POST /hubs/chat/negotiate responded 200 in 0.4177 ms
2026-05-27 17:30:27.744 +07:00 [INF] HTTP GET /admin/products/edit/6ad5fa9a-afdf-44e7-8d94-7355dc7207f5 responded 200 in 13.1938 ms
2026-05-27 17:30:27.750 +07:00 [INF] HTTP GET /hubs/chat responded 101 in 2504.0201 ms
2026-05-27 17:30:27.897 +07:00 [INF] HTTP POST /hubs/chat/negotiate responded 200 in 0.4234 ms
2026-05-27 17:30:32.389 +07:00 [INF] Cập nhật sản phẩm: Máy cho cá ăn 2 bao nhựa FANTO (ID: "6ad5fa9a-afdf-44e7-8d94-7355dc7207f5")
2026-05-27 17:30:32.397 +07:00 [INF] HTTP POST /admin/products/edit/6ad5fa9a-afdf-44e7-8d94-7355dc7207f5 responded 302 in 23.4520 ms
2026-05-27 17:30:32.422 +07:00 [INF] HTTP GET /admin/Products responded 200 in 18.3466 ms
2026-05-27 17:30:32.429 +07:00 [INF] HTTP GET /hubs/chat responded 101 in 4479.7381 ms
2026-05-27 17:30:32.546 +07:00 [INF] HTTP POST /hubs/chat/negotiate responded 200 in 0.2977 ms
2026-05-27 17:30:39.074 +07:00 [INF] HTTP GET /admin/products/edit/6ad5fa9a-afdf-44e7-8d94-7355dc7207f5 responded 200 in 14.3349 ms
2026-05-27 17:30:39.082 +07:00 [INF] HTTP GET /hubs/chat responded 101 in 6455.4959 ms
2026-05-27 17:30:39.235 +07:00 [INF] HTTP POST /hubs/chat/negotiate responded 200 in 0.4556 ms
2026-05-27 17:30:48.278 +07:00 [INF] HTTP GET /admin/Products responded 200 in 17.5036 ms
2026-05-27 17:30:48.284 +07:00 [INF] HTTP GET /hubs/chat responded 101 in 8992.3704 ms
2026-05-27 17:30:48.409 +07:00 [INF] HTTP POST /hubs/chat/negotiate responded 200 in 0.3836 ms
2026-05-27 17:30:51.908 +07:00 [INF] HTTP GET /admin/Products responded 200 in 38.3913 ms
2026-05-27 17:30:51.914 +07:00 [INF] HTTP GET /hubs/chat responded 101 in 3428.5337 ms
2026-05-27 17:30:52.037 +07:00 [INF] HTTP POST /hubs/chat/negotiate responded 200 in 0.4632 ms
2026-05-27 17:30:53.878 +07:00 [INF] HTTP GET /admin/products/edit/bd6721df-0e0a-48db-92ec-7c43c5d07a8f responded 200 in 13.5371 ms
2026-05-27 17:30:53.885 +07:00 [INF] HTTP GET /hubs/chat responded 101 in 1771.1471 ms
2026-05-27 17:30:54.028 +07:00 [INF] HTTP POST /hubs/chat/negotiate responded 200 in 0.2945 ms
2026-05-27 17:31:02.812 +07:00 [INF] Upload thành công: /uploads/products/537f8ef47e18410a83fd4c7f90ba4b15.png (217265 bytes)
2026-05-27 17:31:02.827 +07:00 [INF] Cập nhật sản phẩm: Máy trộn cám FANTO 3B\100L (ID: "bd6721df-0e0a-48db-92ec-7c43c5d07a8f")
2026-05-27 17:31:02.834 +07:00 [INF] HTTP POST /admin/products/edit/bd6721df-0e0a-48db-92ec-7c43c5d07a8f responded 302 in 47.7662 ms
2026-05-27 17:31:02.857 +07:00 [INF] HTTP GET /admin/Products responded 200 in 16.0782 ms
2026-05-27 17:31:02.866 +07:00 [INF] HTTP GET /hubs/chat responded 101 in 8781.4220 ms
2026-05-27 17:31:02.981 +07:00 [INF] HTTP POST /hubs/chat/negotiate responded 200 in 0.2633 ms
2026-05-27 17:31:05.318 +07:00 [INF] HTTP GET /admin/Products responded 200 in 15.2407 ms
2026-05-27 17:31:05.325 +07:00 [INF] HTTP GET /hubs/chat responded 101 in 2272.0416 ms
2026-05-27 17:31:05.330 +07:00 [INF] HTTP GET /uploads/products/b7892d4672864dccb7fba7cbde5a0784.png responded 304 in 0.1857 ms
2026-05-27 17:31:05.332 +07:00 [INF] HTTP GET /uploads/products/0436329f711843809208cf39c674fe5c.png responded 304 in 0.2903 ms
2026-05-27 17:31:05.366 +07:00 [INF] HTTP GET /uploads/products/537f8ef47e18410a83fd4c7f90ba4b15.png responded 200 in 15.8696 ms
2026-05-27 17:31:05.483 +07:00 [INF] HTTP POST /hubs/chat/negotiate responded 200 in 0.2423 ms
2026-05-27 17:31:35.851 +07:00 [INF] HTTP GET /admin/Products responded 200 in 47.0797 ms
2026-05-27 17:31:35.858 +07:00 [INF] HTTP GET /hubs/chat responded 101 in 30303.9546 ms
2026-05-27 17:31:36.078 +07:00 [INF] HTTP POST /hubs/chat/negotiate responded 200 in 0.3068 ms
2026-05-27 17:31:37.590 +07:00 [INF] HTTP GET /admin/products/edit/bdaf9356-92cb-4a4e-bf01-acf90d233946 responded 200 in 15.4906 ms
2026-05-27 17:31:37.596 +07:00 [INF] HTTP GET /hubs/chat responded 101 in 1472.8933 ms
2026-05-27 17:31:37.755 +07:00 [INF] HTTP POST /hubs/chat/negotiate responded 200 in 0.3051 ms
2026-05-27 17:31:42.738 +07:00 [INF] Upload thành công: /uploads/products/8502915186fb4c1ab5e2c01608688aaa.jpg (188743 bytes)
2026-05-27 17:31:42.745 +07:00 [INF] Cập nhật sản phẩm: Máy siêu oxy FANTO 4 cánh 1300W (2.500–3.500 m²) (ID: "bdaf9356-92cb-4a4e-bf01-acf90d233946")
2026-05-27 17:31:42.752 +07:00 [INF] HTTP POST /admin/products/edit/bdaf9356-92cb-4a4e-bf01-acf90d233946 responded 302 in 23.1916 ms
2026-05-27 17:31:42.773 +07:00 [INF] HTTP GET /admin/Products responded 200 in 13.4293 ms
2026-05-27 17:31:42.780 +07:00 [INF] HTTP GET /hubs/chat responded 101 in 4966.1838 ms
2026-05-27 17:31:42.786 +07:00 [INF] HTTP GET /uploads/products/8502915186fb4c1ab5e2c01608688aaa.jpg responded 200 in 2.3238 ms
2026-05-27 17:31:42.885 +07:00 [INF] HTTP POST /hubs/chat/negotiate responded 200 in 0.3967 ms
2026-05-27 17:32:23.126 +07:00 [INF] HTTP GET /admin/products/create responded 200 in 20.0458 ms
2026-05-27 17:32:23.133 +07:00 [INF] HTTP GET /hubs/chat responded 101 in 40204.3903 ms
2026-05-27 17:32:23.311 +07:00 [INF] HTTP POST /hubs/chat/negotiate responded 200 in 0.2906 ms
2026-05-27 17:32:25.138 +07:00 [INF] HTTP GET /hubs/chat responded 101 in 1762.7251 ms
2026-05-27 17:34:07.864 +07:00 [INF] HTTP GET /admin responded 200 in 1967.6917 ms
2026-05-27 17:34:07.876 +07:00 [INF] HTTP GET /uploads/products/a3fd234687c34a1ea6ee886a8ff9b826.png responded 304 in 6.3730 ms
2026-05-27 17:34:08.127 +07:00 [INF] HTTP POST /hubs/chat/negotiate responded 200 in 8.7671 ms
2026-05-27 17:34:11.494 +07:00 [INF] HTTP GET /admin/products responded 200 in 406.1168 ms
2026-05-27 17:34:11.501 +07:00 [INF] HTTP GET /uploads/products/b7892d4672864dccb7fba7cbde5a0784.png responded 304 in 0.5007 ms
2026-05-27 17:34:11.501 +07:00 [INF] HTTP GET /uploads/products/0436329f711843809208cf39c674fe5c.png responded 304 in 0.5016 ms
2026-05-27 17:34:11.541 +07:00 [INF] HTTP GET /uploads/products/8502915186fb4c1ab5e2c01608688aaa.jpg responded 304 in 0.1925 ms
2026-05-27 17:34:11.542 +07:00 [INF] HTTP GET /uploads/products/537f8ef47e18410a83fd4c7f90ba4b15.png responded 304 in 0.1917 ms
2026-05-27 17:34:11.652 +07:00 [INF] HTTP POST /hubs/chat/negotiate responded 200 in 0.5067 ms
2026-05-27 17:34:11.728 +07:00 [INF] HTTP GET /hubs/chat responded 101 in 3500.4833 ms
2026-05-27 17:34:20.733 +07:00 [INF] HTTP GET /admin/products/create responded 200 in 166.9606 ms
2026-05-27 17:34:20.740 +07:00 [INF] HTTP GET /hubs/chat responded 101 in 8980.5888 ms
2026-05-27 17:34:20.932 +07:00 [INF] HTTP POST /hubs/chat/negotiate responded 200 in 0.4384 ms
2026-05-27 17:34:23.083 +07:00 [INF] HTTP GET /hubs/chat responded 101 in 2091.8544 ms
2026-05-27 17:34:23.085 +07:00 [INF] HTTP GET /admin/products responded 200 in 28.7219 ms
2026-05-27 17:34:23.197 +07:00 [INF] HTTP POST /hubs/chat/negotiate responded 200 in 0.5013 ms
2026-05-27 17:34:38.785 +07:00 [INF] HTTP GET /admin/products-io/export responded 200 in 3273.0361 ms
2026-05-27 17:36:53.600 +07:00 [INF] HTTP GET /admin/products/edit/41fc5308-7aa8-4e52-83e2-95e355739baf responded 200 in 62.1080 ms
2026-05-27 17:36:53.606 +07:00 [INF] HTTP GET /hubs/chat responded 101 in 150295.8973 ms
2026-05-27 17:36:53.610 +07:00 [INF] HTTP GET /uploads/products/a3fd234687c34a1ea6ee886a8ff9b826.png responded 304 in 0.1741 ms
2026-05-27 17:36:53.907 +07:00 [INF] HTTP POST /hubs/chat/negotiate responded 200 in 0.3863 ms
2026-05-27 17:37:08.716 +07:00 [INF] HTTP GET /admin/categories responded 200 in 28.4410 ms
2026-05-27 17:37:08.723 +07:00 [INF] HTTP GET /hubs/chat responded 101 in 14753.5717 ms
2026-05-27 17:37:08.825 +07:00 [INF] HTTP POST /hubs/chat/negotiate responded 200 in 0.4167 ms
2026-05-27 17:37:11.095 +07:00 [INF] HTTP GET /admin/knowledge responded 200 in 328.7083 ms
2026-05-27 17:37:11.102 +07:00 [INF] HTTP GET /hubs/chat responded 101 in 2219.7184 ms
2026-05-27 17:37:11.105 +07:00 [INF] HTTP GET /uploads/knowledge/9351855ca1734dfa916cf301e0616184.png responded 304 in 0.1390 ms
2026-05-27 17:37:11.201 +07:00 [INF] HTTP POST /hubs/chat/negotiate responded 200 in 0.3740 ms
2026-05-27 17:37:12.670 +07:00 [INF] HTTP GET /admin/knowledge/edit/17b97b0a-da30-457d-bbe3-150ae4fa3a40 responded 200 in 71.3270 ms
2026-05-27 17:37:12.676 +07:00 [INF] HTTP GET /hubs/chat responded 101 in 1408.0314 ms
2026-05-27 17:37:12.822 +07:00 [INF] HTTP POST /hubs/chat/negotiate responded 200 in 0.3637 ms
2026-05-27 17:38:18.867 +07:00 [INF] HTTP GET /admin/products responded 200 in 16.7275 ms
2026-05-27 17:38:18.873 +07:00 [INF] HTTP GET /hubs/chat responded 101 in 65981.8822 ms
2026-05-27 17:38:18.878 +07:00 [INF] HTTP GET /uploads/products/b7892d4672864dccb7fba7cbde5a0784.png responded 304 in 0.2114 ms
2026-05-27 17:38:18.879 +07:00 [INF] HTTP GET /uploads/products/0436329f711843809208cf39c674fe5c.png responded 304 in 0.2173 ms
2026-05-27 17:38:18.886 +07:00 [INF] HTTP GET /uploads/products/8502915186fb4c1ab5e2c01608688aaa.jpg responded 304 in 0.1761 ms
2026-05-27 17:38:18.887 +07:00 [INF] HTTP GET /uploads/products/bfbac361eef54bf8b1437397ad1948d2.jpg responded 304 in 0.2401 ms
2026-05-27 17:38:18.894 +07:00 [INF] HTTP GET /uploads/products/537f8ef47e18410a83fd4c7f90ba4b15.png responded 304 in 0.1449 ms
2026-05-27 17:38:19.369 +07:00 [INF] HTTP POST /hubs/chat/negotiate responded 200 in 0.5177 ms
2026-05-27 17:38:20.311 +07:00 [INF] HTTP GET /admin/products-io/export responded 200 in 48.8197 ms
2026-05-27 17:38:44.251 +07:00 [INF] HTTP POST /hubs/chat/negotiate responded 200 in 0.3711 ms
2026-05-27 17:38:44.252 +07:00 [INF] HTTP GET /hubs/chat responded 101 in 24770.1200 ms
2026-05-27 17:39:14.259 +07:00 [INF] HTTP GET /hubs/chat responded 101 in 30004.6667 ms
2026-05-27 17:40:48.248 +07:00 [INF] HTTP GET /uploads/products/a3fd234687c34a1ea6ee886a8ff9b826.png responded 304 in 3.9535 ms
2026-05-27 17:40:48.244 +07:00 [INF] HTTP GET /admin/products responded 200 in 1949.6084 ms
2026-05-27 17:40:48.248 +07:00 [INF] HTTP GET /uploads/products/b7892d4672864dccb7fba7cbde5a0784.png responded 304 in 3.9142 ms
2026-05-27 17:40:48.293 +07:00 [INF] HTTP GET /uploads/products/8502915186fb4c1ab5e2c01608688aaa.jpg responded 304 in 0.3422 ms
2026-05-27 17:40:48.299 +07:00 [INF] HTTP GET /uploads/products/0436329f711843809208cf39c674fe5c.png responded 304 in 0.1561 ms
2026-05-27 17:40:48.304 +07:00 [INF] HTTP GET /uploads/products/537f8ef47e18410a83fd4c7f90ba4b15.png responded 304 in 0.1221 ms
2026-05-27 17:40:48.481 +07:00 [INF] HTTP POST /hubs/chat/negotiate responded 200 in 9.1676 ms
2026-05-27 17:40:51.123 +07:00 [INF] HTTP GET /admin/products-io/export responded 200 in 1006.1749 ms
2026-05-27 17:41:38.168 +07:00 [INF] HTTP GET /admin/products-io/template responded 200 in 19.6184 ms
2026-05-27 17:49:31.691 +07:00 [INF] HTTP POST /hubs/chat/negotiate responded 200 in 0.7126 ms
2026-05-27 17:49:31.696 +07:00 [INF] HTTP GET /hubs/chat responded 101 in 523165.9208 ms
2026-05-27 17:50:01.700 +07:00 [INF] HTTP GET /hubs/chat responded 101 in 30005.0391 ms
2026-05-27 17:51:23.515 +07:00 [INF] HTTP GET /admin/products responded 200 in 2009.7809 ms
2026-05-27 17:51:23.519 +07:00 [INF] HTTP GET /uploads/products/b7892d4672864dccb7fba7cbde5a0784.png responded 304 in 4.1851 ms
2026-05-27 17:51:23.519 +07:00 [INF] HTTP GET /uploads/products/a3fd234687c34a1ea6ee886a8ff9b826.png responded 304 in 4.1795 ms
2026-05-27 17:51:23.575 +07:00 [INF] HTTP GET /uploads/products/0436329f711843809208cf39c674fe5c.png responded 304 in 0.5183 ms
2026-05-27 17:51:23.575 +07:00 [INF] HTTP GET /uploads/products/8502915186fb4c1ab5e2c01608688aaa.jpg responded 304 in 0.5253 ms
2026-05-27 17:51:23.582 +07:00 [INF] HTTP GET /uploads/products/bfbac361eef54bf8b1437397ad1948d2.jpg responded 304 in 0.2183 ms
2026-05-27 17:51:23.588 +07:00 [INF] HTTP GET /uploads/products/537f8ef47e18410a83fd4c7f90ba4b15.png responded 304 in 0.1627 ms
2026-05-27 17:51:23.771 +07:00 [INF] HTTP POST /hubs/chat/negotiate responded 200 in 11.0747 ms
2026-05-27 17:51:26.519 +07:00 [INF] HTTP GET /admin/products-io/export responded 200 in 1074.5699 ms
2026-05-27 17:51:31.283 +07:00 [INF] HTTP GET /admin/products-io/template responded 200 in 20.9542 ms
2026-05-27 17:52:49.743 +07:00 [INF] HTTP GET /admin/categories responded 200 in 49.3604 ms
2026-05-27 17:52:49.759 +07:00 [INF] HTTP GET /hubs/chat responded 101 in 85929.3389 ms
2026-05-27 17:52:49.977 +07:00 [INF] HTTP POST /hubs/chat/negotiate responded 200 in 0.5729 ms
2026-05-27 17:52:51.922 +07:00 [INF] HTTP GET /admin/categories/edit/f6ff294a-eb36-47b3-82e3-acf886b20e0f responded 200 in 64.9224 ms
2026-05-27 17:52:51.928 +07:00 [INF] HTTP GET /hubs/chat responded 101 in 1883.7290 ms
2026-05-27 17:52:52.034 +07:00 [INF] HTTP POST /hubs/chat/negotiate responded 200 in 0.6675 ms
2026-05-27 17:52:56.016 +07:00 [INF] Upload thành công: /uploads/categories/b55bb94d66a949bf97c3d09c83a1c82c.png (571941 bytes)
2026-05-27 17:52:56.057 +07:00 [INF] HTTP POST /admin/categories/edit/f6ff294a-eb36-47b3-82e3-acf886b20e0f responded 302 in 118.2379 ms
2026-05-27 17:52:56.073 +07:00 [INF] HTTP GET /admin/Categories responded 200 in 8.5334 ms
2026-05-27 17:52:56.079 +07:00 [INF] HTTP GET /hubs/chat responded 101 in 3996.3825 ms
2026-05-27 17:52:56.097 +07:00 [INF] HTTP GET /uploads/categories/b55bb94d66a949bf97c3d09c83a1c82c.png responded 200 in 15.1375 ms
2026-05-27 17:52:56.177 +07:00 [INF] HTTP POST /hubs/chat/negotiate responded 200 in 0.3145 ms
2026-05-27 17:52:59.820 +07:00 [INF] HTTP GET /admin/knowledgecategories responded 200 in 97.1348 ms
2026-05-27 17:52:59.826 +07:00 [INF] HTTP GET /hubs/chat responded 101 in 3610.0356 ms
2026-05-27 17:52:59.911 +07:00 [INF] HTTP POST /hubs/chat/negotiate responded 200 in 0.3581 ms
2026-05-27 17:53:04.329 +07:00 [INF] HTTP GET /admin/partners responded 200 in 285.1346 ms
2026-05-27 17:53:04.335 +07:00 [INF] HTTP GET /hubs/chat responded 101 in 4370.6349 ms
2026-05-27 17:53:04.423 +07:00 [INF] HTTP POST /hubs/chat/negotiate responded 200 in 0.5136 ms
2026-05-27 17:53:05.680 +07:00 [INF] HTTP GET /admin/partners/edit/d62840f4-0e38-4a2c-be39-6ff2fcd27c3f responded 200 in 106.5326 ms
2026-05-27 17:53:05.687 +07:00 [INF] HTTP GET /hubs/chat responded 101 in 1209.7337 ms
2026-05-27 17:53:05.823 +07:00 [INF] HTTP POST /hubs/chat/negotiate responded 200 in 0.4698 ms
2026-05-27 17:53:15.791 +07:00 [INF] Upload thành công: /uploads/partners/927f6eeaaa6449aabce080334b9925d5.jpg (188743 bytes)
2026-05-27 17:53:15.829 +07:00 [INF] HTTP POST /admin/partners/edit/d62840f4-0e38-4a2c-be39-6ff2fcd27c3f responded 302 in 198.9741 ms
2026-05-27 17:53:15.872 +07:00 [INF] HTTP GET /admin/Partners responded 200 in 35.3601 ms
2026-05-27 17:53:15.879 +07:00 [INF] HTTP GET /hubs/chat responded 101 in 10000.0352 ms
2026-05-27 17:53:15.884 +07:00 [INF] HTTP GET /uploads/partners/927f6eeaaa6449aabce080334b9925d5.jpg responded 200 in 2.0706 ms
2026-05-27 17:53:15.967 +07:00 [INF] HTTP POST /hubs/chat/negotiate responded 200 in 0.3966 ms
2026-05-27 17:53:20.651 +07:00 [INF] HTTP GET /admin/products responded 200 in 17.1949 ms
2026-05-27 17:53:20.657 +07:00 [INF] HTTP GET /hubs/chat responded 101 in 4656.8495 ms
2026-05-27 17:53:20.770 +07:00 [INF] HTTP POST /hubs/chat/negotiate responded 200 in 0.3298 ms
2026-05-27 17:53:37.555 +07:00 [INF] HTTP GET /admin/products/edit/41fc5308-7aa8-4e52-83e2-95e355739baf responded 200 in 145.2911 ms
2026-05-27 17:53:37.562 +07:00 [INF] HTTP GET /hubs/chat responded 101 in 16696.4675 ms
2026-05-27 17:53:37.733 +07:00 [INF] HTTP POST /hubs/chat/negotiate responded 200 in 0.3015 ms
2026-05-27 17:54:04.267 +07:00 [INF] HTTP GET /admin/knowledge responded 200 in 48.8727 ms
2026-05-27 17:54:04.273 +07:00 [INF] HTTP GET /hubs/chat responded 101 in 26478.6035 ms
2026-05-27 17:54:04.278 +07:00 [INF] HTTP GET /uploads/knowledge/9351855ca1734dfa916cf301e0616184.png responded 304 in 0.6251 ms
2026-05-27 17:54:04.469 +07:00 [INF] HTTP POST /hubs/chat/negotiate responded 200 in 0.3754 ms
2026-05-27 17:54:06.300 +07:00 [INF] HTTP GET /admin/knowledge/edit/17b97b0a-da30-457d-bbe3-150ae4fa3a40 responded 200 in 82.7514 ms
2026-05-27 17:54:06.308 +07:00 [INF] HTTP GET /hubs/chat responded 101 in 1789.7232 ms
2026-05-27 17:54:06.455 +07:00 [INF] HTTP POST /hubs/chat/negotiate responded 200 in 0.4726 ms
2026-05-27 17:54:28.347 +07:00 [INF] HTTP GET /admin/products responded 200 in 15.8562 ms
2026-05-27 17:54:28.353 +07:00 [INF] HTTP GET /hubs/chat responded 101 in 21835.7564 ms
2026-05-27 17:54:28.357 +07:00 [INF] HTTP GET /uploads/products/b7892d4672864dccb7fba7cbde5a0784.png responded 304 in 0.1984 ms
2026-05-27 17:54:28.359 +07:00 [INF] HTTP GET /uploads/products/0436329f711843809208cf39c674fe5c.png responded 304 in 0.2001 ms
2026-05-27 17:54:28.378 +07:00 [INF] HTTP GET /uploads/products/8502915186fb4c1ab5e2c01608688aaa.jpg responded 304 in 0.1734 ms
2026-05-27 17:54:28.379 +07:00 [INF] HTTP GET /uploads/products/537f8ef47e18410a83fd4c7f90ba4b15.png responded 304 in 0.1451 ms
2026-05-27 17:54:28.477 +07:00 [INF] HTTP POST /hubs/chat/negotiate responded 200 in 0.2542 ms
2026-05-27 17:54:31.094 +07:00 [INF] HTTP GET /admin/products/edit/1e669665-12bb-48bb-bc5c-b50edb50611d responded 200 in 14.3276 ms
2026-05-27 17:54:31.101 +07:00 [INF] HTTP GET /hubs/chat responded 101 in 2521.3615 ms
2026-05-27 17:54:31.244 +07:00 [INF] HTTP POST /hubs/chat/negotiate responded 200 in 0.2494 ms
2026-05-27 17:55:40.629 +07:00 [INF] HTTP GET /admin/knowledge responded 200 in 11.6860 ms
2026-05-27 17:55:40.637 +07:00 [INF] HTTP GET /hubs/chat responded 101 in 69339.1365 ms
2026-05-27 17:55:40.857 +07:00 [INF] HTTP POST /hubs/chat/negotiate responded 200 in 0.4252 ms
2026-05-27 17:55:42.184 +07:00 [INF] HTTP GET /admin/knowledge/edit/17b97b0a-da30-457d-bbe3-150ae4fa3a40 responded 200 in 11.6861 ms
2026-05-27 17:55:42.189 +07:00 [INF] HTTP GET /hubs/chat responded 101 in 1264.9378 ms
2026-05-27 17:55:42.320 +07:00 [INF] HTTP POST /hubs/chat/negotiate responded 200 in 0.4456 ms
2026-05-27 17:55:49.116 +07:00 [INF] HTTP GET /admin/products responded 200 in 15.6922 ms
2026-05-27 17:55:49.123 +07:00 [INF] HTTP GET /hubs/chat responded 101 in 6746.5326 ms
2026-05-27 17:55:49.127 +07:00 [INF] HTTP GET /uploads/products/a3fd234687c34a1ea6ee886a8ff9b826.png responded 304 in 0.2111 ms
2026-05-27 17:55:49.231 +07:00 [INF] HTTP POST /hubs/chat/negotiate responded 200 in 0.2112 ms
2026-05-27 17:55:50.817 +07:00 [INF] HTTP GET /admin/products/edit/41fc5308-7aa8-4e52-83e2-95e355739baf responded 200 in 12.1460 ms
2026-05-27 17:55:50.823 +07:00 [INF] HTTP GET /hubs/chat responded 101 in 1501.8482 ms
2026-05-27 17:55:50.962 +07:00 [INF] HTTP POST /hubs/chat/negotiate responded 200 in 0.2207 ms
2026-05-27 18:01:18.372 +07:00 [INF] HTTP GET /hubs/chat responded 101 in 327356.7601 ms
2026-05-27 18:01:18.374 +07:00 [INF] HTTP POST /hubs/chat/negotiate responded 200 in 0.2789 ms
