2026-05-13 15:50:45.872 +07:00 [INF] HTTP GET /admin responded 302 in 62.9020 ms
2026-05-13 15:50:48.911 +07:00 [INF] HTTP GET /dang-nhap responded 200 in 2981.9972 ms
2026-05-13 15:50:48.934 +07:00 [INF] HTTP GET /css/site.css responded 304 in 2.8554 ms
2026-05-13 15:50:48.934 +07:00 [INF] HTTP GET /js/site.js responded 304 in 13.0847 ms
2026-05-13 15:50:49.229 +07:00 [INF] HTTP POST /hubs/chat/negotiate responded 200 in 8.5634 ms
2026-05-13 15:50:49.274 +07:00 [INF] HTTP GET /favicon.ico responded 304 in 0.2344 ms
2026-05-13 15:50:51.268 +07:00 [INF] HTTP GET /hubs/chat responded 101 in 2000.4658 ms
2026-05-13 15:50:51.476 +07:00 [INF] HTTP POST /hubs/chat/negotiate responded 200 in 0.8288 ms
2026-05-13 15:50:51.488 +07:00 [INF] HTTP GET / responded 200 in 876.8140 ms
2026-05-13 15:54:21.707 +07:00 [INF] HTTP GET / responded 200 in 39.4187 ms
2026-05-13 15:54:21.709 +07:00 [INF] HTTP GET /hubs/chat responded 101 in 210116.7850 ms
2026-05-13 15:54:21.845 +07:00 [INF] HTTP POST /hubs/chat/negotiate responded 200 in 0.2929 ms
2026-05-13 16:31:24.021 +07:00 [INF] HTTP GET /hubs/chat responded 101 in 2222039.7241 ms
2026-05-13 16:31:24.025 +07:00 [INF] HTTP POST /hubs/chat/negotiate responded 200 in 0.4231 ms
2026-05-13 16:31:52.401 +07:00 [INF] HTTP POST /hubs/chat/negotiate responded 200 in 47.7056 ms
2026-05-13 16:32:15.923 +07:00 [INF] HTTP GET /hubs/chat responded 101 in 23517.3872 ms
2026-05-13 16:32:16.063 +07:00 [INF] HTTP POST /hubs/chat/negotiate responded 200 in 0.6834 ms
2026-05-13 16:32:16.174 +07:00 [INF] HTTP GET / responded 200 in 2350.9678 ms
2026-05-13 16:32:22.497 +07:00 [INF] HTTP GET / responded 200 in 50.7476 ms
2026-05-13 16:32:22.503 +07:00 [INF] HTTP GET /hubs/chat responded 101 in 6394.0451 ms
2026-05-13 16:32:22.632 +07:00 [INF] HTTP POST /hubs/chat/negotiate responded 200 in 0.2672 ms
2026-05-13 16:32:23.479 +07:00 [INF] HTTP GET / responded 200 in 34.8140 ms
2026-05-13 16:32:23.486 +07:00 [INF] HTTP GET /hubs/chat responded 101 in 761.1612 ms
2026-05-13 16:32:23.614 +07:00 [INF] HTTP POST /hubs/chat/negotiate responded 200 in 0.2171 ms
2026-05-13 16:32:24.150 +07:00 [INF] HTTP GET / responded 200 in 24.1983 ms
2026-05-13 16:32:24.158 +07:00 [INF] HTTP GET /hubs/chat responded 101 in 456.0494 ms
2026-05-13 16:32:24.273 +07:00 [INF] HTTP POST /hubs/chat/negotiate responded 200 in 0.3462 ms
2026-05-13 16:32:24.544 +07:00 [INF] HTTP GET / responded 200 in 25.0596 ms
2026-05-13 16:32:24.554 +07:00 [INF] HTTP GET /hubs/chat responded 101 in 185.4509 ms
2026-05-13 16:32:24.680 +07:00 [INF] HTTP POST /hubs/chat/negotiate responded 200 in 0.3356 ms
2026-05-13 16:32:24.844 +07:00 [INF] HTTP GET / responded 200 in 22.6474 ms
2026-05-13 16:32:24.850 +07:00 [INF] HTTP GET /hubs/chat responded 101 in 76.1601 ms
2026-05-13 16:32:24.962 +07:00 [INF] HTTP POST /hubs/chat/negotiate responded 200 in 0.3452 ms
2026-05-13 16:32:25.141 +07:00 [INF] HTTP GET / responded 200 in 22.2845 ms
2026-05-13 16:32:25.148 +07:00 [INF] HTTP GET /hubs/chat responded 101 in 101.6791 ms
2026-05-13 16:32:25.267 +07:00 [INF] HTTP POST /hubs/chat/negotiate responded 200 in 0.2637 ms
2026-05-13 16:32:25.424 +07:00 [INF] HTTP GET / responded 200 in 21.2675 ms
2026-05-13 16:32:25.435 +07:00 [INF] HTTP GET /hubs/chat responded 101 in 78.5753 ms
2026-05-13 16:32:25.604 +07:00 [INF] HTTP POST /hubs/chat/negotiate responded 200 in 0.2511 ms
2026-05-13 16:32:25.739 +07:00 [INF] HTTP GET / responded 200 in 34.4794 ms
2026-05-13 16:32:25.747 +07:00 [INF] HTTP GET /hubs/chat responded 101 in 50.4047 ms
2026-05-13 16:32:25.896 +07:00 [INF] HTTP POST /hubs/chat/negotiate responded 200 in 0.2287 ms
2026-05-13 16:32:44.731 +07:00 [INF] HTTP GET / responded 200 in 21.5276 ms
2026-05-13 16:32:44.737 +07:00 [INF] HTTP GET /hubs/chat responded 101 in 18739.8917 ms
2026-05-13 16:32:44.855 +07:00 [INF] HTTP POST /hubs/chat/negotiate responded 200 in 0.2133 ms
2026-05-13 16:32:45.593 +07:00 [INF] HTTP GET / responded 200 in 19.9495 ms
2026-05-13 16:32:45.600 +07:00 [INF] HTTP GET /hubs/chat responded 101 in 660.1820 ms
2026-05-13 16:32:45.714 +07:00 [INF] HTTP POST /hubs/chat/negotiate responded 200 in 0.1965 ms
2026-05-13 16:32:46.160 +07:00 [INF] HTTP GET / responded 200 in 22.9398 ms
2026-05-13 16:32:46.171 +07:00 [INF] HTTP GET /hubs/chat responded 101 in 357.3205 ms
2026-05-13 16:32:46.293 +07:00 [INF] HTTP POST /hubs/chat/negotiate responded 200 in 0.1846 ms
2026-05-13 16:32:46.834 +07:00 [INF] HTTP GET / responded 200 in 21.1389 ms
2026-05-13 16:32:46.841 +07:00 [INF] HTTP GET /hubs/chat responded 101 in 464.5152 ms
2026-05-13 16:32:46.952 +07:00 [INF] HTTP POST /hubs/chat/negotiate responded 200 in 0.2324 ms
2026-05-13 16:32:47.130 +07:00 [INF] HTTP GET / responded 200 in 26.1707 ms
2026-05-13 16:32:47.144 +07:00 [INF] HTTP GET /hubs/chat responded 101 in 100.6829 ms
2026-05-13 16:32:47.257 +07:00 [INF] HTTP POST /hubs/chat/negotiate responded 200 in 0.3088 ms
2026-05-13 16:32:48.592 +07:00 [INF] HTTP GET /hubs/chat responded 101 in 1223.6096 ms
2026-05-13 16:32:49.404 +07:00 [INF] HTTP GET /admin responded 302 in 11.1079 ms
2026-05-13 16:32:49.482 +07:00 [INF] HTTP GET /dang-nhap responded 200 in 71.0287 ms
2026-05-13 16:32:49.724 +07:00 [INF] HTTP POST /hubs/chat/negotiate responded 200 in 0.2286 ms
2026-05-13 16:32:53.245 +07:00 [INF] HTTP GET / responded 200 in 19.2994 ms
2026-05-13 16:32:53.251 +07:00 [INF] HTTP GET /hubs/chat responded 101 in 3489.9483 ms
2026-05-13 16:32:53.421 +07:00 [INF] HTTP POST /hubs/chat/negotiate responded 200 in 0.2360 ms
2026-05-13 16:33:15.154 +07:00 [INF] HTTP GET / responded 200 in 20.3905 ms
2026-05-13 16:33:15.162 +07:00 [INF] HTTP GET /hubs/chat responded 101 in 21648.1412 ms
2026-05-13 16:33:15.288 +07:00 [INF] HTTP POST /hubs/chat/negotiate responded 200 in 0.2176 ms
2026-05-13 16:33:23.327 +07:00 [INF] HTTP GET /admin responded 302 in 2.9123 ms
2026-05-13 16:33:23.336 +07:00 [INF] HTTP GET /dang-nhap responded 200 in 4.5259 ms
2026-05-13 16:33:23.542 +07:00 [INF] HTTP POST /hubs/chat/negotiate responded 200 in 0.1804 ms
2026-05-13 16:33:42.978 +07:00 [INF] Đăng nhập thành công: admin@aquacms.com (Role: "SUPER_ADMIN")
2026-05-13 16:33:43.020 +07:00 [INF] HTTP POST /dang-nhap responded 302 in 1155.8279 ms
2026-05-13 16:33:43.394 +07:00 [INF] HTTP GET /admin responded 200 in 367.0985 ms
2026-05-13 16:33:43.400 +07:00 [INF] HTTP GET /hubs/chat responded 101 in 19822.1716 ms
2026-05-13 16:33:43.413 +07:00 [INF] HTTP GET /css/admin.css responded 304 in 4.7294 ms
2026-05-13 16:33:43.614 +07:00 [INF] HTTP POST /hubs/chat/negotiate responded 200 in 0.6264 ms
2026-05-13 16:33:50.433 +07:00 [INF] HTTP GET /admin/settings responded 200 in 1258.5123 ms
2026-05-13 16:33:50.618 +07:00 [INF] HTTP POST /hubs/chat/negotiate responded 200 in 0.2902 ms
2026-05-13 16:33:50.670 +07:00 [INF] HTTP GET /hubs/chat responded 101 in 6925.6380 ms
2026-05-13 16:33:50.851 +07:00 [INF] HTTP GET /admin/settings responded 200 in 10.8967 ms
2026-05-13 16:33:50.857 +07:00 [INF] HTTP GET /hubs/chat responded 101 in 167.2316 ms
2026-05-13 16:33:50.958 +07:00 [INF] HTTP POST /hubs/chat/negotiate responded 200 in 0.2236 ms
2026-05-13 16:34:44.923 +07:00 [INF] Upload thành công: /uploads/settings/ab051c6bd5b144fd8949bc20faf14250.jpg (188743 bytes)
2026-05-13 16:34:44.970 +07:00 [INF] Cập nhật SiteSettings
2026-05-13 16:34:45.050 +07:00 [INF] HTTP POST /admin/settings responded 302 in 185.6917 ms
2026-05-13 16:34:45.066 +07:00 [INF] HTTP GET /admin/Settings responded 200 in 8.3238 ms
2026-05-13 16:34:45.071 +07:00 [INF] HTTP GET /hubs/chat responded 101 in 54073.2370 ms
2026-05-13 16:34:45.090 +07:00 [INF] HTTP GET /uploads/settings/ab051c6bd5b144fd8949bc20faf14250.jpg responded 200 in 14.4306 ms
2026-05-13 16:34:45.282 +07:00 [INF] HTTP POST /hubs/chat/negotiate responded 200 in 0.2165 ms
2026-05-13 16:34:46.757 +07:00 [INF] HTTP GET /admin responded 200 in 32.3788 ms
2026-05-13 16:34:46.763 +07:00 [INF] HTTP GET /hubs/chat responded 101 in 1425.4018 ms
2026-05-13 16:34:46.875 +07:00 [INF] HTTP POST /hubs/chat/negotiate responded 200 in 0.2825 ms
2026-05-13 16:34:48.410 +07:00 [INF] HTTP GET / responded 200 in 19.3593 ms
2026-05-13 16:34:48.417 +07:00 [INF] HTTP GET /hubs/chat responded 101 in 93021.5424 ms
2026-05-13 16:34:48.421 +07:00 [INF] HTTP GET /uploads/settings/ab051c6bd5b144fd8949bc20faf14250.jpg responded 304 in 0.5137 ms
2026-05-13 16:34:48.542 +07:00 [INF] HTTP POST /hubs/chat/negotiate responded 200 in 0.3336 ms
2026-05-13 16:35:09.557 +07:00 [INF] HTTP GET /admin/settings responded 200 in 4.5426 ms
2026-05-13 16:35:09.563 +07:00 [INF] HTTP GET /hubs/chat responded 101 in 22629.1253 ms
2026-05-13 16:35:09.567 +07:00 [INF] HTTP GET /uploads/settings/ab051c6bd5b144fd8949bc20faf14250.jpg responded 304 in 0.3304 ms
2026-05-13 16:35:09.666 +07:00 [INF] HTTP POST /hubs/chat/negotiate responded 200 in 0.2786 ms
2026-05-13 16:35:28.787 +07:00 [INF] Upload thành công: /uploads/settings/99e9ccb32dfb4d0cbabcdbde47afb399.png (484734 bytes)
2026-05-13 16:35:28.794 +07:00 [INF] Cập nhật SiteSettings
2026-05-13 16:35:28.801 +07:00 [INF] HTTP POST /admin/settings responded 302 in 29.6685 ms
2026-05-13 16:35:28.812 +07:00 [INF] HTTP GET /admin/Settings responded 200 in 5.5891 ms
2026-05-13 16:35:28.819 +07:00 [INF] HTTP GET /hubs/chat responded 101 in 19081.4965 ms
2026-05-13 16:35:28.825 +07:00 [INF] HTTP GET /uploads/settings/99e9ccb32dfb4d0cbabcdbde47afb399.png responded 200 in 2.9454 ms
2026-05-13 16:35:28.927 +07:00 [INF] HTTP POST /hubs/chat/negotiate responded 200 in 0.2027 ms
2026-05-13 16:35:30.167 +07:00 [INF] HTTP GET / responded 200 in 18.5641 ms
2026-05-13 16:35:30.174 +07:00 [INF] HTTP GET /hubs/chat responded 101 in 41538.1755 ms
2026-05-13 16:35:30.178 +07:00 [INF] HTTP GET /uploads/settings/99e9ccb32dfb4d0cbabcdbde47afb399.png responded 304 in 0.5539 ms
2026-05-13 16:35:30.307 +07:00 [INF] HTTP POST /hubs/chat/negotiate responded 200 in 0.2568 ms
2026-05-13 16:39:02.794 +07:00 [INF] HTTP GET /hubs/chat responded 101 in 212387.3410 ms
2026-05-13 16:39:02.794 +07:00 [INF] HTTP GET /hubs/chat responded 101 in 213822.4589 ms
2026-05-13 16:39:02.798 +07:00 [INF] HTTP POST /hubs/chat/negotiate responded 200 in 0.3497 ms
