2026-05-19 00:35:19.913 +07:00 [INF] HTTP GET /css/site.css responded 304 in 8.1382 ms
2026-05-19 00:35:19.933 +07:00 [INF] HTTP GET /uploads/icons/youtube.png responded 200 in 25.5593 ms
2026-05-19 00:35:19.933 +07:00 [INF] HTTP GET /uploads/settings/85eddb21b13c4e56a70ab970ffd354f5.png responded 200 in 31.4634 ms
2026-05-19 00:35:19.982 +07:00 [INF] HTTP GET /js/site.js responded 200 in 1.0690 ms
2026-05-19 00:35:19.991 +07:00 [INF] HTTP GET /uploads/icons/zalo.png responded 200 in 10.5123 ms
2026-05-19 00:35:20.140 +07:00 [INF] HTTP GET / responded 200 in 3016.2466 ms
2026-05-19 00:35:20.208 +07:00 [INF] HTTP GET /uploads/banners/67f34fbb474a40cc917dbf8aff09e10a.jpg responded 200 in 7.9531 ms
2026-05-19 00:35:20.306 +07:00 [INF] HTTP POST /hubs/chat/negotiate responded 200 in 15.7065 ms
2026-05-19 00:35:22.594 +07:00 [INF] HTTP GET /gio-hang responded 200 in 47.9897 ms
2026-05-19 00:35:22.807 +07:00 [INF] HTTP POST /hubs/chat/negotiate responded 200 in 0.7471 ms
2026-05-19 00:35:22.850 +07:00 [INF] HTTP GET /hubs/chat responded 101 in 2406.6230 ms
2026-05-19 00:35:31.090 +07:00 [INF] HTTP GET /gio-hang responded 200 in 1.6353 ms
2026-05-19 00:35:31.098 +07:00 [INF] HTTP GET /hubs/chat responded 101 in 8191.4880 ms
2026-05-19 00:35:31.116 +07:00 [INF] HTTP GET /js/site.js responded 304 in 0.3928 ms
2026-05-19 00:35:31.281 +07:00 [INF] HTTP POST /hubs/chat/negotiate responded 200 in 0.3845 ms
2026-05-19 00:35:35.460 +07:00 [INF] HTTP GET / responded 200 in 30.7336 ms
2026-05-19 00:35:35.620 +07:00 [INF] HTTP GET /hubs/chat responded 101 in 4272.0971 ms
2026-05-19 00:35:35.631 +07:00 [INF] HTTP POST /hubs/chat/negotiate responded 200 in 0.2851 ms
2026-05-19 00:35:38.360 +07:00 [INF] HTTP GET /san-pham/may-tron-cam-fanto-1b-50l-9 responded 200 in 152.3645 ms
2026-05-19 00:35:38.554 +07:00 [INF] HTTP GET /hubs/chat responded 101 in 2815.8755 ms
2026-05-19 00:35:38.560 +07:00 [INF] HTTP POST /hubs/chat/negotiate responded 200 in 0.2813 ms
2026-05-19 00:35:41.581 +07:00 [INF] HTTP GET /gio-hang responded 200 in 0.7091 ms
2026-05-19 00:35:41.610 +07:00 [INF] HTTP GET /js/site.js responded 304 in 0.2095 ms
2026-05-19 00:35:41.726 +07:00 [INF] HTTP POST /hubs/chat/negotiate responded 200 in 0.3187 ms
2026-05-19 00:35:41.750 +07:00 [INF] HTTP GET /hubs/chat responded 101 in 3099.0976 ms
2026-05-19 00:35:42.660 +07:00 [INF] HTTP GET /san-pham/may-tron-cam-fanto-1b-50l-9 responded 200 in 25.9640 ms
2026-05-19 00:35:42.838 +07:00 [INF] HTTP GET /hubs/chat responded 101 in 1039.4817 ms
2026-05-19 00:35:42.843 +07:00 [INF] HTTP POST /hubs/chat/negotiate responded 200 in 0.2439 ms
2026-05-19 00:35:45.959 +07:00 [INF] HTTP GET /hubs/chat responded 101 in 3046.9752 ms
